python : C:\Users\USER\AppData\Local\Programs\Python\Python314\Lib\site-packages\sklearn\base.py:442: InconsistentVersionWarning: Trying to 
unpickle estimator StandardScaler from version 1.6.1 when using version 1.7.2. This might lead to breaking code or invalid results. Use at your 
own risk. For more info please refer to:
At line:1 char:143
+ ... rediction"; python test_model_loader.py > test_output.txt 2>&1; Get-C ...
+                 ~~~~~~~~~~~~~~~~~~~~~~~~~~~~~~~~~~~~~~~~~~~~~~~~~~
    + CategoryInfo          : NotSpecified: (C:\Users\USER\A...lease refer to::String) [], RemoteException
    + FullyQualifiedErrorId : NativeCommandError
 
https://scikit-learn.org/stable/model_persistence.html#security-maintainability-limitations
  warnings.warn(
C:\Users\USER\AppData\Local\Programs\Python\Python314\Lib\site-packages\sklearn\base.py:442: InconsistentVersionWarning: Trying to unpickle 
estimator LinearRegression from version 1.6.1 when using version 1.7.2. This might lead to breaking code or invalid results. Use at your own risk. 
For more info please refer to:
https://scikit-learn.org/stable/model_persistence.html#security-maintainability-limitations
  warnings.warn(
ΓÜá Models directory not found: ..\saved_models
No historical data provided. Lag and rolling features will be zero-filled.
C:\Users\USER\Documents\Air Quality Prediction and Health Impact Analysis project\air-quality-prediction\backend\utils\model_loader.py:511: 
PerformanceWarning: DataFrame is highly fragmented.  This is usually the result of calling `frame.insert` many times, which has poor performance.  
Consider joining all columns at once using pd.concat(axis=1) instead. To get a de-fragmented frame, use `newframe = frame.copy()`
  input_df[f'{col}_lag_{lag}'] = 0.0
C:\Users\USER\Documents\Air Quality Prediction and Health Impact Analysis project\air-quality-prediction\backend\utils\model_loader.py:511: 
PerformanceWarning: DataFrame is highly fragmented.  This is usually the result of calling `frame.insert` many times, which has poor performance.  
Consider joining all columns at once using pd.concat(axis=1) instead. To get a de-fragmented frame, use `newframe = frame.copy()`
  input_df[f'{col}_lag_{lag}'] = 0.0
C:\Users\USER\Documents\Air Quality Prediction and Health Impact Analysis project\air-quality-prediction\backend\utils\model_loader.py:511: 
PerformanceWarning: DataFrame is highly fragmented.  This is usually the result of calling `frame.insert` many times, which has poor performance.  
Consider joining all columns at once using pd.concat(axis=1) instead. To get a de-fragmented frame, use `newframe = frame.copy()`
  input_df[f'{col}_lag_{lag}'] = 0.0
C:\Users\USER\Documents\Air Quality Prediction and Health Impact Analysis project\air-quality-prediction\backend\utils\model_loader.py:511: 
PerformanceWarning: DataFrame is highly fragmented.  This is usually the result of calling `frame.insert` many times, which has poor performance.  
Consider joining all columns at once using pd.concat(axis=1) instead. To get a de-fragmented frame, use `newframe = frame.copy()`
  input_df[f'{col}_lag_{lag}'] = 0.0
C:\Users\USER\Documents\Air Quality Prediction and Health Impact Analysis project\air-quality-prediction\backend\utils\model_loader.py:511: 
PerformanceWarning: DataFrame is highly fragmented.  This is usually the result of calling `frame.insert` many times, which has poor performance.  
Consider joining all columns at once using pd.concat(axis=1) instead. To get a de-fragmented frame, use `newframe = frame.copy()`
  input_df[f'{col}_lag_{lag}'] = 0.0
C:\Users\USER\Documents\Air Quality Prediction and Health Impact Analysis project\air-quality-prediction\backend\utils\model_loader.py:513: 
PerformanceWarning: DataFrame is highly fragmented.  This is usually the result of calling `frame.insert` many times, which has poor performance.  
Consider joining all columns at once using pd.concat(axis=1) instead. To get a de-fragmented frame, use `newframe = frame.copy()`
  input_df[f'{col}_rolling_mean_{window}'] = 0.0
C:\Users\USER\Documents\Air Quality Prediction and Health Impact Analysis project\air-quality-prediction\backend\utils\model_loader.py:514: 
PerformanceWarning: DataFrame is highly fragmented.  This is usually the result of calling `frame.insert` many times, which has poor performance.  
Consider joining all columns at once using pd.concat(axis=1) instead. To get a de-fragmented frame, use `newframe = frame.copy()`
  input_df[f'{col}_rolling_std_{window}'] = 0.0
C:\Users\USER\Documents\Air Quality Prediction and Health Impact Analysis project\air-quality-prediction\backend\utils\model_loader.py:515: 
PerformanceWarning: DataFrame is highly fragmented.  This is usually the result of calling `frame.insert` many times, which has poor performance.  
Consider joining all columns at once using pd.concat(axis=1) instead. To get a de-fragmented frame, use `newframe = frame.copy()`
  input_df[f'{col}_rolling_max_{window}'] = 0.0
C:\Users\USER\Documents\Air Quality Prediction and Health Impact Analysis project\air-quality-prediction\backend\utils\model_loader.py:513: 
PerformanceWarning: DataFrame is highly fragmented.  This is usually the result of calling `frame.insert` many times, which has poor performance.  
Consider joining all columns at once using pd.concat(axis=1) instead. To get a de-fragmented frame, use `newframe = frame.copy()`
  input_df[f'{col}_rolling_mean_{window}'] = 0.0
C:\Users\USER\Documents\Air Quality Prediction and Health Impact Analysis project\air-quality-prediction\backend\utils\model_loader.py:514: 
PerformanceWarning: DataFrame is highly fragmented.  This is usually the result of calling `frame.insert` many times, which has poor performance.  
Consider joining all columns at once using pd.concat(axis=1) instead. To get a de-fragmented frame, use `newframe = frame.copy()`
  input_df[f'{col}_rolling_std_{window}'] = 0.0
C:\Users\USER\Documents\Air Quality Prediction and Health Impact Analysis project\air-quality-prediction\backend\utils\model_loader.py:515: 
PerformanceWarning: DataFrame is highly fragmented.  This is usually the result of calling `frame.insert` many times, which has poor performance.  
Consider joining all columns at once using pd.concat(axis=1) instead. To get a de-fragmented frame, use `newframe = frame.copy()`
  input_df[f'{col}_rolling_max_{window}'] = 0.0
C:\Users\USER\Documents\Air Quality Prediction and Health Impact Analysis project\air-quality-prediction\backend\utils\model_loader.py:513: 
PerformanceWarning: DataFrame is highly fragmented.  This is usually the result of calling `frame.insert` many times, which has poor performance.  
Consider joining all columns at once using pd.concat(axis=1) instead. To get a de-fragmented frame, use `newframe = frame.copy()`
  input_df[f'{col}_rolling_mean_{window}'] = 0.0
C:\Users\USER\Documents\Air Quality Prediction and Health Impact Analysis project\air-quality-prediction\backend\utils\model_loader.py:514: 
PerformanceWarning: DataFrame is highly fragmented.  This is usually the result of calling `frame.insert` many times, which has poor performance.  
Consider joining all columns at once using pd.concat(axis=1) instead. To get a de-fragmented frame, use `newframe = frame.copy()`
  input_df[f'{col}_rolling_std_{window}'] = 0.0
C:\Users\USER\Documents\Air Quality Prediction and Health Impact Analysis project\air-quality-prediction\backend\utils\model_loader.py:515: 
PerformanceWarning: DataFrame is highly fragmented.  This is usually the result of calling `frame.insert` many times, which has poor performance.  
Consider joining all columns at once using pd.concat(axis=1) instead. To get a de-fragmented frame, use `newframe = frame.copy()`
  input_df[f'{col}_rolling_max_{window}'] = 0.0
C:\Users\USER\Documents\Air Quality Prediction and Health Impact Analysis project\air-quality-prediction\backend\utils\model_loader.py:511: 
PerformanceWarning: DataFrame is highly fragmented.  This is usually the result of calling `frame.insert` many times, which has poor performance.  
Consider joining all columns at once using pd.concat(axis=1) instead. To get a de-fragmented frame, use `newframe = frame.copy()`
  input_df[f'{col}_lag_{lag}'] = 0.0
C:\Users\USER\Documents\Air Quality Prediction and Health Impact Analysis project\air-quality-prediction\backend\utils\model_loader.py:511: 
PerformanceWarning: DataFrame is highly fragmented.  This is usually the result of calling `frame.insert` many times, which has poor performance.  
Consider joining all columns at once using pd.concat(axis=1) instead. To get a de-fragmented frame, use `newframe = frame.copy()`
  input_df[f'{col}_lag_{lag}'] = 0.0
C:\Users\USER\Documents\Air Quality Prediction and Health Impact Analysis project\air-quality-prediction\backend\utils\model_loader.py:511: 
PerformanceWarning: DataFrame is highly fragmented.  This is usually the result of calling `frame.insert` many times, which has poor performance.  
Consider joining all columns at once using pd.concat(axis=1) instead. To get a de-fragmented frame, use `newframe = frame.copy()`
  input_df[f'{col}_lag_{lag}'] = 0.0
C:\Users\USER\Documents\Air Quality Prediction and Health Impact Analysis project\air-quality-prediction\backend\utils\model_loader.py:511: 
PerformanceWarning: DataFrame is highly fragmented.  This is usually the result of calling `frame.insert` many times, which has poor performance.  
Consider joining all columns at once using pd.concat(axis=1) instead. To get a de-fragmented frame, use `newframe = frame.copy()`
  input_df[f'{col}_lag_{lag}'] = 0.0
C:\Users\USER\Documents\Air Quality Prediction and Health Impact Analysis project\air-quality-prediction\backend\utils\model_loader.py:511: 
PerformanceWarning: DataFrame is highly fragmented.  This is usually the result of calling `frame.insert` many times, which has poor performance.  
Consider joining all columns at once using pd.concat(axis=1) instead. To get a de-fragmented frame, use `newframe = frame.copy()`
  input_df[f'{col}_lag_{lag}'] = 0.0
C:\Users\USER\Documents\Air Quality Prediction and Health Impact Analysis project\air-quality-prediction\backend\utils\model_loader.py:511: 
PerformanceWarning: DataFrame is highly fragmented.  This is usually the result of calling `frame.insert` many times, which has poor performance.  
Consider joining all columns at once using pd.concat(axis=1) instead. To get a de-fragmented frame, use `newframe = frame.copy()`
  input_df[f'{col}_lag_{lag}'] = 0.0
C:\Users\USER\Documents\Air Quality Prediction and Health Impact Analysis project\air-quality-prediction\backend\utils\model_loader.py:513: 
PerformanceWarning: DataFrame is highly fragmented.  This is usually the result of calling `frame.insert` many times, which has poor performance.  
Consider joining all columns at once using pd.concat(axis=1) instead. To get a de-fragmented frame, use `newframe = frame.copy()`
  input_df[f'{col}_rolling_mean_{window}'] = 0.0
C:\Users\USER\Documents\Air Quality Prediction and Health Impact Analysis project\air-quality-prediction\backend\utils\model_loader.py:514: 
PerformanceWarning: DataFrame is highly fragmented.  This is usually the result of calling `frame.insert` many times, which has poor performance.  
Consider joining all columns at once using pd.concat(axis=1) instead. To get a de-fragmented frame, use `newframe = frame.copy()`
  input_df[f'{col}_rolling_std_{window}'] = 0.0
C:\Users\USER\Documents\Air Quality Prediction and Health Impact Analysis project\air-quality-prediction\backend\utils\model_loader.py:515: 
PerformanceWarning: DataFrame is highly fragmented.  This is usually the result of calling `frame.insert` many times, which has poor performance.  
Consider joining all columns at once using pd.concat(axis=1) instead. To get a de-fragmented frame, use `newframe = frame.copy()`
  input_df[f'{col}_rolling_max_{window}'] = 0.0
C:\Users\USER\Documents\Air Quality Prediction and Health Impact Analysis project\air-quality-prediction\backend\utils\model_loader.py:513: 
PerformanceWarning: DataFrame is highly fragmented.  This is usually the result of calling `frame.insert` many times, which has poor performance.  
Consider joining all columns at once using pd.concat(axis=1) instead. To get a de-fragmented frame, use `newframe = frame.copy()`
  input_df[f'{col}_rolling_mean_{window}'] = 0.0
C:\Users\USER\Documents\Air Quality Prediction and Health Impact Analysis project\air-quality-prediction\backend\utils\model_loader.py:514: 
PerformanceWarning: DataFrame is highly fragmented.  This is usually the result of calling `frame.insert` many times, which has poor performance.  
Consider joining all columns at once using pd.concat(axis=1) instead. To get a de-fragmented frame, use `newframe = frame.copy()`
  input_df[f'{col}_rolling_std_{window}'] = 0.0
C:\Users\USER\Documents\Air Quality Prediction and Health Impact Analysis project\air-quality-prediction\backend\utils\model_loader.py:515: 
PerformanceWarning: DataFrame is highly fragmented.  This is usually the result of calling `frame.insert` many times, which has poor performance.  
Consider joining all columns at once using pd.concat(axis=1) instead. To get a de-fragmented frame, use `newframe = frame.copy()`
  input_df[f'{col}_rolling_max_{window}'] = 0.0
C:\Users\USER\Documents\Air Quality Prediction and Health Impact Analysis project\air-quality-prediction\backend\utils\model_loader.py:513: 
PerformanceWarning: DataFrame is highly fragmented.  This is usually the result of calling `frame.insert` many times, which has poor performance.  
Consider joining all columns at once using pd.concat(axis=1) instead. To get a de-fragmented frame, use `newframe = frame.copy()`
  input_df[f'{col}_rolling_mean_{window}'] = 0.0
C:\Users\USER\Documents\Air Quality Prediction and Health Impact Analysis project\air-quality-prediction\backend\utils\model_loader.py:514: 
PerformanceWarning: DataFrame is highly fragmented.  This is usually the result of calling `frame.insert` many times, which has poor performance.  
Consider joining all columns at once using pd.concat(axis=1) instead. To get a de-fragmented frame, use `newframe = frame.copy()`
  input_df[f'{col}_rolling_std_{window}'] = 0.0
C:\Users\USER\Documents\Air Quality Prediction and Health Impact Analysis project\air-quality-prediction\backend\utils\model_loader.py:515: 
PerformanceWarning: DataFrame is highly fragmented.  This is usually the result of calling `frame.insert` many times, which has poor performance.  
Consider joining all columns at once using pd.concat(axis=1) instead. To get a de-fragmented frame, use `newframe = frame.copy()`
  input_df[f'{col}_rolling_max_{window}'] = 0.0
C:\Users\USER\Documents\Air Quality Prediction and Health Impact Analysis project\air-quality-prediction\backend\utils\model_loader.py:511: 
PerformanceWarning: DataFrame is highly fragmented.  This is usually the result of calling `frame.insert` many times, which has poor performance.  
Consider joining all columns at once using pd.concat(axis=1) instead. To get a de-fragmented frame, use `newframe = frame.copy()`
  input_df[f'{col}_lag_{lag}'] = 0.0
C:\Users\USER\Documents\Air Quality Prediction and Health Impact Analysis project\air-quality-prediction\backend\utils\model_loader.py:511: 
PerformanceWarning: DataFrame is highly fragmented.  This is usually the result of calling `frame.insert` many times, which has poor performance.  
Consider joining all columns at once using pd.concat(axis=1) instead. To get a de-fragmented frame, use `newframe = frame.copy()`
  input_df[f'{col}_lag_{lag}'] = 0.0
C:\Users\USER\Documents\Air Quality Prediction and Health Impact Analysis project\air-quality-prediction\backend\utils\model_loader.py:511: 
PerformanceWarning: DataFrame is highly fragmented.  This is usually the result of calling `frame.insert` many times, which has poor performance.  
Consider joining all columns at once using pd.concat(axis=1) instead. To get a de-fragmented frame, use `newframe = frame.copy()`
  input_df[f'{col}_lag_{lag}'] = 0.0
C:\Users\USER\Documents\Air Quality Prediction and Health Impact Analysis project\air-quality-prediction\backend\utils\model_loader.py:511: 
PerformanceWarning: DataFrame is highly fragmented.  This is usually the result of calling `frame.insert` many times, which has poor performance.  
Consider joining all columns at once using pd.concat(axis=1) instead. To get a de-fragmented frame, use `newframe = frame.copy()`
  input_df[f'{col}_lag_{lag}'] = 0.0
C:\Users\USER\Documents\Air Quality Prediction and Health Impact Analysis project\air-quality-prediction\backend\utils\model_loader.py:511: 
PerformanceWarning: DataFrame is highly fragmented.  This is usually the result of calling `frame.insert` many times, which has poor performance.  
Consider joining all columns at once using pd.concat(axis=1) instead. To get a de-fragmented frame, use `newframe = frame.copy()`
  input_df[f'{col}_lag_{lag}'] = 0.0
C:\Users\USER\Documents\Air Quality Prediction and Health Impact Analysis project\air-quality-prediction\backend\utils\model_loader.py:511: 
PerformanceWarning: DataFrame is highly fragmented.  This is usually the result of calling `frame.insert` many times, which has poor performance.  
Consider joining all columns at once using pd.concat(axis=1) instead. To get a de-fragmented frame, use `newframe = frame.copy()`
  input_df[f'{col}_lag_{lag}'] = 0.0
C:\Users\USER\Documents\Air Quality Prediction and Health Impact Analysis project\air-quality-prediction\backend\utils\model_loader.py:513: 
PerformanceWarning: DataFrame is highly fragmented.  This is usually the result of calling `frame.insert` many times, which has poor performance.  
Consider joining all columns at once using pd.concat(axis=1) instead. To get a de-fragmented frame, use `newframe = frame.copy()`
  input_df[f'{col}_rolling_mean_{window}'] = 0.0
C:\Users\USER\Documents\Air Quality Prediction and Health Impact Analysis project\air-quality-prediction\backend\utils\model_loader.py:514: 
PerformanceWarning: DataFrame is highly fragmented.  This is usually the result of calling `frame.insert` many times, which has poor performance.  
Consider joining all columns at once using pd.concat(axis=1) instead. To get a de-fragmented frame, use `newframe = frame.copy()`
  input_df[f'{col}_rolling_std_{window}'] = 0.0
C:\Users\USER\Documents\Air Quality Prediction and Health Impact Analysis project\air-quality-prediction\backend\utils\model_loader.py:515: 
PerformanceWarning: DataFrame is highly fragmented.  This is usually the result of calling `frame.insert` many times, which has poor performance.  
Consider joining all columns at once using pd.concat(axis=1) instead. To get a de-fragmented frame, use `newframe = frame.copy()`
  input_df[f'{col}_rolling_max_{window}'] = 0.0
C:\Users\USER\Documents\Air Quality Prediction and Health Impact Analysis project\air-quality-prediction\backend\utils\model_loader.py:513: 
PerformanceWarning: DataFrame is highly fragmented.  This is usually the result of calling `frame.insert` many times, which has poor performance.  
Consider joining all columns at once using pd.concat(axis=1) instead. To get a de-fragmented frame, use `newframe = frame.copy()`
  input_df[f'{col}_rolling_mean_{window}'] = 0.0
C:\Users\USER\Documents\Air Quality Prediction and Health Impact Analysis project\air-quality-prediction\backend\utils\model_loader.py:514: 
PerformanceWarning: DataFrame is highly fragmented.  This is usually the result of calling `frame.insert` many times, which has poor performance.  
Consider joining all columns at once using pd.concat(axis=1) instead. To get a de-fragmented frame, use `newframe = frame.copy()`
  input_df[f'{col}_rolling_std_{window}'] = 0.0
C:\Users\USER\Documents\Air Quality Prediction and Health Impact Analysis project\air-quality-prediction\backend\utils\model_loader.py:515: 
PerformanceWarning: DataFrame is highly fragmented.  This is usually the result of calling `frame.insert` many times, which has poor performance.  
Consider joining all columns at once using pd.concat(axis=1) instead. To get a de-fragmented frame, use `newframe = frame.copy()`
  input_df[f'{col}_rolling_max_{window}'] = 0.0
C:\Users\USER\Documents\Air Quality Prediction and Health Impact Analysis project\air-quality-prediction\backend\utils\model_loader.py:513: 
PerformanceWarning: DataFrame is highly fragmented.  This is usually the result of calling `frame.insert` many times, which has poor performance.  
Consider joining all columns at once using pd.concat(axis=1) instead. To get a de-fragmented frame, use `newframe = frame.copy()`
  input_df[f'{col}_rolling_mean_{window}'] = 0.0
C:\Users\USER\Documents\Air Quality Prediction and Health Impact Analysis project\air-quality-prediction\backend\utils\model_loader.py:514: 
PerformanceWarning: DataFrame is highly fragmented.  This is usually the result of calling `frame.insert` many times, which has poor performance.  
Consider joining all columns at once using pd.concat(axis=1) instead. To get a de-fragmented frame, use `newframe = frame.copy()`
  input_df[f'{col}_rolling_std_{window}'] = 0.0
C:\Users\USER\Documents\Air Quality Prediction and Health Impact Analysis project\air-quality-prediction\backend\utils\model_loader.py:515: 
PerformanceWarning: DataFrame is highly fragmented.  This is usually the result of calling `frame.insert` many times, which has poor performance.  
Consider joining all columns at once using pd.concat(axis=1) instead. To get a de-fragmented frame, use `newframe = frame.copy()`
  input_df[f'{col}_rolling_max_{window}'] = 0.0
No historical data provided. Lag and rolling features will be zero-filled.
C:\Users\USER\Documents\Air Quality Prediction and Health Impact Analysis project\air-quality-prediction\backend\utils\model_loader.py:511: 
PerformanceWarning: DataFrame is highly fragmented.  This is usually the result of calling `frame.insert` many times, which has poor performance.  
Consider joining all columns at once using pd.concat(axis=1) instead. To get a de-fragmented frame, use `newframe = frame.copy()`
  input_df[f'{col}_lag_{lag}'] = 0.0
C:\Users\USER\Documents\Air Quality Prediction and Health Impact Analysis project\air-quality-prediction\backend\utils\model_loader.py:511: 
PerformanceWarning: DataFrame is highly fragmented.  This is usually the result of calling `frame.insert` many times, which has poor performance.  
Consider joining all columns at once using pd.concat(axis=1) instead. To get a de-fragmented frame, use `newframe = frame.copy()`
  input_df[f'{col}_lag_{lag}'] = 0.0
C:\Users\USER\Documents\Air Quality Prediction and Health Impact Analysis project\air-quality-prediction\backend\utils\model_loader.py:511: 
PerformanceWarning: DataFrame is highly fragmented.  This is usually the result of calling `frame.insert` many times, which has poor performance.  
Consider joining all columns at once using pd.concat(axis=1) instead. To get a de-fragmented frame, use `newframe = frame.copy()`
  input_df[f'{col}_lag_{lag}'] = 0.0
C:\Users\USER\Documents\Air Quality Prediction and Health Impact Analysis project\air-quality-prediction\backend\utils\model_loader.py:511: 
PerformanceWarning: DataFrame is highly fragmented.  This is usually the result of calling `frame.insert` many times, which has poor performance.  
Consider joining all columns at once using pd.concat(axis=1) instead. To get a de-fragmented frame, use `newframe = frame.copy()`
  input_df[f'{col}_lag_{lag}'] = 0.0
C:\Users\USER\Documents\Air Quality Prediction and Health Impact Analysis project\air-quality-prediction\backend\utils\model_loader.py:511: 
PerformanceWarning: DataFrame is highly fragmented.  This is usually the result of calling `frame.insert` many times, which has poor performance.  
Consider joining all columns at once using pd.concat(axis=1) instead. To get a de-fragmented frame, use `newframe = frame.copy()`
  input_df[f'{col}_lag_{lag}'] = 0.0
C:\Users\USER\Documents\Air Quality Prediction and Health Impact Analysis project\air-quality-prediction\backend\utils\model_loader.py:513: 
PerformanceWarning: DataFrame is highly fragmented.  This is usually the result of calling `frame.insert` many times, which has poor performance.  
Consider joining all columns at once using pd.concat(axis=1) instead. To get a de-fragmented frame, use `newframe = frame.copy()`
  input_df[f'{col}_rolling_mean_{window}'] = 0.0
C:\Users\USER\Documents\Air Quality Prediction and Health Impact Analysis project\air-quality-prediction\backend\utils\model_loader.py:514: 
PerformanceWarning: DataFrame is highly fragmented.  This is usually the result of calling `frame.insert` many times, which has poor performance.  
Consider joining all columns at once using pd.concat(axis=1) instead. To get a de-fragmented frame, use `newframe = frame.copy()`
  input_df[f'{col}_rolling_std_{window}'] = 0.0
C:\Users\USER\Documents\Air Quality Prediction and Health Impact Analysis project\air-quality-prediction\backend\utils\model_loader.py:515: 
PerformanceWarning: DataFrame is highly fragmented.  This is usually the result of calling `frame.insert` many times, which has poor performance.  
Consider joining all columns at once using pd.concat(axis=1) instead. To get a de-fragmented frame, use `newframe = frame.copy()`
  input_df[f'{col}_rolling_max_{window}'] = 0.0
C:\Users\USER\Documents\Air Quality Prediction and Health Impact Analysis project\air-quality-prediction\backend\utils\model_loader.py:513: 
PerformanceWarning: DataFrame is highly fragmented.  This is usually the result of calling `frame.insert` many times, which has poor performance.  
Consider joining all columns at once using pd.concat(axis=1) instead. To get a de-fragmented frame, use `newframe = frame.copy()`
  input_df[f'{col}_rolling_mean_{window}'] = 0.0
C:\Users\USER\Documents\Air Quality Prediction and Health Impact Analysis project\air-quality-prediction\backend\utils\model_loader.py:514: 
PerformanceWarning: DataFrame is highly fragmented.  This is usually the result of calling `frame.insert` many times, which has poor performance.  
Consider joining all columns at once using pd.concat(axis=1) instead. To get a de-fragmented frame, use `newframe = frame.copy()`
  input_df[f'{col}_rolling_std_{window}'] = 0.0
C:\Users\USER\Documents\Air Quality Prediction and Health Impact Analysis project\air-quality-prediction\backend\utils\model_loader.py:515: 
PerformanceWarning: DataFrame is highly fragmented.  This is usually the result of calling `frame.insert` many times, which has poor performance.  
Consider joining all columns at once using pd.concat(axis=1) instead. To get a de-fragmented frame, use `newframe = frame.copy()`
  input_df[f'{col}_rolling_max_{window}'] = 0.0
C:\Users\USER\Documents\Air Quality Prediction and Health Impact Analysis project\air-quality-prediction\backend\utils\model_loader.py:513: 
PerformanceWarning: DataFrame is highly fragmented.  This is usually the result of calling `frame.insert` many times, which has poor performance.  
Consider joining all columns at once using pd.concat(axis=1) instead. To get a de-fragmented frame, use `newframe = frame.copy()`
  input_df[f'{col}_rolling_mean_{window}'] = 0.0
C:\Users\USER\Documents\Air Quality Prediction and Health Impact Analysis project\air-quality-prediction\backend\utils\model_loader.py:514: 
PerformanceWarning: DataFrame is highly fragmented.  This is usually the result of calling `frame.insert` many times, which has poor performance.  
Consider joining all columns at once using pd.concat(axis=1) instead. To get a de-fragmented frame, use `newframe = frame.copy()`
  input_df[f'{col}_rolling_std_{window}'] = 0.0
C:\Users\USER\Documents\Air Quality Prediction and Health Impact Analysis project\air-quality-prediction\backend\utils\model_loader.py:515: 
PerformanceWarning: DataFrame is highly fragmented.  This is usually the result of calling `frame.insert` many times, which has poor performance.  
Consider joining all columns at once using pd.concat(axis=1) instead. To get a de-fragmented frame, use `newframe = frame.copy()`
  input_df[f'{col}_rolling_max_{window}'] = 0.0
C:\Users\USER\Documents\Air Quality Prediction and Health Impact Analysis project\air-quality-prediction\backend\utils\model_loader.py:511: 
PerformanceWarning: DataFrame is highly fragmented.  This is usually the result of calling `frame.insert` many times, which has poor performance.  
Consider joining all columns at once using pd.concat(axis=1) instead. To get a de-fragmented frame, use `newframe = frame.copy()`
  input_df[f'{col}_lag_{lag}'] = 0.0
C:\Users\USER\Documents\Air Quality Prediction and Health Impact Analysis project\air-quality-prediction\backend\utils\model_loader.py:511: 
PerformanceWarning: DataFrame is highly fragmented.  This is usually the result of calling `frame.insert` many times, which has poor performance.  
Consider joining all columns at once using pd.concat(axis=1) instead. To get a de-fragmented frame, use `newframe = frame.copy()`
  input_df[f'{col}_lag_{lag}'] = 0.0
C:\Users\USER\Documents\Air Quality Prediction and Health Impact Analysis project\air-quality-prediction\backend\utils\model_loader.py:511: 
PerformanceWarning: DataFrame is highly fragmented.  This is usually the result of calling `frame.insert` many times, which has poor performance.  
Consider joining all columns at once using pd.concat(axis=1) instead. To get a de-fragmented frame, use `newframe = frame.copy()`
  input_df[f'{col}_lag_{lag}'] = 0.0
C:\Users\USER\Documents\Air Quality Prediction and Health Impact Analysis project\air-quality-prediction\backend\utils\model_loader.py:511: 
PerformanceWarning: DataFrame is highly fragmented.  This is usually the result of calling `frame.insert` many times, which has poor performance.  
Consider joining all columns at once using pd.concat(axis=1) instead. To get a de-fragmented frame, use `newframe = frame.copy()`
  input_df[f'{col}_lag_{lag}'] = 0.0
C:\Users\USER\Documents\Air Quality Prediction and Health Impact Analysis project\air-quality-prediction\backend\utils\model_loader.py:511: 
PerformanceWarning: DataFrame is highly fragmented.  This is usually the result of calling `frame.insert` many times, which has poor performance.  
Consider joining all columns at once using pd.concat(axis=1) instead. To get a de-fragmented frame, use `newframe = frame.copy()`
  input_df[f'{col}_lag_{lag}'] = 0.0
C:\Users\USER\Documents\Air Quality Prediction and Health Impact Analysis project\air-quality-prediction\backend\utils\model_loader.py:511: 
PerformanceWarning: DataFrame is highly fragmented.  This is usually the result of calling `frame.insert` many times, which has poor performance.  
Consider joining all columns at once using pd.concat(axis=1) instead. To get a de-fragmented frame, use `newframe = frame.copy()`
  input_df[f'{col}_lag_{lag}'] = 0.0
C:\Users\USER\Documents\Air Quality Prediction and Health Impact Analysis project\air-quality-prediction\backend\utils\model_loader.py:513: 
PerformanceWarning: DataFrame is highly fragmented.  This is usually the result of calling `frame.insert` many times, which has poor performance.  
Consider joining all columns at once using pd.concat(axis=1) instead. To get a de-fragmented frame, use `newframe = frame.copy()`
  input_df[f'{col}_rolling_mean_{window}'] = 0.0
C:\Users\USER\Documents\Air Quality Prediction and Health Impact Analysis project\air-quality-prediction\backend\utils\model_loader.py:514: 
PerformanceWarning: DataFrame is highly fragmented.  This is usually the result of calling `frame.insert` many times, which has poor performance.  
Consider joining all columns at once using pd.concat(axis=1) instead. To get a de-fragmented frame, use `newframe = frame.copy()`
  input_df[f'{col}_rolling_std_{window}'] = 0.0
C:\Users\USER\Documents\Air Quality Prediction and Health Impact Analysis project\air-quality-prediction\backend\utils\model_loader.py:515: 
PerformanceWarning: DataFrame is highly fragmented.  This is usually the result of calling `frame.insert` many times, which has poor performance.  
Consider joining all columns at once using pd.concat(axis=1) instead. To get a de-fragmented frame, use `newframe = frame.copy()`
  input_df[f'{col}_rolling_max_{window}'] = 0.0
C:\Users\USER\Documents\Air Quality Prediction and Health Impact Analysis project\air-quality-prediction\backend\utils\model_loader.py:513: 
PerformanceWarning: DataFrame is highly fragmented.  This is usually the result of calling `frame.insert` many times, which has poor performance.  
Consider joining all columns at once using pd.concat(axis=1) instead. To get a de-fragmented frame, use `newframe = frame.copy()`
  input_df[f'{col}_rolling_mean_{window}'] = 0.0
C:\Users\USER\Documents\Air Quality Prediction and Health Impact Analysis project\air-quality-prediction\backend\utils\model_loader.py:514: 
PerformanceWarning: DataFrame is highly fragmented.  This is usually the result of calling `frame.insert` many times, which has poor performance.  
Consider joining all columns at once using pd.concat(axis=1) instead. To get a de-fragmented frame, use `newframe = frame.copy()`
  input_df[f'{col}_rolling_std_{window}'] = 0.0
C:\Users\USER\Documents\Air Quality Prediction and Health Impact Analysis project\air-quality-prediction\backend\utils\model_loader.py:515: 
PerformanceWarning: DataFrame is highly fragmented.  This is usually the result of calling `frame.insert` many times, which has poor performance.  
Consider joining all columns at once using pd.concat(axis=1) instead. To get a de-fragmented frame, use `newframe = frame.copy()`
  input_df[f'{col}_rolling_max_{window}'] = 0.0
C:\Users\USER\Documents\Air Quality Prediction and Health Impact Analysis project\air-quality-prediction\backend\utils\model_loader.py:513: 
PerformanceWarning: DataFrame is highly fragmented.  This is usually the result of calling `frame.insert` many times, which has poor performance.  
Consider joining all columns at once using pd.concat(axis=1) instead. To get a de-fragmented frame, use `newframe = frame.copy()`
  input_df[f'{col}_rolling_mean_{window}'] = 0.0
C:\Users\USER\Documents\Air Quality Prediction and Health Impact Analysis project\air-quality-prediction\backend\utils\model_loader.py:514: 
PerformanceWarning: DataFrame is highly fragmented.  This is usually the result of calling `frame.insert` many times, which has poor performance.  
Consider joining all columns at once using pd.concat(axis=1) instead. To get a de-fragmented frame, use `newframe = frame.copy()`
  input_df[f'{col}_rolling_std_{window}'] = 0.0
C:\Users\USER\Documents\Air Quality Prediction and Health Impact Analysis project\air-quality-prediction\backend\utils\model_loader.py:515: 
PerformanceWarning: DataFrame is highly fragmented.  This is usually the result of calling `frame.insert` many times, which has poor performance.  
Consider joining all columns at once using pd.concat(axis=1) instead. To get a de-fragmented frame, use `newframe = frame.copy()`
  input_df[f'{col}_rolling_max_{window}'] = 0.0
C:\Users\USER\Documents\Air Quality Prediction and Health Impact Analysis project\air-quality-prediction\backend\utils\model_loader.py:511: 
PerformanceWarning: DataFrame is highly fragmented.  This is usually the result of calling `frame.insert` many times, which has poor performance.  
Consider joining all columns at once using pd.concat(axis=1) instead. To get a de-fragmented frame, use `newframe = frame.copy()`
  input_df[f'{col}_lag_{lag}'] = 0.0
C:\Users\USER\Documents\Air Quality Prediction and Health Impact Analysis project\air-quality-prediction\backend\utils\model_loader.py:511: 
PerformanceWarning: DataFrame is highly fragmented.  This is usually the result of calling `frame.insert` many times, which has poor performance.  
Consider joining all columns at once using pd.concat(axis=1) instead. To get a de-fragmented frame, use `newframe = frame.copy()`
  input_df[f'{col}_lag_{lag}'] = 0.0
C:\Users\USER\Documents\Air Quality Prediction and Health Impact Analysis project\air-quality-prediction\backend\utils\model_loader.py:511: 
PerformanceWarning: DataFrame is highly fragmented.  This is usually the result of calling `frame.insert` many times, which has poor performance.  
Consider joining all columns at once using pd.concat(axis=1) instead. To get a de-fragmented frame, use `newframe = frame.copy()`
  input_df[f'{col}_lag_{lag}'] = 0.0
C:\Users\USER\Documents\Air Quality Prediction and Health Impact Analysis project\air-quality-prediction\backend\utils\model_loader.py:511: 
PerformanceWarning: DataFrame is highly fragmented.  This is usually the result of calling `frame.insert` many times, which has poor performance.  
Consider joining all columns at once using pd.concat(axis=1) instead. To get a de-fragmented frame, use `newframe = frame.copy()`
  input_df[f'{col}_lag_{lag}'] = 0.0
C:\Users\USER\Documents\Air Quality Prediction and Health Impact Analysis project\air-quality-prediction\backend\utils\model_loader.py:511: 
PerformanceWarning: DataFrame is highly fragmented.  This is usually the result of calling `frame.insert` many times, which has poor performance.  
Consider joining all columns at once using pd.concat(axis=1) instead. To get a de-fragmented frame, use `newframe = frame.copy()`
  input_df[f'{col}_lag_{lag}'] = 0.0
C:\Users\USER\Documents\Air Quality Prediction and Health Impact Analysis project\air-quality-prediction\backend\utils\model_loader.py:511: 
PerformanceWarning: DataFrame is highly fragmented.  This is usually the result of calling `frame.insert` many times, which has poor performance.  
Consider joining all columns at once using pd.concat(axis=1) instead. To get a de-fragmented frame, use `newframe = frame.copy()`
  input_df[f'{col}_lag_{lag}'] = 0.0
C:\Users\USER\Documents\Air Quality Prediction and Health Impact Analysis project\air-quality-prediction\backend\utils\model_loader.py:513: 
PerformanceWarning: DataFrame is highly fragmented.  This is usually the result of calling `frame.insert` many times, which has poor performance.  
Consider joining all columns at once using pd.concat(axis=1) instead. To get a de-fragmented frame, use `newframe = frame.copy()`
  input_df[f'{col}_rolling_mean_{window}'] = 0.0
C:\Users\USER\Documents\Air Quality Prediction and Health Impact Analysis project\air-quality-prediction\backend\utils\model_loader.py:514: 
PerformanceWarning: DataFrame is highly fragmented.  This is usually the result of calling `frame.insert` many times, which has poor performance.  
Consider joining all columns at once using pd.concat(axis=1) instead. To get a de-fragmented frame, use `newframe = frame.copy()`
  input_df[f'{col}_rolling_std_{window}'] = 0.0
C:\Users\USER\Documents\Air Quality Prediction and Health Impact Analysis project\air-quality-prediction\backend\utils\model_loader.py:515: 
PerformanceWarning: DataFrame is highly fragmented.  This is usually the result of calling `frame.insert` many times, which has poor performance.  
Consider joining all columns at once using pd.concat(axis=1) instead. To get a de-fragmented frame, use `newframe = frame.copy()`
  input_df[f'{col}_rolling_max_{window}'] = 0.0
C:\Users\USER\Documents\Air Quality Prediction and Health Impact Analysis project\air-quality-prediction\backend\utils\model_loader.py:513: 
PerformanceWarning: DataFrame is highly fragmented.  This is usually the result of calling `frame.insert` many times, which has poor performance.  
Consider joining all columns at once using pd.concat(axis=1) instead. To get a de-fragmented frame, use `newframe = frame.copy()`
  input_df[f'{col}_rolling_mean_{window}'] = 0.0
C:\Users\USER\Documents\Air Quality Prediction and Health Impact Analysis project\air-quality-prediction\backend\utils\model_loader.py:514: 
PerformanceWarning: DataFrame is highly fragmented.  This is usually the result of calling `frame.insert` many times, which has poor performance.  
Consider joining all columns at once using pd.concat(axis=1) instead. To get a de-fragmented frame, use `newframe = frame.copy()`
  input_df[f'{col}_rolling_std_{window}'] = 0.0
C:\Users\USER\Documents\Air Quality Prediction and Health Impact Analysis project\air-quality-prediction\backend\utils\model_loader.py:515: 
PerformanceWarning: DataFrame is highly fragmented.  This is usually the result of calling `frame.insert` many times, which has poor performance.  
Consider joining all columns at once using pd.concat(axis=1) instead. To get a de-fragmented frame, use `newframe = frame.copy()`
  input_df[f'{col}_rolling_max_{window}'] = 0.0
C:\Users\USER\Documents\Air Quality Prediction and Health Impact Analysis project\air-quality-prediction\backend\utils\model_loader.py:513: 
PerformanceWarning: DataFrame is highly fragmented.  This is usually the result of calling `frame.insert` many times, which has poor performance.  
Consider joining all columns at once using pd.concat(axis=1) instead. To get a de-fragmented frame, use `newframe = frame.copy()`
  input_df[f'{col}_rolling_mean_{window}'] = 0.0
C:\Users\USER\Documents\Air Quality Prediction and Health Impact Analysis project\air-quality-prediction\backend\utils\model_loader.py:514: 
PerformanceWarning: DataFrame is highly fragmented.  This is usually the result of calling `frame.insert` many times, which has poor performance.  
Consider joining all columns at once using pd.concat(axis=1) instead. To get a de-fragmented frame, use `newframe = frame.copy()`
  input_df[f'{col}_rolling_std_{window}'] = 0.0
C:\Users\USER\Documents\Air Quality Prediction and Health Impact Analysis project\air-quality-prediction\backend\utils\model_loader.py:515: 
PerformanceWarning: DataFrame is highly fragmented.  This is usually the result of calling `frame.insert` many times, which has poor performance.  
Consider joining all columns at once using pd.concat(axis=1) instead. To get a de-fragmented frame, use `newframe = frame.copy()`
  input_df[f'{col}_rolling_max_{window}'] = 0.0
No historical data provided. Lag and rolling features will be zero-filled.
C:\Users\USER\Documents\Air Quality Prediction and Health Impact Analysis project\air-quality-prediction\backend\utils\model_loader.py:511: 
PerformanceWarning: DataFrame is highly fragmented.  This is usually the result of calling `frame.insert` many times, which has poor performance.  
Consider joining all columns at once using pd.concat(axis=1) instead. To get a de-fragmented frame, use `newframe = frame.copy()`
  input_df[f'{col}_lag_{lag}'] = 0.0
C:\Users\USER\Documents\Air Quality Prediction and Health Impact Analysis project\air-quality-prediction\backend\utils\model_loader.py:511: 
PerformanceWarning: DataFrame is highly fragmented.  This is usually the result of calling `frame.insert` many times, which has poor performance.  
Consider joining all columns at once using pd.concat(axis=1) instead. To get a de-fragmented frame, use `newframe = frame.copy()`
  input_df[f'{col}_lag_{lag}'] = 0.0
C:\Users\USER\Documents\Air Quality Prediction and Health Impact Analysis project\air-quality-prediction\backend\utils\model_loader.py:511: 
PerformanceWarning: DataFrame is highly fragmented.  This is usually the result of calling `frame.insert` many times, which has poor performance.  
Consider joining all columns at once using pd.concat(axis=1) instead. To get a de-fragmented frame, use `newframe = frame.copy()`
  input_df[f'{col}_lag_{lag}'] = 0.0
C:\Users\USER\Documents\Air Quality Prediction and Health Impact Analysis project\air-quality-prediction\backend\utils\model_loader.py:511: 
PerformanceWarning: DataFrame is highly fragmented.  This is usually the result of calling `frame.insert` many times, which has poor performance.  
Consider joining all columns at once using pd.concat(axis=1) instead. To get a de-fragmented frame, use `newframe = frame.copy()`
  input_df[f'{col}_lag_{lag}'] = 0.0
C:\Users\USER\Documents\Air Quality Prediction and Health Impact Analysis project\air-quality-prediction\backend\utils\model_loader.py:511: 
PerformanceWarning: DataFrame is highly fragmented.  This is usually the result of calling `frame.insert` many times, which has poor performance.  
Consider joining all columns at once using pd.concat(axis=1) instead. To get a de-fragmented frame, use `newframe = frame.copy()`
  input_df[f'{col}_lag_{lag}'] = 0.0
C:\Users\USER\Documents\Air Quality Prediction and Health Impact Analysis project\air-quality-prediction\backend\utils\model_loader.py:513: 
PerformanceWarning: DataFrame is highly fragmented.  This is usually the result of calling `frame.insert` many times, which has poor performance.  
Consider joining all columns at once using pd.concat(axis=1) instead. To get a de-fragmented frame, use `newframe = frame.copy()`
  input_df[f'{col}_rolling_mean_{window}'] = 0.0
C:\Users\USER\Documents\Air Quality Prediction and Health Impact Analysis project\air-quality-prediction\backend\utils\model_loader.py:514: 
PerformanceWarning: DataFrame is highly fragmented.  This is usually the result of calling `frame.insert` many times, which has poor performance.  
Consider joining all columns at once using pd.concat(axis=1) instead. To get a de-fragmented frame, use `newframe = frame.copy()`
  input_df[f'{col}_rolling_std_{window}'] = 0.0
C:\Users\USER\Documents\Air Quality Prediction and Health Impact Analysis project\air-quality-prediction\backend\utils\model_loader.py:515: 
PerformanceWarning: DataFrame is highly fragmented.  This is usually the result of calling `frame.insert` many times, which has poor performance.  
Consider joining all columns at once using pd.concat(axis=1) instead. To get a de-fragmented frame, use `newframe = frame.copy()`
  input_df[f'{col}_rolling_max_{window}'] = 0.0
C:\Users\USER\Documents\Air Quality Prediction and Health Impact Analysis project\air-quality-prediction\backend\utils\model_loader.py:513: 
PerformanceWarning: DataFrame is highly fragmented.  This is usually the result of calling `frame.insert` many times, which has poor performance.  
Consider joining all columns at once using pd.concat(axis=1) instead. To get a de-fragmented frame, use `newframe = frame.copy()`
  input_df[f'{col}_rolling_mean_{window}'] = 0.0
C:\Users\USER\Documents\Air Quality Prediction and Health Impact Analysis project\air-quality-prediction\backend\utils\model_loader.py:514: 
PerformanceWarning: DataFrame is highly fragmented.  This is usually the result of calling `frame.insert` many times, which has poor performance.  
Consider joining all columns at once using pd.concat(axis=1) instead. To get a de-fragmented frame, use `newframe = frame.copy()`
  input_df[f'{col}_rolling_std_{window}'] = 0.0
C:\Users\USER\Documents\Air Quality Prediction and Health Impact Analysis project\air-quality-prediction\backend\utils\model_loader.py:515: 
PerformanceWarning: DataFrame is highly fragmented.  This is usually the result of calling `frame.insert` many times, which has poor performance.  
Consider joining all columns at once using pd.concat(axis=1) instead. To get a de-fragmented frame, use `newframe = frame.copy()`
  input_df[f'{col}_rolling_max_{window}'] = 0.0
C:\Users\USER\Documents\Air Quality Prediction and Health Impact Analysis project\air-quality-prediction\backend\utils\model_loader.py:513: 
PerformanceWarning: DataFrame is highly fragmented.  This is usually the result of calling `frame.insert` many times, which has poor performance.  
Consider joining all columns at once using pd.concat(axis=1) instead. To get a de-fragmented frame, use `newframe = frame.copy()`
  input_df[f'{col}_rolling_mean_{window}'] = 0.0
C:\Users\USER\Documents\Air Quality Prediction and Health Impact Analysis project\air-quality-prediction\backend\utils\model_loader.py:514: 
PerformanceWarning: DataFrame is highly fragmented.  This is usually the result of calling `frame.insert` many times, which has poor performance.  
Consider joining all columns at once using pd.concat(axis=1) instead. To get a de-fragmented frame, use `newframe = frame.copy()`
  input_df[f'{col}_rolling_std_{window}'] = 0.0
C:\Users\USER\Documents\Air Quality Prediction and Health Impact Analysis project\air-quality-prediction\backend\utils\model_loader.py:515: 
PerformanceWarning: DataFrame is highly fragmented.  This is usually the result of calling `frame.insert` many times, which has poor performance.  
Consider joining all columns at once using pd.concat(axis=1) instead. To get a de-fragmented frame, use `newframe = frame.copy()`
  input_df[f'{col}_rolling_max_{window}'] = 0.0
C:\Users\USER\Documents\Air Quality Prediction and Health Impact Analysis project\air-quality-prediction\backend\utils\model_loader.py:511: 
PerformanceWarning: DataFrame is highly fragmented.  This is usually the result of calling `frame.insert` many times, which has poor performance.  
Consider joining all columns at once using pd.concat(axis=1) instead. To get a de-fragmented frame, use `newframe = frame.copy()`
  input_df[f'{col}_lag_{lag}'] = 0.0
C:\Users\USER\Documents\Air Quality Prediction and Health Impact Analysis project\air-quality-prediction\backend\utils\model_loader.py:511: 
PerformanceWarning: DataFrame is highly fragmented.  This is usually the result of calling `frame.insert` many times, which has poor performance.  
Consider joining all columns at once using pd.concat(axis=1) instead. To get a de-fragmented frame, use `newframe = frame.copy()`
  input_df[f'{col}_lag_{lag}'] = 0.0
C:\Users\USER\Documents\Air Quality Prediction and Health Impact Analysis project\air-quality-prediction\backend\utils\model_loader.py:511: 
PerformanceWarning: DataFrame is highly fragmented.  This is usually the result of calling `frame.insert` many times, which has poor performance.  
Consider joining all columns at once using pd.concat(axis=1) instead. To get a de-fragmented frame, use `newframe = frame.copy()`
  input_df[f'{col}_lag_{lag}'] = 0.0
C:\Users\USER\Documents\Air Quality Prediction and Health Impact Analysis project\air-quality-prediction\backend\utils\model_loader.py:511: 
PerformanceWarning: DataFrame is highly fragmented.  This is usually the result of calling `frame.insert` many times, which has poor performance.  
Consider joining all columns at once using pd.concat(axis=1) instead. To get a de-fragmented frame, use `newframe = frame.copy()`
  input_df[f'{col}_lag_{lag}'] = 0.0
C:\Users\USER\Documents\Air Quality Prediction and Health Impact Analysis project\air-quality-prediction\backend\utils\model_loader.py:511: 
PerformanceWarning: DataFrame is highly fragmented.  This is usually the result of calling `frame.insert` many times, which has poor performance.  
Consider joining all columns at once using pd.concat(axis=1) instead. To get a de-fragmented frame, use `newframe = frame.copy()`
  input_df[f'{col}_lag_{lag}'] = 0.0
C:\Users\USER\Documents\Air Quality Prediction and Health Impact Analysis project\air-quality-prediction\backend\utils\model_loader.py:511: 
PerformanceWarning: DataFrame is highly fragmented.  This is usually the result of calling `frame.insert` many times, which has poor performance.  
Consider joining all columns at once using pd.concat(axis=1) instead. To get a de-fragmented frame, use `newframe = frame.copy()`
  input_df[f'{col}_lag_{lag}'] = 0.0
C:\Users\USER\Documents\Air Quality Prediction and Health Impact Analysis project\air-quality-prediction\backend\utils\model_loader.py:513: 
PerformanceWarning: DataFrame is highly fragmented.  This is usually the result of calling `frame.insert` many times, which has poor performance.  
Consider joining all columns at once using pd.concat(axis=1) instead. To get a de-fragmented frame, use `newframe = frame.copy()`
  input_df[f'{col}_rolling_mean_{window}'] = 0.0
C:\Users\USER\Documents\Air Quality Prediction and Health Impact Analysis project\air-quality-prediction\backend\utils\model_loader.py:514: 
PerformanceWarning: DataFrame is highly fragmented.  This is usually the result of calling `frame.insert` many times, which has poor performance.  
Consider joining all columns at once using pd.concat(axis=1) instead. To get a de-fragmented frame, use `newframe = frame.copy()`
  input_df[f'{col}_rolling_std_{window}'] = 0.0
C:\Users\USER\Documents\Air Quality Prediction and Health Impact Analysis project\air-quality-prediction\backend\utils\model_loader.py:515: 
PerformanceWarning: DataFrame is highly fragmented.  This is usually the result of calling `frame.insert` many times, which has poor performance.  
Consider joining all columns at once using pd.concat(axis=1) instead. To get a de-fragmented frame, use `newframe = frame.copy()`
  input_df[f'{col}_rolling_max_{window}'] = 0.0
C:\Users\USER\Documents\Air Quality Prediction and Health Impact Analysis project\air-quality-prediction\backend\utils\model_loader.py:513: 
PerformanceWarning: DataFrame is highly fragmented.  This is usually the result of calling `frame.insert` many times, which has poor performance.  
Consider joining all columns at once using pd.concat(axis=1) instead. To get a de-fragmented frame, use `newframe = frame.copy()`
  input_df[f'{col}_rolling_mean_{window}'] = 0.0
C:\Users\USER\Documents\Air Quality Prediction and Health Impact Analysis project\air-quality-prediction\backend\utils\model_loader.py:514: 
PerformanceWarning: DataFrame is highly fragmented.  This is usually the result of calling `frame.insert` many times, which has poor performance.  
Consider joining all columns at once using pd.concat(axis=1) instead. To get a de-fragmented frame, use `newframe = frame.copy()`
  input_df[f'{col}_rolling_std_{window}'] = 0.0
C:\Users\USER\Documents\Air Quality Prediction and Health Impact Analysis project\air-quality-prediction\backend\utils\model_loader.py:515: 
PerformanceWarning: DataFrame is highly fragmented.  This is usually the result of calling `frame.insert` many times, which has poor performance.  
Consider joining all columns at once using pd.concat(axis=1) instead. To get a de-fragmented frame, use `newframe = frame.copy()`
  input_df[f'{col}_rolling_max_{window}'] = 0.0
C:\Users\USER\Documents\Air Quality Prediction and Health Impact Analysis project\air-quality-prediction\backend\utils\model_loader.py:513: 
PerformanceWarning: DataFrame is highly fragmented.  This is usually the result of calling `frame.insert` many times, which has poor performance.  
Consider joining all columns at once using pd.concat(axis=1) instead. To get a de-fragmented frame, use `newframe = frame.copy()`
  input_df[f'{col}_rolling_mean_{window}'] = 0.0
C:\Users\USER\Documents\Air Quality Prediction and Health Impact Analysis project\air-quality-prediction\backend\utils\model_loader.py:514: 
PerformanceWarning: DataFrame is highly fragmented.  This is usually the result of calling `frame.insert` many times, which has poor performance.  
Consider joining all columns at once using pd.concat(axis=1) instead. To get a de-fragmented frame, use `newframe = frame.copy()`
  input_df[f'{col}_rolling_std_{window}'] = 0.0
C:\Users\USER\Documents\Air Quality Prediction and Health Impact Analysis project\air-quality-prediction\backend\utils\model_loader.py:515: 
PerformanceWarning: DataFrame is highly fragmented.  This is usually the result of calling `frame.insert` many times, which has poor performance.  
Consider joining all columns at once using pd.concat(axis=1) instead. To get a de-fragmented frame, use `newframe = frame.copy()`
  input_df[f'{col}_rolling_max_{window}'] = 0.0
C:\Users\USER\Documents\Air Quality Prediction and Health Impact Analysis project\air-quality-prediction\backend\utils\model_loader.py:511: 
PerformanceWarning: DataFrame is highly fragmented.  This is usually the result of calling `frame.insert` many times, which has poor performance.  
Consider joining all columns at once using pd.concat(axis=1) instead. To get a de-fragmented frame, use `newframe = frame.copy()`
  input_df[f'{col}_lag_{lag}'] = 0.0
C:\Users\USER\Documents\Air Quality Prediction and Health Impact Analysis project\air-quality-prediction\backend\utils\model_loader.py:511: 
PerformanceWarning: DataFrame is highly fragmented.  This is usually the result of calling `frame.insert` many times, which has poor performance.  
Consider joining all columns at once using pd.concat(axis=1) instead. To get a de-fragmented frame, use `newframe = frame.copy()`
  input_df[f'{col}_lag_{lag}'] = 0.0
C:\Users\USER\Documents\Air Quality Prediction and Health Impact Analysis project\air-quality-prediction\backend\utils\model_loader.py:511: 
PerformanceWarning: DataFrame is highly fragmented.  This is usually the result of calling `frame.insert` many times, which has poor performance.  
Consider joining all columns at once using pd.concat(axis=1) instead. To get a de-fragmented frame, use `newframe = frame.copy()`
  input_df[f'{col}_lag_{lag}'] = 0.0
C:\Users\USER\Documents\Air Quality Prediction and Health Impact Analysis project\air-quality-prediction\backend\utils\model_loader.py:511: 
PerformanceWarning: DataFrame is highly fragmented.  This is usually the result of calling `frame.insert` many times, which has poor performance.  
Consider joining all columns at once using pd.concat(axis=1) instead. To get a de-fragmented frame, use `newframe = frame.copy()`
  input_df[f'{col}_lag_{lag}'] = 0.0
C:\Users\USER\Documents\Air Quality Prediction and Health Impact Analysis project\air-quality-prediction\backend\utils\model_loader.py:511: 
PerformanceWarning: DataFrame is highly fragmented.  This is usually the result of calling `frame.insert` many times, which has poor performance.  
Consider joining all columns at once using pd.concat(axis=1) instead. To get a de-fragmented frame, use `newframe = frame.copy()`
  input_df[f'{col}_lag_{lag}'] = 0.0
C:\Users\USER\Documents\Air Quality Prediction and Health Impact Analysis project\air-quality-prediction\backend\utils\model_loader.py:511: 
PerformanceWarning: DataFrame is highly fragmented.  This is usually the result of calling `frame.insert` many times, which has poor performance.  
Consider joining all columns at once using pd.concat(axis=1) instead. To get a de-fragmented frame, use `newframe = frame.copy()`
  input_df[f'{col}_lag_{lag}'] = 0.0
C:\Users\USER\Documents\Air Quality Prediction and Health Impact Analysis project\air-quality-prediction\backend\utils\model_loader.py:513: 
PerformanceWarning: DataFrame is highly fragmented.  This is usually the result of calling `frame.insert` many times, which has poor performance.  
Consider joining all columns at once using pd.concat(axis=1) instead. To get a de-fragmented frame, use `newframe = frame.copy()`
  input_df[f'{col}_rolling_mean_{window}'] = 0.0
C:\Users\USER\Documents\Air Quality Prediction and Health Impact Analysis project\air-quality-prediction\backend\utils\model_loader.py:514: 
PerformanceWarning: DataFrame is highly fragmented.  This is usually the result of calling `frame.insert` many times, which has poor performance.  
Consider joining all columns at once using pd.concat(axis=1) instead. To get a de-fragmented frame, use `newframe = frame.copy()`
  input_df[f'{col}_rolling_std_{window}'] = 0.0
C:\Users\USER\Documents\Air Quality Prediction and Health Impact Analysis project\air-quality-prediction\backend\utils\model_loader.py:515: 
PerformanceWarning: DataFrame is highly fragmented.  This is usually the result of calling `frame.insert` many times, which has poor performance.  
Consider joining all columns at once using pd.concat(axis=1) instead. To get a de-fragmented frame, use `newframe = frame.copy()`
  input_df[f'{col}_rolling_max_{window}'] = 0.0
C:\Users\USER\Documents\Air Quality Prediction and Health Impact Analysis project\air-quality-prediction\backend\utils\model_loader.py:513: 
PerformanceWarning: DataFrame is highly fragmented.  This is usually the result of calling `frame.insert` many times, which has poor performance.  
Consider joining all columns at once using pd.concat(axis=1) instead. To get a de-fragmented frame, use `newframe = frame.copy()`
  input_df[f'{col}_rolling_mean_{window}'] = 0.0
C:\Users\USER\Documents\Air Quality Prediction and Health Impact Analysis project\air-quality-prediction\backend\utils\model_loader.py:514: 
PerformanceWarning: DataFrame is highly fragmented.  This is usually the result of calling `frame.insert` many times, which has poor performance.  
Consider joining all columns at once using pd.concat(axis=1) instead. To get a de-fragmented frame, use `newframe = frame.copy()`
  input_df[f'{col}_rolling_std_{window}'] = 0.0
C:\Users\USER\Documents\Air Quality Prediction and Health Impact Analysis project\air-quality-prediction\backend\utils\model_loader.py:515: 
PerformanceWarning: DataFrame is highly fragmented.  This is usually the result of calling `frame.insert` many times, which has poor performance.  
Consider joining all columns at once using pd.concat(axis=1) instead. To get a de-fragmented frame, use `newframe = frame.copy()`
  input_df[f'{col}_rolling_max_{window}'] = 0.0
C:\Users\USER\Documents\Air Quality Prediction and Health Impact Analysis project\air-quality-prediction\backend\utils\model_loader.py:513: 
PerformanceWarning: DataFrame is highly fragmented.  This is usually the result of calling `frame.insert` many times, which has poor performance.  
Consider joining all columns at once using pd.concat(axis=1) instead. To get a de-fragmented frame, use `newframe = frame.copy()`
  input_df[f'{col}_rolling_mean_{window}'] = 0.0
C:\Users\USER\Documents\Air Quality Prediction and Health Impact Analysis project\air-quality-prediction\backend\utils\model_loader.py:514: 
PerformanceWarning: DataFrame is highly fragmented.  This is usually the result of calling `frame.insert` many times, which has poor performance.  
Consider joining all columns at once using pd.concat(axis=1) instead. To get a de-fragmented frame, use `newframe = frame.copy()`
  input_df[f'{col}_rolling_std_{window}'] = 0.0
C:\Users\USER\Documents\Air Quality Prediction and Health Impact Analysis project\air-quality-prediction\backend\utils\model_loader.py:515: 
PerformanceWarning: DataFrame is highly fragmented.  This is usually the result of calling `frame.insert` many times, which has poor performance.  
Consider joining all columns at once using pd.concat(axis=1) instead. To get a de-fragmented frame, use `newframe = frame.copy()`
  input_df[f'{col}_rolling_max_{window}'] = 0.0
No historical data provided. Lag and rolling features will be zero-filled.
C:\Users\USER\Documents\Air Quality Prediction and Health Impact Analysis project\air-quality-prediction\backend\utils\model_loader.py:511: 
PerformanceWarning: DataFrame is highly fragmented.  This is usually the result of calling `frame.insert` many times, which has poor performance.  
Consider joining all columns at once using pd.concat(axis=1) instead. To get a de-fragmented frame, use `newframe = frame.copy()`
  input_df[f'{col}_lag_{lag}'] = 0.0
C:\Users\USER\Documents\Air Quality Prediction and Health Impact Analysis project\air-quality-prediction\backend\utils\model_loader.py:511: 
PerformanceWarning: DataFrame is highly fragmented.  This is usually the result of calling `frame.insert` many times, which has poor performance.  
Consider joining all columns at once using pd.concat(axis=1) instead. To get a de-fragmented frame, use `newframe = frame.copy()`
  input_df[f'{col}_lag_{lag}'] = 0.0
C:\Users\USER\Documents\Air Quality Prediction and Health Impact Analysis project\air-quality-prediction\backend\utils\model_loader.py:511: 
PerformanceWarning: DataFrame is highly fragmented.  This is usually the result of calling `frame.insert` many times, which has poor performance.  
Consider joining all columns at once using pd.concat(axis=1) instead. To get a de-fragmented frame, use `newframe = frame.copy()`
  input_df[f'{col}_lag_{lag}'] = 0.0
C:\Users\USER\Documents\Air Quality Prediction and Health Impact Analysis project\air-quality-prediction\backend\utils\model_loader.py:511: 
PerformanceWarning: DataFrame is highly fragmented.  This is usually the result of calling `frame.insert` many times, which has poor performance.  
Consider joining all columns at once using pd.concat(axis=1) instead. To get a de-fragmented frame, use `newframe = frame.copy()`
  input_df[f'{col}_lag_{lag}'] = 0.0
C:\Users\USER\Documents\Air Quality Prediction and Health Impact Analysis project\air-quality-prediction\backend\utils\model_loader.py:511: 
PerformanceWarning: DataFrame is highly fragmented.  This is usually the result of calling `frame.insert` many times, which has poor performance.  
Consider joining all columns at once using pd.concat(axis=1) instead. To get a de-fragmented frame, use `newframe = frame.copy()`
  input_df[f'{col}_lag_{lag}'] = 0.0
C:\Users\USER\Documents\Air Quality Prediction and Health Impact Analysis project\air-quality-prediction\backend\utils\model_loader.py:513: 
PerformanceWarning: DataFrame is highly fragmented.  This is usually the result of calling `frame.insert` many times, which has poor performance.  
Consider joining all columns at once using pd.concat(axis=1) instead. To get a de-fragmented frame, use `newframe = frame.copy()`
  input_df[f'{col}_rolling_mean_{window}'] = 0.0
C:\Users\USER\Documents\Air Quality Prediction and Health Impact Analysis project\air-quality-prediction\backend\utils\model_loader.py:514: 
PerformanceWarning: DataFrame is highly fragmented.  This is usually the result of calling `frame.insert` many times, which has poor performance.  
Consider joining all columns at once using pd.concat(axis=1) instead. To get a de-fragmented frame, use `newframe = frame.copy()`
  input_df[f'{col}_rolling_std_{window}'] = 0.0
C:\Users\USER\Documents\Air Quality Prediction and Health Impact Analysis project\air-quality-prediction\backend\utils\model_loader.py:515: 
PerformanceWarning: DataFrame is highly fragmented.  This is usually the result of calling `frame.insert` many times, which has poor performance.  
Consider joining all columns at once using pd.concat(axis=1) instead. To get a de-fragmented frame, use `newframe = frame.copy()`
  input_df[f'{col}_rolling_max_{window}'] = 0.0
C:\Users\USER\Documents\Air Quality Prediction and Health Impact Analysis project\air-quality-prediction\backend\utils\model_loader.py:513: 
PerformanceWarning: DataFrame is highly fragmented.  This is usually the result of calling `frame.insert` many times, which has poor performance.  
Consider joining all columns at once using pd.concat(axis=1) instead. To get a de-fragmented frame, use `newframe = frame.copy()`
  input_df[f'{col}_rolling_mean_{window}'] = 0.0
C:\Users\USER\Documents\Air Quality Prediction and Health Impact Analysis project\air-quality-prediction\backend\utils\model_loader.py:514: 
PerformanceWarning: DataFrame is highly fragmented.  This is usually the result of calling `frame.insert` many times, which has poor performance.  
Consider joining all columns at once using pd.concat(axis=1) instead. To get a de-fragmented frame, use `newframe = frame.copy()`
  input_df[f'{col}_rolling_std_{window}'] = 0.0
C:\Users\USER\Documents\Air Quality Prediction and Health Impact Analysis project\air-quality-prediction\backend\utils\model_loader.py:515: 
PerformanceWarning: DataFrame is highly fragmented.  This is usually the result of calling `frame.insert` many times, which has poor performance.  
Consider joining all columns at once using pd.concat(axis=1) instead. To get a de-fragmented frame, use `newframe = frame.copy()`
  input_df[f'{col}_rolling_max_{window}'] = 0.0
C:\Users\USER\Documents\Air Quality Prediction and Health Impact Analysis project\air-quality-prediction\backend\utils\model_loader.py:513: 
PerformanceWarning: DataFrame is highly fragmented.  This is usually the result of calling `frame.insert` many times, which has poor performance.  
Consider joining all columns at once using pd.concat(axis=1) instead. To get a de-fragmented frame, use `newframe = frame.copy()`
  input_df[f'{col}_rolling_mean_{window}'] = 0.0
C:\Users\USER\Documents\Air Quality Prediction and Health Impact Analysis project\air-quality-prediction\backend\utils\model_loader.py:514: 
PerformanceWarning: DataFrame is highly fragmented.  This is usually the result of calling `frame.insert` many times, which has poor performance.  
Consider joining all columns at once using pd.concat(axis=1) instead. To get a de-fragmented frame, use `newframe = frame.copy()`
  input_df[f'{col}_rolling_std_{window}'] = 0.0
C:\Users\USER\Documents\Air Quality Prediction and Health Impact Analysis project\air-quality-prediction\backend\utils\model_loader.py:515: 
PerformanceWarning: DataFrame is highly fragmented.  This is usually the result of calling `frame.insert` many times, which has poor performance.  
Consider joining all columns at once using pd.concat(axis=1) instead. To get a de-fragmented frame, use `newframe = frame.copy()`
  input_df[f'{col}_rolling_max_{window}'] = 0.0
C:\Users\USER\Documents\Air Quality Prediction and Health Impact Analysis project\air-quality-prediction\backend\utils\model_loader.py:511: 
PerformanceWarning: DataFrame is highly fragmented.  This is usually the result of calling `frame.insert` many times, which has poor performance.  
Consider joining all columns at once using pd.concat(axis=1) instead. To get a de-fragmented frame, use `newframe = frame.copy()`
  input_df[f'{col}_lag_{lag}'] = 0.0
C:\Users\USER\Documents\Air Quality Prediction and Health Impact Analysis project\air-quality-prediction\backend\utils\model_loader.py:511: 
PerformanceWarning: DataFrame is highly fragmented.  This is usually the result of calling `frame.insert` many times, which has poor performance.  
Consider joining all columns at once using pd.concat(axis=1) instead. To get a de-fragmented frame, use `newframe = frame.copy()`
  input_df[f'{col}_lag_{lag}'] = 0.0
C:\Users\USER\Documents\Air Quality Prediction and Health Impact Analysis project\air-quality-prediction\backend\utils\model_loader.py:511: 
PerformanceWarning: DataFrame is highly fragmented.  This is usually the result of calling `frame.insert` many times, which has poor performance.  
Consider joining all columns at once using pd.concat(axis=1) instead. To get a de-fragmented frame, use `newframe = frame.copy()`
  input_df[f'{col}_lag_{lag}'] = 0.0
C:\Users\USER\Documents\Air Quality Prediction and Health Impact Analysis project\air-quality-prediction\backend\utils\model_loader.py:511: 
PerformanceWarning: DataFrame is highly fragmented.  This is usually the result of calling `frame.insert` many times, which has poor performance.  
Consider joining all columns at once using pd.concat(axis=1) instead. To get a de-fragmented frame, use `newframe = frame.copy()`
  input_df[f'{col}_lag_{lag}'] = 0.0
C:\Users\USER\Documents\Air Quality Prediction and Health Impact Analysis project\air-quality-prediction\backend\utils\model_loader.py:511: 
PerformanceWarning: DataFrame is highly fragmented.  This is usually the result of calling `frame.insert` many times, which has poor performance.  
Consider joining all columns at once using pd.concat(axis=1) instead. To get a de-fragmented frame, use `newframe = frame.copy()`
  input_df[f'{col}_lag_{lag}'] = 0.0
C:\Users\USER\Documents\Air Quality Prediction and Health Impact Analysis project\air-quality-prediction\backend\utils\model_loader.py:511: 
PerformanceWarning: DataFrame is highly fragmented.  This is usually the result of calling `frame.insert` many times, which has poor performance.  
Consider joining all columns at once using pd.concat(axis=1) instead. To get a de-fragmented frame, use `newframe = frame.copy()`
  input_df[f'{col}_lag_{lag}'] = 0.0
C:\Users\USER\Documents\Air Quality Prediction and Health Impact Analysis project\air-quality-prediction\backend\utils\model_loader.py:513: 
PerformanceWarning: DataFrame is highly fragmented.  This is usually the result of calling `frame.insert` many times, which has poor performance.  
Consider joining all columns at once using pd.concat(axis=1) instead. To get a de-fragmented frame, use `newframe = frame.copy()`
  input_df[f'{col}_rolling_mean_{window}'] = 0.0
C:\Users\USER\Documents\Air Quality Prediction and Health Impact Analysis project\air-quality-prediction\backend\utils\model_loader.py:514: 
PerformanceWarning: DataFrame is highly fragmented.  This is usually the result of calling `frame.insert` many times, which has poor performance.  
Consider joining all columns at once using pd.concat(axis=1) instead. To get a de-fragmented frame, use `newframe = frame.copy()`
  input_df[f'{col}_rolling_std_{window}'] = 0.0
C:\Users\USER\Documents\Air Quality Prediction and Health Impact Analysis project\air-quality-prediction\backend\utils\model_loader.py:515: 
PerformanceWarning: DataFrame is highly fragmented.  This is usually the result of calling `frame.insert` many times, which has poor performance.  
Consider joining all columns at once using pd.concat(axis=1) instead. To get a de-fragmented frame, use `newframe = frame.copy()`
  input_df[f'{col}_rolling_max_{window}'] = 0.0
C:\Users\USER\Documents\Air Quality Prediction and Health Impact Analysis project\air-quality-prediction\backend\utils\model_loader.py:513: 
PerformanceWarning: DataFrame is highly fragmented.  This is usually the result of calling `frame.insert` many times, which has poor performance.  
Consider joining all columns at once using pd.concat(axis=1) instead. To get a de-fragmented frame, use `newframe = frame.copy()`
  input_df[f'{col}_rolling_mean_{window}'] = 0.0
C:\Users\USER\Documents\Air Quality Prediction and Health Impact Analysis project\air-quality-prediction\backend\utils\model_loader.py:514: 
PerformanceWarning: DataFrame is highly fragmented.  This is usually the result of calling `frame.insert` many times, which has poor performance.  
Consider joining all columns at once using pd.concat(axis=1) instead. To get a de-fragmented frame, use `newframe = frame.copy()`
  input_df[f'{col}_rolling_std_{window}'] = 0.0
C:\Users\USER\Documents\Air Quality Prediction and Health Impact Analysis project\air-quality-prediction\backend\utils\model_loader.py:515: 
PerformanceWarning: DataFrame is highly fragmented.  This is usually the result of calling `frame.insert` many times, which has poor performance.  
Consider joining all columns at once using pd.concat(axis=1) instead. To get a de-fragmented frame, use `newframe = frame.copy()`
  input_df[f'{col}_rolling_max_{window}'] = 0.0
C:\Users\USER\Documents\Air Quality Prediction and Health Impact Analysis project\air-quality-prediction\backend\utils\model_loader.py:513: 
PerformanceWarning: DataFrame is highly fragmented.  This is usually the result of calling `frame.insert` many times, which has poor performance.  
Consider joining all columns at once using pd.concat(axis=1) instead. To get a de-fragmented frame, use `newframe = frame.copy()`
  input_df[f'{col}_rolling_mean_{window}'] = 0.0
C:\Users\USER\Documents\Air Quality Prediction and Health Impact Analysis project\air-quality-prediction\backend\utils\model_loader.py:514: 
PerformanceWarning: DataFrame is highly fragmented.  This is usually the result of calling `frame.insert` many times, which has poor performance.  
Consider joining all columns at once using pd.concat(axis=1) instead. To get a de-fragmented frame, use `newframe = frame.copy()`
  input_df[f'{col}_rolling_std_{window}'] = 0.0
C:\Users\USER\Documents\Air Quality Prediction and Health Impact Analysis project\air-quality-prediction\backend\utils\model_loader.py:515: 
PerformanceWarning: DataFrame is highly fragmented.  This is usually the result of calling `frame.insert` many times, which has poor performance.  
Consider joining all columns at once using pd.concat(axis=1) instead. To get a de-fragmented frame, use `newframe = frame.copy()`
  input_df[f'{col}_rolling_max_{window}'] = 0.0
C:\Users\USER\Documents\Air Quality Prediction and Health Impact Analysis project\air-quality-prediction\backend\utils\model_loader.py:511: 
PerformanceWarning: DataFrame is highly fragmented.  This is usually the result of calling `frame.insert` many times, which has poor performance.  
Consider joining all columns at once using pd.concat(axis=1) instead. To get a de-fragmented frame, use `newframe = frame.copy()`
  input_df[f'{col}_lag_{lag}'] = 0.0
C:\Users\USER\Documents\Air Quality Prediction and Health Impact Analysis project\air-quality-prediction\backend\utils\model_loader.py:511: 
PerformanceWarning: DataFrame is highly fragmented.  This is usually the result of calling `frame.insert` many times, which has poor performance.  
Consider joining all columns at once using pd.concat(axis=1) instead. To get a de-fragmented frame, use `newframe = frame.copy()`
  input_df[f'{col}_lag_{lag}'] = 0.0
C:\Users\USER\Documents\Air Quality Prediction and Health Impact Analysis project\air-quality-prediction\backend\utils\model_loader.py:511: 
PerformanceWarning: DataFrame is highly fragmented.  This is usually the result of calling `frame.insert` many times, which has poor performance.  
Consider joining all columns at once using pd.concat(axis=1) instead. To get a de-fragmented frame, use `newframe = frame.copy()`
  input_df[f'{col}_lag_{lag}'] = 0.0
C:\Users\USER\Documents\Air Quality Prediction and Health Impact Analysis project\air-quality-prediction\backend\utils\model_loader.py:511: 
PerformanceWarning: DataFrame is highly fragmented.  This is usually the result of calling `frame.insert` many times, which has poor performance.  
Consider joining all columns at once using pd.concat(axis=1) instead. To get a de-fragmented frame, use `newframe = frame.copy()`
  input_df[f'{col}_lag_{lag}'] = 0.0
C:\Users\USER\Documents\Air Quality Prediction and Health Impact Analysis project\air-quality-prediction\backend\utils\model_loader.py:511: 
PerformanceWarning: DataFrame is highly fragmented.  This is usually the result of calling `frame.insert` many times, which has poor performance.  
Consider joining all columns at once using pd.concat(axis=1) instead. To get a de-fragmented frame, use `newframe = frame.copy()`
  input_df[f'{col}_lag_{lag}'] = 0.0
C:\Users\USER\Documents\Air Quality Prediction and Health Impact Analysis project\air-quality-prediction\backend\utils\model_loader.py:511: 
PerformanceWarning: DataFrame is highly fragmented.  This is usually the result of calling `frame.insert` many times, which has poor performance.  
Consider joining all columns at once using pd.concat(axis=1) instead. To get a de-fragmented frame, use `newframe = frame.copy()`
  input_df[f'{col}_lag_{lag}'] = 0.0
C:\Users\USER\Documents\Air Quality Prediction and Health Impact Analysis project\air-quality-prediction\backend\utils\model_loader.py:513: 
PerformanceWarning: DataFrame is highly fragmented.  This is usually the result of calling `frame.insert` many times, which has poor performance.  
Consider joining all columns at once using pd.concat(axis=1) instead. To get a de-fragmented frame, use `newframe = frame.copy()`
  input_df[f'{col}_rolling_mean_{window}'] = 0.0
C:\Users\USER\Documents\Air Quality Prediction and Health Impact Analysis project\air-quality-prediction\backend\utils\model_loader.py:514: 
PerformanceWarning: DataFrame is highly fragmented.  This is usually the result of calling `frame.insert` many times, which has poor performance.  
Consider joining all columns at once using pd.concat(axis=1) instead. To get a de-fragmented frame, use `newframe = frame.copy()`
  input_df[f'{col}_rolling_std_{window}'] = 0.0
C:\Users\USER\Documents\Air Quality Prediction and Health Impact Analysis project\air-quality-prediction\backend\utils\model_loader.py:515: 
PerformanceWarning: DataFrame is highly fragmented.  This is usually the result of calling `frame.insert` many times, which has poor performance.  
Consider joining all columns at once using pd.concat(axis=1) instead. To get a de-fragmented frame, use `newframe = frame.copy()`
  input_df[f'{col}_rolling_max_{window}'] = 0.0
C:\Users\USER\Documents\Air Quality Prediction and Health Impact Analysis project\air-quality-prediction\backend\utils\model_loader.py:513: 
PerformanceWarning: DataFrame is highly fragmented.  This is usually the result of calling `frame.insert` many times, which has poor performance.  
Consider joining all columns at once using pd.concat(axis=1) instead. To get a de-fragmented frame, use `newframe = frame.copy()`
  input_df[f'{col}_rolling_mean_{window}'] = 0.0
C:\Users\USER\Documents\Air Quality Prediction and Health Impact Analysis project\air-quality-prediction\backend\utils\model_loader.py:514: 
PerformanceWarning: DataFrame is highly fragmented.  This is usually the result of calling `frame.insert` many times, which has poor performance.  
Consider joining all columns at once using pd.concat(axis=1) instead. To get a de-fragmented frame, use `newframe = frame.copy()`
  input_df[f'{col}_rolling_std_{window}'] = 0.0
C:\Users\USER\Documents\Air Quality Prediction and Health Impact Analysis project\air-quality-prediction\backend\utils\model_loader.py:515: 
PerformanceWarning: DataFrame is highly fragmented.  This is usually the result of calling `frame.insert` many times, which has poor performance.  
Consider joining all columns at once using pd.concat(axis=1) instead. To get a de-fragmented frame, use `newframe = frame.copy()`
  input_df[f'{col}_rolling_max_{window}'] = 0.0
C:\Users\USER\Documents\Air Quality Prediction and Health Impact Analysis project\air-quality-prediction\backend\utils\model_loader.py:513: 
PerformanceWarning: DataFrame is highly fragmented.  This is usually the result of calling `frame.insert` many times, which has poor performance.  
Consider joining all columns at once using pd.concat(axis=1) instead. To get a de-fragmented frame, use `newframe = frame.copy()`
  input_df[f'{col}_rolling_mean_{window}'] = 0.0
C:\Users\USER\Documents\Air Quality Prediction and Health Impact Analysis project\air-quality-prediction\backend\utils\model_loader.py:514: 
PerformanceWarning: DataFrame is highly fragmented.  This is usually the result of calling `frame.insert` many times, which has poor performance.  
Consider joining all columns at once using pd.concat(axis=1) instead. To get a de-fragmented frame, use `newframe = frame.copy()`
  input_df[f'{col}_rolling_std_{window}'] = 0.0
C:\Users\USER\Documents\Air Quality Prediction and Health Impact Analysis project\air-quality-prediction\backend\utils\model_loader.py:515: 
PerformanceWarning: DataFrame is highly fragmented.  This is usually the result of calling `frame.insert` many times, which has poor performance.  
Consider joining all columns at once using pd.concat(axis=1) instead. To get a de-fragmented frame, use `newframe = frame.copy()`
  input_df[f'{col}_rolling_max_{window}'] = 0.0
No historical data provided. Lag and rolling features will be zero-filled.
C:\Users\USER\Documents\Air Quality Prediction and Health Impact Analysis project\air-quality-prediction\backend\utils\model_loader.py:511: 
PerformanceWarning: DataFrame is highly fragmented.  This is usually the result of calling `frame.insert` many times, which has poor performance.  
Consider joining all columns at once using pd.concat(axis=1) instead. To get a de-fragmented frame, use `newframe = frame.copy()`
  input_df[f'{col}_lag_{lag}'] = 0.0
C:\Users\USER\Documents\Air Quality Prediction and Health Impact Analysis project\air-quality-prediction\backend\utils\model_loader.py:511: 
PerformanceWarning: DataFrame is highly fragmented.  This is usually the result of calling `frame.insert` many times, which has poor performance.  
Consider joining all columns at once using pd.concat(axis=1) instead. To get a de-fragmented frame, use `newframe = frame.copy()`
  input_df[f'{col}_lag_{lag}'] = 0.0
C:\Users\USER\Documents\Air Quality Prediction and Health Impact Analysis project\air-quality-prediction\backend\utils\model_loader.py:511: 
PerformanceWarning: DataFrame is highly fragmented.  This is usually the result of calling `frame.insert` many times, which has poor performance.  
Consider joining all columns at once using pd.concat(axis=1) instead. To get a de-fragmented frame, use `newframe = frame.copy()`
  input_df[f'{col}_lag_{lag}'] = 0.0
C:\Users\USER\Documents\Air Quality Prediction and Health Impact Analysis project\air-quality-prediction\backend\utils\model_loader.py:511: 
PerformanceWarning: DataFrame is highly fragmented.  This is usually the result of calling `frame.insert` many times, which has poor performance.  
Consider joining all columns at once using pd.concat(axis=1) instead. To get a de-fragmented frame, use `newframe = frame.copy()`
  input_df[f'{col}_lag_{lag}'] = 0.0
C:\Users\USER\Documents\Air Quality Prediction and Health Impact Analysis project\air-quality-prediction\backend\utils\model_loader.py:511: 
PerformanceWarning: DataFrame is highly fragmented.  This is usually the result of calling `frame.insert` many times, which has poor performance.  
Consider joining all columns at once using pd.concat(axis=1) instead. To get a de-fragmented frame, use `newframe = frame.copy()`
  input_df[f'{col}_lag_{lag}'] = 0.0
C:\Users\USER\Documents\Air Quality Prediction and Health Impact Analysis project\air-quality-prediction\backend\utils\model_loader.py:513: 
PerformanceWarning: DataFrame is highly fragmented.  This is usually the result of calling `frame.insert` many times, which has poor performance.  
Consider joining all columns at once using pd.concat(axis=1) instead. To get a de-fragmented frame, use `newframe = frame.copy()`
  input_df[f'{col}_rolling_mean_{window}'] = 0.0
C:\Users\USER\Documents\Air Quality Prediction and Health Impact Analysis project\air-quality-prediction\backend\utils\model_loader.py:514: 
PerformanceWarning: DataFrame is highly fragmented.  This is usually the result of calling `frame.insert` many times, which has poor performance.  
Consider joining all columns at once using pd.concat(axis=1) instead. To get a de-fragmented frame, use `newframe = frame.copy()`
  input_df[f'{col}_rolling_std_{window}'] = 0.0
C:\Users\USER\Documents\Air Quality Prediction and Health Impact Analysis project\air-quality-prediction\backend\utils\model_loader.py:515: 
PerformanceWarning: DataFrame is highly fragmented.  This is usually the result of calling `frame.insert` many times, which has poor performance.  
Consider joining all columns at once using pd.concat(axis=1) instead. To get a de-fragmented frame, use `newframe = frame.copy()`
  input_df[f'{col}_rolling_max_{window}'] = 0.0
C:\Users\USER\Documents\Air Quality Prediction and Health Impact Analysis project\air-quality-prediction\backend\utils\model_loader.py:513: 
PerformanceWarning: DataFrame is highly fragmented.  This is usually the result of calling `frame.insert` many times, which has poor performance.  
Consider joining all columns at once using pd.concat(axis=1) instead. To get a de-fragmented frame, use `newframe = frame.copy()`
  input_df[f'{col}_rolling_mean_{window}'] = 0.0
C:\Users\USER\Documents\Air Quality Prediction and Health Impact Analysis project\air-quality-prediction\backend\utils\model_loader.py:514: 
PerformanceWarning: DataFrame is highly fragmented.  This is usually the result of calling `frame.insert` many times, which has poor performance.  
Consider joining all columns at once using pd.concat(axis=1) instead. To get a de-fragmented frame, use `newframe = frame.copy()`
  input_df[f'{col}_rolling_std_{window}'] = 0.0
C:\Users\USER\Documents\Air Quality Prediction and Health Impact Analysis project\air-quality-prediction\backend\utils\model_loader.py:515: 
PerformanceWarning: DataFrame is highly fragmented.  This is usually the result of calling `frame.insert` many times, which has poor performance.  
Consider joining all columns at once using pd.concat(axis=1) instead. To get a de-fragmented frame, use `newframe = frame.copy()`
  input_df[f'{col}_rolling_max_{window}'] = 0.0
C:\Users\USER\Documents\Air Quality Prediction and Health Impact Analysis project\air-quality-prediction\backend\utils\model_loader.py:513: 
PerformanceWarning: DataFrame is highly fragmented.  This is usually the result of calling `frame.insert` many times, which has poor performance.  
Consider joining all columns at once using pd.concat(axis=1) instead. To get a de-fragmented frame, use `newframe = frame.copy()`
  input_df[f'{col}_rolling_mean_{window}'] = 0.0
C:\Users\USER\Documents\Air Quality Prediction and Health Impact Analysis project\air-quality-prediction\backend\utils\model_loader.py:514: 
PerformanceWarning: DataFrame is highly fragmented.  This is usually the result of calling `frame.insert` many times, which has poor performance.  
Consider joining all columns at once using pd.concat(axis=1) instead. To get a de-fragmented frame, use `newframe = frame.copy()`
  input_df[f'{col}_rolling_std_{window}'] = 0.0
C:\Users\USER\Documents\Air Quality Prediction and Health Impact Analysis project\air-quality-prediction\backend\utils\model_loader.py:515: 
PerformanceWarning: DataFrame is highly fragmented.  This is usually the result of calling `frame.insert` many times, which has poor performance.  
Consider joining all columns at once using pd.concat(axis=1) instead. To get a de-fragmented frame, use `newframe = frame.copy()`
  input_df[f'{col}_rolling_max_{window}'] = 0.0
C:\Users\USER\Documents\Air Quality Prediction and Health Impact Analysis project\air-quality-prediction\backend\utils\model_loader.py:511: 
PerformanceWarning: DataFrame is highly fragmented.  This is usually the result of calling `frame.insert` many times, which has poor performance.  
Consider joining all columns at once using pd.concat(axis=1) instead. To get a de-fragmented frame, use `newframe = frame.copy()`
  input_df[f'{col}_lag_{lag}'] = 0.0
C:\Users\USER\Documents\Air Quality Prediction and Health Impact Analysis project\air-quality-prediction\backend\utils\model_loader.py:511: 
PerformanceWarning: DataFrame is highly fragmented.  This is usually the result of calling `frame.insert` many times, which has poor performance.  
Consider joining all columns at once using pd.concat(axis=1) instead. To get a de-fragmented frame, use `newframe = frame.copy()`
  input_df[f'{col}_lag_{lag}'] = 0.0
C:\Users\USER\Documents\Air Quality Prediction and Health Impact Analysis project\air-quality-prediction\backend\utils\model_loader.py:511: 
PerformanceWarning: DataFrame is highly fragmented.  This is usually the result of calling `frame.insert` many times, which has poor performance.  
Consider joining all columns at once using pd.concat(axis=1) instead. To get a de-fragmented frame, use `newframe = frame.copy()`
  input_df[f'{col}_lag_{lag}'] = 0.0
C:\Users\USER\Documents\Air Quality Prediction and Health Impact Analysis project\air-quality-prediction\backend\utils\model_loader.py:511: 
PerformanceWarning: DataFrame is highly fragmented.  This is usually the result of calling `frame.insert` many times, which has poor performance.  
Consider joining all columns at once using pd.concat(axis=1) instead. To get a de-fragmented frame, use `newframe = frame.copy()`
  input_df[f'{col}_lag_{lag}'] = 0.0
C:\Users\USER\Documents\Air Quality Prediction and Health Impact Analysis project\air-quality-prediction\backend\utils\model_loader.py:511: 
PerformanceWarning: DataFrame is highly fragmented.  This is usually the result of calling `frame.insert` many times, which has poor performance.  
Consider joining all columns at once using pd.concat(axis=1) instead. To get a de-fragmented frame, use `newframe = frame.copy()`
  input_df[f'{col}_lag_{lag}'] = 0.0
C:\Users\USER\Documents\Air Quality Prediction and Health Impact Analysis project\air-quality-prediction\backend\utils\model_loader.py:511: 
PerformanceWarning: DataFrame is highly fragmented.  This is usually the result of calling `frame.insert` many times, which has poor performance.  
Consider joining all columns at once using pd.concat(axis=1) instead. To get a de-fragmented frame, use `newframe = frame.copy()`
  input_df[f'{col}_lag_{lag}'] = 0.0
C:\Users\USER\Documents\Air Quality Prediction and Health Impact Analysis project\air-quality-prediction\backend\utils\model_loader.py:513: 
PerformanceWarning: DataFrame is highly fragmented.  This is usually the result of calling `frame.insert` many times, which has poor performance.  
Consider joining all columns at once using pd.concat(axis=1) instead. To get a de-fragmented frame, use `newframe = frame.copy()`
  input_df[f'{col}_rolling_mean_{window}'] = 0.0
C:\Users\USER\Documents\Air Quality Prediction and Health Impact Analysis project\air-quality-prediction\backend\utils\model_loader.py:514: 
PerformanceWarning: DataFrame is highly fragmented.  This is usually the result of calling `frame.insert` many times, which has poor performance.  
Consider joining all columns at once using pd.concat(axis=1) instead. To get a de-fragmented frame, use `newframe = frame.copy()`
  input_df[f'{col}_rolling_std_{window}'] = 0.0
C:\Users\USER\Documents\Air Quality Prediction and Health Impact Analysis project\air-quality-prediction\backend\utils\model_loader.py:515: 
PerformanceWarning: DataFrame is highly fragmented.  This is usually the result of calling `frame.insert` many times, which has poor performance.  
Consider joining all columns at once using pd.concat(axis=1) instead. To get a de-fragmented frame, use `newframe = frame.copy()`
  input_df[f'{col}_rolling_max_{window}'] = 0.0
C:\Users\USER\Documents\Air Quality Prediction and Health Impact Analysis project\air-quality-prediction\backend\utils\model_loader.py:513: 
PerformanceWarning: DataFrame is highly fragmented.  This is usually the result of calling `frame.insert` many times, which has poor performance.  
Consider joining all columns at once using pd.concat(axis=1) instead. To get a de-fragmented frame, use `newframe = frame.copy()`
  input_df[f'{col}_rolling_mean_{window}'] = 0.0
C:\Users\USER\Documents\Air Quality Prediction and Health Impact Analysis project\air-quality-prediction\backend\utils\model_loader.py:514: 
PerformanceWarning: DataFrame is highly fragmented.  This is usually the result of calling `frame.insert` many times, which has poor performance.  
Consider joining all columns at once using pd.concat(axis=1) instead. To get a de-fragmented frame, use `newframe = frame.copy()`
  input_df[f'{col}_rolling_std_{window}'] = 0.0
C:\Users\USER\Documents\Air Quality Prediction and Health Impact Analysis project\air-quality-prediction\backend\utils\model_loader.py:515: 
PerformanceWarning: DataFrame is highly fragmented.  This is usually the result of calling `frame.insert` many times, which has poor performance.  
Consider joining all columns at once using pd.concat(axis=1) instead. To get a de-fragmented frame, use `newframe = frame.copy()`
  input_df[f'{col}_rolling_max_{window}'] = 0.0
C:\Users\USER\Documents\Air Quality Prediction and Health Impact Analysis project\air-quality-prediction\backend\utils\model_loader.py:513: 
PerformanceWarning: DataFrame is highly fragmented.  This is usually the result of calling `frame.insert` many times, which has poor performance.  
Consider joining all columns at once using pd.concat(axis=1) instead. To get a de-fragmented frame, use `newframe = frame.copy()`
  input_df[f'{col}_rolling_mean_{window}'] = 0.0
C:\Users\USER\Documents\Air Quality Prediction and Health Impact Analysis project\air-quality-prediction\backend\utils\model_loader.py:514: 
PerformanceWarning: DataFrame is highly fragmented.  This is usually the result of calling `frame.insert` many times, which has poor performance.  
Consider joining all columns at once using pd.concat(axis=1) instead. To get a de-fragmented frame, use `newframe = frame.copy()`
  input_df[f'{col}_rolling_std_{window}'] = 0.0
C:\Users\USER\Documents\Air Quality Prediction and Health Impact Analysis project\air-quality-prediction\backend\utils\model_loader.py:515: 
PerformanceWarning: DataFrame is highly fragmented.  This is usually the result of calling `frame.insert` many times, which has poor performance.  
Consider joining all columns at once using pd.concat(axis=1) instead. To get a de-fragmented frame, use `newframe = frame.copy()`
  input_df[f'{col}_rolling_max_{window}'] = 0.0
C:\Users\USER\Documents\Air Quality Prediction and Health Impact Analysis project\air-quality-prediction\backend\utils\model_loader.py:511: 
PerformanceWarning: DataFrame is highly fragmented.  This is usually the result of calling `frame.insert` many times, which has poor performance.  
Consider joining all columns at once using pd.concat(axis=1) instead. To get a de-fragmented frame, use `newframe = frame.copy()`
  input_df[f'{col}_lag_{lag}'] = 0.0
C:\Users\USER\Documents\Air Quality Prediction and Health Impact Analysis project\air-quality-prediction\backend\utils\model_loader.py:511: 
PerformanceWarning: DataFrame is highly fragmented.  This is usually the result of calling `frame.insert` many times, which has poor performance.  
Consider joining all columns at once using pd.concat(axis=1) instead. To get a de-fragmented frame, use `newframe = frame.copy()`
  input_df[f'{col}_lag_{lag}'] = 0.0
C:\Users\USER\Documents\Air Quality Prediction and Health Impact Analysis project\air-quality-prediction\backend\utils\model_loader.py:511: 
PerformanceWarning: DataFrame is highly fragmented.  This is usually the result of calling `frame.insert` many times, which has poor performance.  
Consider joining all columns at once using pd.concat(axis=1) instead. To get a de-fragmented frame, use `newframe = frame.copy()`
  input_df[f'{col}_lag_{lag}'] = 0.0
C:\Users\USER\Documents\Air Quality Prediction and Health Impact Analysis project\air-quality-prediction\backend\utils\model_loader.py:511: 
PerformanceWarning: DataFrame is highly fragmented.  This is usually the result of calling `frame.insert` many times, which has poor performance.  
Consider joining all columns at once using pd.concat(axis=1) instead. To get a de-fragmented frame, use `newframe = frame.copy()`
  input_df[f'{col}_lag_{lag}'] = 0.0
C:\Users\USER\Documents\Air Quality Prediction and Health Impact Analysis project\air-quality-prediction\backend\utils\model_loader.py:511: 
PerformanceWarning: DataFrame is highly fragmented.  This is usually the result of calling `frame.insert` many times, which has poor performance.  
Consider joining all columns at once using pd.concat(axis=1) instead. To get a de-fragmented frame, use `newframe = frame.copy()`
  input_df[f'{col}_lag_{lag}'] = 0.0
C:\Users\USER\Documents\Air Quality Prediction and Health Impact Analysis project\air-quality-prediction\backend\utils\model_loader.py:511: 
PerformanceWarning: DataFrame is highly fragmented.  This is usually the result of calling `frame.insert` many times, which has poor performance.  
Consider joining all columns at once using pd.concat(axis=1) instead. To get a de-fragmented frame, use `newframe = frame.copy()`
  input_df[f'{col}_lag_{lag}'] = 0.0
C:\Users\USER\Documents\Air Quality Prediction and Health Impact Analysis project\air-quality-prediction\backend\utils\model_loader.py:513: 
PerformanceWarning: DataFrame is highly fragmented.  This is usually the result of calling `frame.insert` many times, which has poor performance.  
Consider joining all columns at once using pd.concat(axis=1) instead. To get a de-fragmented frame, use `newframe = frame.copy()`
  input_df[f'{col}_rolling_mean_{window}'] = 0.0
C:\Users\USER\Documents\Air Quality Prediction and Health Impact Analysis project\air-quality-prediction\backend\utils\model_loader.py:514: 
PerformanceWarning: DataFrame is highly fragmented.  This is usually the result of calling `frame.insert` many times, which has poor performance.  
Consider joining all columns at once using pd.concat(axis=1) instead. To get a de-fragmented frame, use `newframe = frame.copy()`
  input_df[f'{col}_rolling_std_{window}'] = 0.0
C:\Users\USER\Documents\Air Quality Prediction and Health Impact Analysis project\air-quality-prediction\backend\utils\model_loader.py:515: 
PerformanceWarning: DataFrame is highly fragmented.  This is usually the result of calling `frame.insert` many times, which has poor performance.  
Consider joining all columns at once using pd.concat(axis=1) instead. To get a de-fragmented frame, use `newframe = frame.copy()`
  input_df[f'{col}_rolling_max_{window}'] = 0.0
C:\Users\USER\Documents\Air Quality Prediction and Health Impact Analysis project\air-quality-prediction\backend\utils\model_loader.py:513: 
PerformanceWarning: DataFrame is highly fragmented.  This is usually the result of calling `frame.insert` many times, which has poor performance.  
Consider joining all columns at once using pd.concat(axis=1) instead. To get a de-fragmented frame, use `newframe = frame.copy()`
  input_df[f'{col}_rolling_mean_{window}'] = 0.0
C:\Users\USER\Documents\Air Quality Prediction and Health Impact Analysis project\air-quality-prediction\backend\utils\model_loader.py:514: 
PerformanceWarning: DataFrame is highly fragmented.  This is usually the result of calling `frame.insert` many times, which has poor performance.  
Consider joining all columns at once using pd.concat(axis=1) instead. To get a de-fragmented frame, use `newframe = frame.copy()`
  input_df[f'{col}_rolling_std_{window}'] = 0.0
C:\Users\USER\Documents\Air Quality Prediction and Health Impact Analysis project\air-quality-prediction\backend\utils\model_loader.py:515: 
PerformanceWarning: DataFrame is highly fragmented.  This is usually the result of calling `frame.insert` many times, which has poor performance.  
Consider joining all columns at once using pd.concat(axis=1) instead. To get a de-fragmented frame, use `newframe = frame.copy()`
  input_df[f'{col}_rolling_max_{window}'] = 0.0
C:\Users\USER\Documents\Air Quality Prediction and Health Impact Analysis project\air-quality-prediction\backend\utils\model_loader.py:513: 
PerformanceWarning: DataFrame is highly fragmented.  This is usually the result of calling `frame.insert` many times, which has poor performance.  
Consider joining all columns at once using pd.concat(axis=1) instead. To get a de-fragmented frame, use `newframe = frame.copy()`
  input_df[f'{col}_rolling_mean_{window}'] = 0.0
C:\Users\USER\Documents\Air Quality Prediction and Health Impact Analysis project\air-quality-prediction\backend\utils\model_loader.py:514: 
PerformanceWarning: DataFrame is highly fragmented.  This is usually the result of calling `frame.insert` many times, which has poor performance.  
Consider joining all columns at once using pd.concat(axis=1) instead. To get a de-fragmented frame, use `newframe = frame.copy()`
  input_df[f'{col}_rolling_std_{window}'] = 0.0
C:\Users\USER\Documents\Air Quality Prediction and Health Impact Analysis project\air-quality-prediction\backend\utils\model_loader.py:515: 
PerformanceWarning: DataFrame is highly fragmented.  This is usually the result of calling `frame.insert` many times, which has poor performance.  
Consider joining all columns at once using pd.concat(axis=1) instead. To get a de-fragmented frame, use `newframe = frame.copy()`
  input_df[f'{col}_rolling_max_{window}'] = 0.0
Missing required fields: ['City']
No historical data provided. Lag and rolling features will be zero-filled.
C:\Users\USER\Documents\Air Quality Prediction and Health Impact Analysis project\air-quality-prediction\backend\utils\model_loader.py:511: 
PerformanceWarning: DataFrame is highly fragmented.  This is usually the result of calling `frame.insert` many times, which has poor performance.  
Consider joining all columns at once using pd.concat(axis=1) instead. To get a de-fragmented frame, use `newframe = frame.copy()`
  input_df[f'{col}_lag_{lag}'] = 0.0
C:\Users\USER\Documents\Air Quality Prediction and Health Impact Analysis project\air-quality-prediction\backend\utils\model_loader.py:511: 
PerformanceWarning: DataFrame is highly fragmented.  This is usually the result of calling `frame.insert` many times, which has poor performance.  
Consider joining all columns at once using pd.concat(axis=1) instead. To get a de-fragmented frame, use `newframe = frame.copy()`
  input_df[f'{col}_lag_{lag}'] = 0.0
C:\Users\USER\Documents\Air Quality Prediction and Health Impact Analysis project\air-quality-prediction\backend\utils\model_loader.py:511: 
PerformanceWarning: DataFrame is highly fragmented.  This is usually the result of calling `frame.insert` many times, which has poor performance.  
Consider joining all columns at once using pd.concat(axis=1) instead. To get a de-fragmented frame, use `newframe = frame.copy()`
  input_df[f'{col}_lag_{lag}'] = 0.0
C:\Users\USER\Documents\Air Quality Prediction and Health Impact Analysis project\air-quality-prediction\backend\utils\model_loader.py:511: 
PerformanceWarning: DataFrame is highly fragmented.  This is usually the result of calling `frame.insert` many times, which has poor performance.  
Consider joining all columns at once using pd.concat(axis=1) instead. To get a de-fragmented frame, use `newframe = frame.copy()`
  input_df[f'{col}_lag_{lag}'] = 0.0
C:\Users\USER\Documents\Air Quality Prediction and Health Impact Analysis project\air-quality-prediction\backend\utils\model_loader.py:513: 
PerformanceWarning: DataFrame is highly fragmented.  This is usually the result of calling `frame.insert` many times, which has poor performance.  
Consider joining all columns at once using pd.concat(axis=1) instead. To get a de-fragmented frame, use `newframe = frame.copy()`
  input_df[f'{col}_rolling_mean_{window}'] = 0.0
C:\Users\USER\Documents\Air Quality Prediction and Health Impact Analysis project\air-quality-prediction\backend\utils\model_loader.py:514: 
PerformanceWarning: DataFrame is highly fragmented.  This is usually the result of calling `frame.insert` many times, which has poor performance.  
Consider joining all columns at once using pd.concat(axis=1) instead. To get a de-fragmented frame, use `newframe = frame.copy()`
  input_df[f'{col}_rolling_std_{window}'] = 0.0
C:\Users\USER\Documents\Air Quality Prediction and Health Impact Analysis project\air-quality-prediction\backend\utils\model_loader.py:515: 
PerformanceWarning: DataFrame is highly fragmented.  This is usually the result of calling `frame.insert` many times, which has poor performance.  
Consider joining all columns at once using pd.concat(axis=1) instead. To get a de-fragmented frame, use `newframe = frame.copy()`
  input_df[f'{col}_rolling_max_{window}'] = 0.0
C:\Users\USER\Documents\Air Quality Prediction and Health Impact Analysis project\air-quality-prediction\backend\utils\model_loader.py:513: 
PerformanceWarning: DataFrame is highly fragmented.  This is usually the result of calling `frame.insert` many times, which has poor performance.  
Consider joining all columns at once using pd.concat(axis=1) instead. To get a de-fragmented frame, use `newframe = frame.copy()`
  input_df[f'{col}_rolling_mean_{window}'] = 0.0
C:\Users\USER\Documents\Air Quality Prediction and Health Impact Analysis project\air-quality-prediction\backend\utils\model_loader.py:514: 
PerformanceWarning: DataFrame is highly fragmented.  This is usually the result of calling `frame.insert` many times, which has poor performance.  
Consider joining all columns at once using pd.concat(axis=1) instead. To get a de-fragmented frame, use `newframe = frame.copy()`
  input_df[f'{col}_rolling_std_{window}'] = 0.0
C:\Users\USER\Documents\Air Quality Prediction and Health Impact Analysis project\air-quality-prediction\backend\utils\model_loader.py:515: 
PerformanceWarning: DataFrame is highly fragmented.  This is usually the result of calling `frame.insert` many times, which has poor performance.  
Consider joining all columns at once using pd.concat(axis=1) instead. To get a de-fragmented frame, use `newframe = frame.copy()`
  input_df[f'{col}_rolling_max_{window}'] = 0.0
C:\Users\USER\Documents\Air Quality Prediction and Health Impact Analysis project\air-quality-prediction\backend\utils\model_loader.py:513: 
PerformanceWarning: DataFrame is highly fragmented.  This is usually the result of calling `frame.insert` many times, which has poor performance.  
Consider joining all columns at once using pd.concat(axis=1) instead. To get a de-fragmented frame, use `newframe = frame.copy()`
  input_df[f'{col}_rolling_mean_{window}'] = 0.0
C:\Users\USER\Documents\Air Quality Prediction and Health Impact Analysis project\air-quality-prediction\backend\utils\model_loader.py:514: 
PerformanceWarning: DataFrame is highly fragmented.  This is usually the result of calling `frame.insert` many times, which has poor performance.  
Consider joining all columns at once using pd.concat(axis=1) instead. To get a de-fragmented frame, use `newframe = frame.copy()`
  input_df[f'{col}_rolling_std_{window}'] = 0.0
C:\Users\USER\Documents\Air Quality Prediction and Health Impact Analysis project\air-quality-prediction\backend\utils\model_loader.py:515: 
PerformanceWarning: DataFrame is highly fragmented.  This is usually the result of calling `frame.insert` many times, which has poor performance.  
Consider joining all columns at once using pd.concat(axis=1) instead. To get a de-fragmented frame, use `newframe = frame.copy()`
  input_df[f'{col}_rolling_max_{window}'] = 0.0
C:\Users\USER\Documents\Air Quality Prediction and Health Impact Analysis project\air-quality-prediction\backend\utils\model_loader.py:511: 
PerformanceWarning: DataFrame is highly fragmented.  This is usually the result of calling `frame.insert` many times, which has poor performance.  
Consider joining all columns at once using pd.concat(axis=1) instead. To get a de-fragmented frame, use `newframe = frame.copy()`
  input_df[f'{col}_lag_{lag}'] = 0.0
C:\Users\USER\Documents\Air Quality Prediction and Health Impact Analysis project\air-quality-prediction\backend\utils\model_loader.py:511: 
PerformanceWarning: DataFrame is highly fragmented.  This is usually the result of calling `frame.insert` many times, which has poor performance.  
Consider joining all columns at once using pd.concat(axis=1) instead. To get a de-fragmented frame, use `newframe = frame.copy()`
  input_df[f'{col}_lag_{lag}'] = 0.0
C:\Users\USER\Documents\Air Quality Prediction and Health Impact Analysis project\air-quality-prediction\backend\utils\model_loader.py:511: 
PerformanceWarning: DataFrame is highly fragmented.  This is usually the result of calling `frame.insert` many times, which has poor performance.  
Consider joining all columns at once using pd.concat(axis=1) instead. To get a de-fragmented frame, use `newframe = frame.copy()`
  input_df[f'{col}_lag_{lag}'] = 0.0
C:\Users\USER\Documents\Air Quality Prediction and Health Impact Analysis project\air-quality-prediction\backend\utils\model_loader.py:511: 
PerformanceWarning: DataFrame is highly fragmented.  This is usually the result of calling `frame.insert` many times, which has poor performance.  
Consider joining all columns at once using pd.concat(axis=1) instead. To get a de-fragmented frame, use `newframe = frame.copy()`
  input_df[f'{col}_lag_{lag}'] = 0.0
C:\Users\USER\Documents\Air Quality Prediction and Health Impact Analysis project\air-quality-prediction\backend\utils\model_loader.py:511: 
PerformanceWarning: DataFrame is highly fragmented.  This is usually the result of calling `frame.insert` many times, which has poor performance.  
Consider joining all columns at once using pd.concat(axis=1) instead. To get a de-fragmented frame, use `newframe = frame.copy()`
  input_df[f'{col}_lag_{lag}'] = 0.0
C:\Users\USER\Documents\Air Quality Prediction and Health Impact Analysis project\air-quality-prediction\backend\utils\model_loader.py:511: 
PerformanceWarning: DataFrame is highly fragmented.  This is usually the result of calling `frame.insert` many times, which has poor performance.  
Consider joining all columns at once using pd.concat(axis=1) instead. To get a de-fragmented frame, use `newframe = frame.copy()`
  input_df[f'{col}_lag_{lag}'] = 0.0
C:\Users\USER\Documents\Air Quality Prediction and Health Impact Analysis project\air-quality-prediction\backend\utils\model_loader.py:513: 
PerformanceWarning: DataFrame is highly fragmented.  This is usually the result of calling `frame.insert` many times, which has poor performance.  
Consider joining all columns at once using pd.concat(axis=1) instead. To get a de-fragmented frame, use `newframe = frame.copy()`
  input_df[f'{col}_rolling_mean_{window}'] = 0.0
C:\Users\USER\Documents\Air Quality Prediction and Health Impact Analysis project\air-quality-prediction\backend\utils\model_loader.py:514: 
PerformanceWarning: DataFrame is highly fragmented.  This is usually the result of calling `frame.insert` many times, which has poor performance.  
Consider joining all columns at once using pd.concat(axis=1) instead. To get a de-fragmented frame, use `newframe = frame.copy()`
  input_df[f'{col}_rolling_std_{window}'] = 0.0
C:\Users\USER\Documents\Air Quality Prediction and Health Impact Analysis project\air-quality-prediction\backend\utils\model_loader.py:515: 
PerformanceWarning: DataFrame is highly fragmented.  This is usually the result of calling `frame.insert` many times, which has poor performance.  
Consider joining all columns at once using pd.concat(axis=1) instead. To get a de-fragmented frame, use `newframe = frame.copy()`
  input_df[f'{col}_rolling_max_{window}'] = 0.0
C:\Users\USER\Documents\Air Quality Prediction and Health Impact Analysis project\air-quality-prediction\backend\utils\model_loader.py:513: 
PerformanceWarning: DataFrame is highly fragmented.  This is usually the result of calling `frame.insert` many times, which has poor performance.  
Consider joining all columns at once using pd.concat(axis=1) instead. To get a de-fragmented frame, use `newframe = frame.copy()`
  input_df[f'{col}_rolling_mean_{window}'] = 0.0
C:\Users\USER\Documents\Air Quality Prediction and Health Impact Analysis project\air-quality-prediction\backend\utils\model_loader.py:514: 
PerformanceWarning: DataFrame is highly fragmented.  This is usually the result of calling `frame.insert` many times, which has poor performance.  
Consider joining all columns at once using pd.concat(axis=1) instead. To get a de-fragmented frame, use `newframe = frame.copy()`
  input_df[f'{col}_rolling_std_{window}'] = 0.0
C:\Users\USER\Documents\Air Quality Prediction and Health Impact Analysis project\air-quality-prediction\backend\utils\model_loader.py:515: 
PerformanceWarning: DataFrame is highly fragmented.  This is usually the result of calling `frame.insert` many times, which has poor performance.  
Consider joining all columns at once using pd.concat(axis=1) instead. To get a de-fragmented frame, use `newframe = frame.copy()`
  input_df[f'{col}_rolling_max_{window}'] = 0.0
C:\Users\USER\Documents\Air Quality Prediction and Health Impact Analysis project\air-quality-prediction\backend\utils\model_loader.py:513: 
PerformanceWarning: DataFrame is highly fragmented.  This is usually the result of calling `frame.insert` many times, which has poor performance.  
Consider joining all columns at once using pd.concat(axis=1) instead. To get a de-fragmented frame, use `newframe = frame.copy()`
  input_df[f'{col}_rolling_mean_{window}'] = 0.0
C:\Users\USER\Documents\Air Quality Prediction and Health Impact Analysis project\air-quality-prediction\backend\utils\model_loader.py:514: 
PerformanceWarning: DataFrame is highly fragmented.  This is usually the result of calling `frame.insert` many times, which has poor performance.  
Consider joining all columns at once using pd.concat(axis=1) instead. To get a de-fragmented frame, use `newframe = frame.copy()`
  input_df[f'{col}_rolling_std_{window}'] = 0.0
C:\Users\USER\Documents\Air Quality Prediction and Health Impact Analysis project\air-quality-prediction\backend\utils\model_loader.py:515: 
PerformanceWarning: DataFrame is highly fragmented.  This is usually the result of calling `frame.insert` many times, which has poor performance.  
Consider joining all columns at once using pd.concat(axis=1) instead. To get a de-fragmented frame, use `newframe = frame.copy()`
  input_df[f'{col}_rolling_max_{window}'] = 0.0
C:\Users\USER\Documents\Air Quality Prediction and Health Impact Analysis project\air-quality-prediction\backend\utils\model_loader.py:511: 
PerformanceWarning: DataFrame is highly fragmented.  This is usually the result of calling `frame.insert` many times, which has poor performance.  
Consider joining all columns at once using pd.concat(axis=1) instead. To get a de-fragmented frame, use `newframe = frame.copy()`
  input_df[f'{col}_lag_{lag}'] = 0.0
C:\Users\USER\Documents\Air Quality Prediction and Health Impact Analysis project\air-quality-prediction\backend\utils\model_loader.py:511: 
PerformanceWarning: DataFrame is highly fragmented.  This is usually the result of calling `frame.insert` many times, which has poor performance.  
Consider joining all columns at once using pd.concat(axis=1) instead. To get a de-fragmented frame, use `newframe = frame.copy()`
  input_df[f'{col}_lag_{lag}'] = 0.0
C:\Users\USER\Documents\Air Quality Prediction and Health Impact Analysis project\air-quality-prediction\backend\utils\model_loader.py:511: 
PerformanceWarning: DataFrame is highly fragmented.  This is usually the result of calling `frame.insert` many times, which has poor performance.  
Consider joining all columns at once using pd.concat(axis=1) instead. To get a de-fragmented frame, use `newframe = frame.copy()`
  input_df[f'{col}_lag_{lag}'] = 0.0
C:\Users\USER\Documents\Air Quality Prediction and Health Impact Analysis project\air-quality-prediction\backend\utils\model_loader.py:511: 
PerformanceWarning: DataFrame is highly fragmented.  This is usually the result of calling `frame.insert` many times, which has poor performance.  
Consider joining all columns at once using pd.concat(axis=1) instead. To get a de-fragmented frame, use `newframe = frame.copy()`
  input_df[f'{col}_lag_{lag}'] = 0.0
C:\Users\USER\Documents\Air Quality Prediction and Health Impact Analysis project\air-quality-prediction\backend\utils\model_loader.py:511: 
PerformanceWarning: DataFrame is highly fragmented.  This is usually the result of calling `frame.insert` many times, which has poor performance.  
Consider joining all columns at once using pd.concat(axis=1) instead. To get a de-fragmented frame, use `newframe = frame.copy()`
  input_df[f'{col}_lag_{lag}'] = 0.0
C:\Users\USER\Documents\Air Quality Prediction and Health Impact Analysis project\air-quality-prediction\backend\utils\model_loader.py:511: 
PerformanceWarning: DataFrame is highly fragmented.  This is usually the result of calling `frame.insert` many times, which has poor performance.  
Consider joining all columns at once using pd.concat(axis=1) instead. To get a de-fragmented frame, use `newframe = frame.copy()`
  input_df[f'{col}_lag_{lag}'] = 0.0
C:\Users\USER\Documents\Air Quality Prediction and Health Impact Analysis project\air-quality-prediction\backend\utils\model_loader.py:513: 
PerformanceWarning: DataFrame is highly fragmented.  This is usually the result of calling `frame.insert` many times, which has poor performance.  
Consider joining all columns at once using pd.concat(axis=1) instead. To get a de-fragmented frame, use `newframe = frame.copy()`
  input_df[f'{col}_rolling_mean_{window}'] = 0.0
C:\Users\USER\Documents\Air Quality Prediction and Health Impact Analysis project\air-quality-prediction\backend\utils\model_loader.py:514: 
PerformanceWarning: DataFrame is highly fragmented.  This is usually the result of calling `frame.insert` many times, which has poor performance.  
Consider joining all columns at once using pd.concat(axis=1) instead. To get a de-fragmented frame, use `newframe = frame.copy()`
  input_df[f'{col}_rolling_std_{window}'] = 0.0
C:\Users\USER\Documents\Air Quality Prediction and Health Impact Analysis project\air-quality-prediction\backend\utils\model_loader.py:515: 
PerformanceWarning: DataFrame is highly fragmented.  This is usually the result of calling `frame.insert` many times, which has poor performance.  
Consider joining all columns at once using pd.concat(axis=1) instead. To get a de-fragmented frame, use `newframe = frame.copy()`
  input_df[f'{col}_rolling_max_{window}'] = 0.0
C:\Users\USER\Documents\Air Quality Prediction and Health Impact Analysis project\air-quality-prediction\backend\utils\model_loader.py:513: 
PerformanceWarning: DataFrame is highly fragmented.  This is usually the result of calling `frame.insert` many times, which has poor performance.  
Consider joining all columns at once using pd.concat(axis=1) instead. To get a de-fragmented frame, use `newframe = frame.copy()`
  input_df[f'{col}_rolling_mean_{window}'] = 0.0
C:\Users\USER\Documents\Air Quality Prediction and Health Impact Analysis project\air-quality-prediction\backend\utils\model_loader.py:514: 
PerformanceWarning: DataFrame is highly fragmented.  This is usually the result of calling `frame.insert` many times, which has poor performance.  
Consider joining all columns at once using pd.concat(axis=1) instead. To get a de-fragmented frame, use `newframe = frame.copy()`
  input_df[f'{col}_rolling_std_{window}'] = 0.0
C:\Users\USER\Documents\Air Quality Prediction and Health Impact Analysis project\air-quality-prediction\backend\utils\model_loader.py:515: 
PerformanceWarning: DataFrame is highly fragmented.  This is usually the result of calling `frame.insert` many times, which has poor performance.  
Consider joining all columns at once using pd.concat(axis=1) instead. To get a de-fragmented frame, use `newframe = frame.copy()`
  input_df[f'{col}_rolling_max_{window}'] = 0.0
C:\Users\USER\Documents\Air Quality Prediction and Health Impact Analysis project\air-quality-prediction\backend\utils\model_loader.py:513: 
PerformanceWarning: DataFrame is highly fragmented.  This is usually the result of calling `frame.insert` many times, which has poor performance.  
Consider joining all columns at once using pd.concat(axis=1) instead. To get a de-fragmented frame, use `newframe = frame.copy()`
  input_df[f'{col}_rolling_mean_{window}'] = 0.0
C:\Users\USER\Documents\Air Quality Prediction and Health Impact Analysis project\air-quality-prediction\backend\utils\model_loader.py:514: 
PerformanceWarning: DataFrame is highly fragmented.  This is usually the result of calling `frame.insert` many times, which has poor performance.  
Consider joining all columns at once using pd.concat(axis=1) instead. To get a de-fragmented frame, use `newframe = frame.copy()`
  input_df[f'{col}_rolling_std_{window}'] = 0.0
C:\Users\USER\Documents\Air Quality Prediction and Health Impact Analysis project\air-quality-prediction\backend\utils\model_loader.py:515: 
PerformanceWarning: DataFrame is highly fragmented.  This is usually the result of calling `frame.insert` many times, which has poor performance.  
Consider joining all columns at once using pd.concat(axis=1) instead. To get a de-fragmented frame, use `newframe = frame.copy()`
  input_df[f'{col}_rolling_max_{window}'] = 0.0
No historical data provided. Lag and rolling features will be zero-filled.
C:\Users\USER\Documents\Air Quality Prediction and Health Impact Analysis project\air-quality-prediction\backend\utils\model_loader.py:511: 
PerformanceWarning: DataFrame is highly fragmented.  This is usually the result of calling `frame.insert` many times, which has poor performance.  
Consider joining all columns at once using pd.concat(axis=1) instead. To get a de-fragmented frame, use `newframe = frame.copy()`
  input_df[f'{col}_lag_{lag}'] = 0.0
C:\Users\USER\Documents\Air Quality Prediction and Health Impact Analysis project\air-quality-prediction\backend\utils\model_loader.py:511: 
PerformanceWarning: DataFrame is highly fragmented.  This is usually the result of calling `frame.insert` many times, which has poor performance.  
Consider joining all columns at once using pd.concat(axis=1) instead. To get a de-fragmented frame, use `newframe = frame.copy()`
  input_df[f'{col}_lag_{lag}'] = 0.0
C:\Users\USER\Documents\Air Quality Prediction and Health Impact Analysis project\air-quality-prediction\backend\utils\model_loader.py:511: 
PerformanceWarning: DataFrame is highly fragmented.  This is usually the result of calling `frame.insert` many times, which has poor performance.  
Consider joining all columns at once using pd.concat(axis=1) instead. To get a de-fragmented frame, use `newframe = frame.copy()`
  input_df[f'{col}_lag_{lag}'] = 0.0
C:\Users\USER\Documents\Air Quality Prediction and Health Impact Analysis project\air-quality-prediction\backend\utils\model_loader.py:511: 
PerformanceWarning: DataFrame is highly fragmented.  This is usually the result of calling `frame.insert` many times, which has poor performance.  
Consider joining all columns at once using pd.concat(axis=1) instead. To get a de-fragmented frame, use `newframe = frame.copy()`
  input_df[f'{col}_lag_{lag}'] = 0.0
C:\Users\USER\Documents\Air Quality Prediction and Health Impact Analysis project\air-quality-prediction\backend\utils\model_loader.py:511: 
PerformanceWarning: DataFrame is highly fragmented.  This is usually the result of calling `frame.insert` many times, which has poor performance.  
Consider joining all columns at once using pd.concat(axis=1) instead. To get a de-fragmented frame, use `newframe = frame.copy()`
  input_df[f'{col}_lag_{lag}'] = 0.0
C:\Users\USER\Documents\Air Quality Prediction and Health Impact Analysis project\air-quality-prediction\backend\utils\model_loader.py:513: 
PerformanceWarning: DataFrame is highly fragmented.  This is usually the result of calling `frame.insert` many times, which has poor performance.  
Consider joining all columns at once using pd.concat(axis=1) instead. To get a de-fragmented frame, use `newframe = frame.copy()`
  input_df[f'{col}_rolling_mean_{window}'] = 0.0
C:\Users\USER\Documents\Air Quality Prediction and Health Impact Analysis project\air-quality-prediction\backend\utils\model_loader.py:514: 
PerformanceWarning: DataFrame is highly fragmented.  This is usually the result of calling `frame.insert` many times, which has poor performance.  
Consider joining all columns at once using pd.concat(axis=1) instead. To get a de-fragmented frame, use `newframe = frame.copy()`
  input_df[f'{col}_rolling_std_{window}'] = 0.0
C:\Users\USER\Documents\Air Quality Prediction and Health Impact Analysis project\air-quality-prediction\backend\utils\model_loader.py:515: 
PerformanceWarning: DataFrame is highly fragmented.  This is usually the result of calling `frame.insert` many times, which has poor performance.  
Consider joining all columns at once using pd.concat(axis=1) instead. To get a de-fragmented frame, use `newframe = frame.copy()`
  input_df[f'{col}_rolling_max_{window}'] = 0.0
C:\Users\USER\Documents\Air Quality Prediction and Health Impact Analysis project\air-quality-prediction\backend\utils\model_loader.py:513: 
PerformanceWarning: DataFrame is highly fragmented.  This is usually the result of calling `frame.insert` many times, which has poor performance.  
Consider joining all columns at once using pd.concat(axis=1) instead. To get a de-fragmented frame, use `newframe = frame.copy()`
  input_df[f'{col}_rolling_mean_{window}'] = 0.0
C:\Users\USER\Documents\Air Quality Prediction and Health Impact Analysis project\air-quality-prediction\backend\utils\model_loader.py:514: 
PerformanceWarning: DataFrame is highly fragmented.  This is usually the result of calling `frame.insert` many times, which has poor performance.  
Consider joining all columns at once using pd.concat(axis=1) instead. To get a de-fragmented frame, use `newframe = frame.copy()`
  input_df[f'{col}_rolling_std_{window}'] = 0.0
C:\Users\USER\Documents\Air Quality Prediction and Health Impact Analysis project\air-quality-prediction\backend\utils\model_loader.py:515: 
PerformanceWarning: DataFrame is highly fragmented.  This is usually the result of calling `frame.insert` many times, which has poor performance.  
Consider joining all columns at once using pd.concat(axis=1) instead. To get a de-fragmented frame, use `newframe = frame.copy()`
  input_df[f'{col}_rolling_max_{window}'] = 0.0
C:\Users\USER\Documents\Air Quality Prediction and Health Impact Analysis project\air-quality-prediction\backend\utils\model_loader.py:513: 
PerformanceWarning: DataFrame is highly fragmented.  This is usually the result of calling `frame.insert` many times, which has poor performance.  
Consider joining all columns at once using pd.concat(axis=1) instead. To get a de-fragmented frame, use `newframe = frame.copy()`
  input_df[f'{col}_rolling_mean_{window}'] = 0.0
C:\Users\USER\Documents\Air Quality Prediction and Health Impact Analysis project\air-quality-prediction\backend\utils\model_loader.py:514: 
PerformanceWarning: DataFrame is highly fragmented.  This is usually the result of calling `frame.insert` many times, which has poor performance.  
Consider joining all columns at once using pd.concat(axis=1) instead. To get a de-fragmented frame, use `newframe = frame.copy()`
  input_df[f'{col}_rolling_std_{window}'] = 0.0
C:\Users\USER\Documents\Air Quality Prediction and Health Impact Analysis project\air-quality-prediction\backend\utils\model_loader.py:515: 
PerformanceWarning: DataFrame is highly fragmented.  This is usually the result of calling `frame.insert` many times, which has poor performance.  
Consider joining all columns at once using pd.concat(axis=1) instead. To get a de-fragmented frame, use `newframe = frame.copy()`
  input_df[f'{col}_rolling_max_{window}'] = 0.0
C:\Users\USER\Documents\Air Quality Prediction and Health Impact Analysis project\air-quality-prediction\backend\utils\model_loader.py:511: 
PerformanceWarning: DataFrame is highly fragmented.  This is usually the result of calling `frame.insert` many times, which has poor performance.  
Consider joining all columns at once using pd.concat(axis=1) instead. To get a de-fragmented frame, use `newframe = frame.copy()`
  input_df[f'{col}_lag_{lag}'] = 0.0
C:\Users\USER\Documents\Air Quality Prediction and Health Impact Analysis project\air-quality-prediction\backend\utils\model_loader.py:511: 
PerformanceWarning: DataFrame is highly fragmented.  This is usually the result of calling `frame.insert` many times, which has poor performance.  
Consider joining all columns at once using pd.concat(axis=1) instead. To get a de-fragmented frame, use `newframe = frame.copy()`
  input_df[f'{col}_lag_{lag}'] = 0.0
C:\Users\USER\Documents\Air Quality Prediction and Health Impact Analysis project\air-quality-prediction\backend\utils\model_loader.py:511: 
PerformanceWarning: DataFrame is highly fragmented.  This is usually the result of calling `frame.insert` many times, which has poor performance.  
Consider joining all columns at once using pd.concat(axis=1) instead. To get a de-fragmented frame, use `newframe = frame.copy()`
  input_df[f'{col}_lag_{lag}'] = 0.0
C:\Users\USER\Documents\Air Quality Prediction and Health Impact Analysis project\air-quality-prediction\backend\utils\model_loader.py:511: 
PerformanceWarning: DataFrame is highly fragmented.  This is usually the result of calling `frame.insert` many times, which has poor performance.  
Consider joining all columns at once using pd.concat(axis=1) instead. To get a de-fragmented frame, use `newframe = frame.copy()`
  input_df[f'{col}_lag_{lag}'] = 0.0
C:\Users\USER\Documents\Air Quality Prediction and Health Impact Analysis project\air-quality-prediction\backend\utils\model_loader.py:511: 
PerformanceWarning: DataFrame is highly fragmented.  This is usually the result of calling `frame.insert` many times, which has poor performance.  
Consider joining all columns at once using pd.concat(axis=1) instead. To get a de-fragmented frame, use `newframe = frame.copy()`
  input_df[f'{col}_lag_{lag}'] = 0.0
C:\Users\USER\Documents\Air Quality Prediction and Health Impact Analysis project\air-quality-prediction\backend\utils\model_loader.py:511: 
PerformanceWarning: DataFrame is highly fragmented.  This is usually the result of calling `frame.insert` many times, which has poor performance.  
Consider joining all columns at once using pd.concat(axis=1) instead. To get a de-fragmented frame, use `newframe = frame.copy()`
  input_df[f'{col}_lag_{lag}'] = 0.0
C:\Users\USER\Documents\Air Quality Prediction and Health Impact Analysis project\air-quality-prediction\backend\utils\model_loader.py:513: 
PerformanceWarning: DataFrame is highly fragmented.  This is usually the result of calling `frame.insert` many times, which has poor performance.  
Consider joining all columns at once using pd.concat(axis=1) instead. To get a de-fragmented frame, use `newframe = frame.copy()`
  input_df[f'{col}_rolling_mean_{window}'] = 0.0
C:\Users\USER\Documents\Air Quality Prediction and Health Impact Analysis project\air-quality-prediction\backend\utils\model_loader.py:514: 
PerformanceWarning: DataFrame is highly fragmented.  This is usually the result of calling `frame.insert` many times, which has poor performance.  
Consider joining all columns at once using pd.concat(axis=1) instead. To get a de-fragmented frame, use `newframe = frame.copy()`
  input_df[f'{col}_rolling_std_{window}'] = 0.0
C:\Users\USER\Documents\Air Quality Prediction and Health Impact Analysis project\air-quality-prediction\backend\utils\model_loader.py:515: 
PerformanceWarning: DataFrame is highly fragmented.  This is usually the result of calling `frame.insert` many times, which has poor performance.  
Consider joining all columns at once using pd.concat(axis=1) instead. To get a de-fragmented frame, use `newframe = frame.copy()`
  input_df[f'{col}_rolling_max_{window}'] = 0.0
C:\Users\USER\Documents\Air Quality Prediction and Health Impact Analysis project\air-quality-prediction\backend\utils\model_loader.py:513: 
PerformanceWarning: DataFrame is highly fragmented.  This is usually the result of calling `frame.insert` many times, which has poor performance.  
Consider joining all columns at once using pd.concat(axis=1) instead. To get a de-fragmented frame, use `newframe = frame.copy()`
  input_df[f'{col}_rolling_mean_{window}'] = 0.0
C:\Users\USER\Documents\Air Quality Prediction and Health Impact Analysis project\air-quality-prediction\backend\utils\model_loader.py:514: 
PerformanceWarning: DataFrame is highly fragmented.  This is usually the result of calling `frame.insert` many times, which has poor performance.  
Consider joining all columns at once using pd.concat(axis=1) instead. To get a de-fragmented frame, use `newframe = frame.copy()`
  input_df[f'{col}_rolling_std_{window}'] = 0.0
C:\Users\USER\Documents\Air Quality Prediction and Health Impact Analysis project\air-quality-prediction\backend\utils\model_loader.py:515: 
PerformanceWarning: DataFrame is highly fragmented.  This is usually the result of calling `frame.insert` many times, which has poor performance.  
Consider joining all columns at once using pd.concat(axis=1) instead. To get a de-fragmented frame, use `newframe = frame.copy()`
  input_df[f'{col}_rolling_max_{window}'] = 0.0
C:\Users\USER\Documents\Air Quality Prediction and Health Impact Analysis project\air-quality-prediction\backend\utils\model_loader.py:513: 
PerformanceWarning: DataFrame is highly fragmented.  This is usually the result of calling `frame.insert` many times, which has poor performance.  
Consider joining all columns at once using pd.concat(axis=1) instead. To get a de-fragmented frame, use `newframe = frame.copy()`
  input_df[f'{col}_rolling_mean_{window}'] = 0.0
C:\Users\USER\Documents\Air Quality Prediction and Health Impact Analysis project\air-quality-prediction\backend\utils\model_loader.py:514: 
PerformanceWarning: DataFrame is highly fragmented.  This is usually the result of calling `frame.insert` many times, which has poor performance.  
Consider joining all columns at once using pd.concat(axis=1) instead. To get a de-fragmented frame, use `newframe = frame.copy()`
  input_df[f'{col}_rolling_std_{window}'] = 0.0
C:\Users\USER\Documents\Air Quality Prediction and Health Impact Analysis project\air-quality-prediction\backend\utils\model_loader.py:515: 
PerformanceWarning: DataFrame is highly fragmented.  This is usually the result of calling `frame.insert` many times, which has poor performance.  
Consider joining all columns at once using pd.concat(axis=1) instead. To get a de-fragmented frame, use `newframe = frame.copy()`
  input_df[f'{col}_rolling_max_{window}'] = 0.0
C:\Users\USER\Documents\Air Quality Prediction and Health Impact Analysis project\air-quality-prediction\backend\utils\model_loader.py:511: 
PerformanceWarning: DataFrame is highly fragmented.  This is usually the result of calling `frame.insert` many times, which has poor performance.  
Consider joining all columns at once using pd.concat(axis=1) instead. To get a de-fragmented frame, use `newframe = frame.copy()`
  input_df[f'{col}_lag_{lag}'] = 0.0
C:\Users\USER\Documents\Air Quality Prediction and Health Impact Analysis project\air-quality-prediction\backend\utils\model_loader.py:511: 
PerformanceWarning: DataFrame is highly fragmented.  This is usually the result of calling `frame.insert` many times, which has poor performance.  
Consider joining all columns at once using pd.concat(axis=1) instead. To get a de-fragmented frame, use `newframe = frame.copy()`
  input_df[f'{col}_lag_{lag}'] = 0.0
C:\Users\USER\Documents\Air Quality Prediction and Health Impact Analysis project\air-quality-prediction\backend\utils\model_loader.py:511: 
PerformanceWarning: DataFrame is highly fragmented.  This is usually the result of calling `frame.insert` many times, which has poor performance.  
Consider joining all columns at once using pd.concat(axis=1) instead. To get a de-fragmented frame, use `newframe = frame.copy()`
  input_df[f'{col}_lag_{lag}'] = 0.0
C:\Users\USER\Documents\Air Quality Prediction and Health Impact Analysis project\air-quality-prediction\backend\utils\model_loader.py:511: 
PerformanceWarning: DataFrame is highly fragmented.  This is usually the result of calling `frame.insert` many times, which has poor performance.  
Consider joining all columns at once using pd.concat(axis=1) instead. To get a de-fragmented frame, use `newframe = frame.copy()`
  input_df[f'{col}_lag_{lag}'] = 0.0
C:\Users\USER\Documents\Air Quality Prediction and Health Impact Analysis project\air-quality-prediction\backend\utils\model_loader.py:511: 
PerformanceWarning: DataFrame is highly fragmented.  This is usually the result of calling `frame.insert` many times, which has poor performance.  
Consider joining all columns at once using pd.concat(axis=1) instead. To get a de-fragmented frame, use `newframe = frame.copy()`
  input_df[f'{col}_lag_{lag}'] = 0.0
C:\Users\USER\Documents\Air Quality Prediction and Health Impact Analysis project\air-quality-prediction\backend\utils\model_loader.py:511: 
PerformanceWarning: DataFrame is highly fragmented.  This is usually the result of calling `frame.insert` many times, which has poor performance.  
Consider joining all columns at once using pd.concat(axis=1) instead. To get a de-fragmented frame, use `newframe = frame.copy()`
  input_df[f'{col}_lag_{lag}'] = 0.0
C:\Users\USER\Documents\Air Quality Prediction and Health Impact Analysis project\air-quality-prediction\backend\utils\model_loader.py:513: 
PerformanceWarning: DataFrame is highly fragmented.  This is usually the result of calling `frame.insert` many times, which has poor performance.  
Consider joining all columns at once using pd.concat(axis=1) instead. To get a de-fragmented frame, use `newframe = frame.copy()`
  input_df[f'{col}_rolling_mean_{window}'] = 0.0
C:\Users\USER\Documents\Air Quality Prediction and Health Impact Analysis project\air-quality-prediction\backend\utils\model_loader.py:514: 
PerformanceWarning: DataFrame is highly fragmented.  This is usually the result of calling `frame.insert` many times, which has poor performance.  
Consider joining all columns at once using pd.concat(axis=1) instead. To get a de-fragmented frame, use `newframe = frame.copy()`
  input_df[f'{col}_rolling_std_{window}'] = 0.0
C:\Users\USER\Documents\Air Quality Prediction and Health Impact Analysis project\air-quality-prediction\backend\utils\model_loader.py:515: 
PerformanceWarning: DataFrame is highly fragmented.  This is usually the result of calling `frame.insert` many times, which has poor performance.  
Consider joining all columns at once using pd.concat(axis=1) instead. To get a de-fragmented frame, use `newframe = frame.copy()`
  input_df[f'{col}_rolling_max_{window}'] = 0.0
C:\Users\USER\Documents\Air Quality Prediction and Health Impact Analysis project\air-quality-prediction\backend\utils\model_loader.py:513: 
PerformanceWarning: DataFrame is highly fragmented.  This is usually the result of calling `frame.insert` many times, which has poor performance.  
Consider joining all columns at once using pd.concat(axis=1) instead. To get a de-fragmented frame, use `newframe = frame.copy()`
  input_df[f'{col}_rolling_mean_{window}'] = 0.0
C:\Users\USER\Documents\Air Quality Prediction and Health Impact Analysis project\air-quality-prediction\backend\utils\model_loader.py:514: 
PerformanceWarning: DataFrame is highly fragmented.  This is usually the result of calling `frame.insert` many times, which has poor performance.  
Consider joining all columns at once using pd.concat(axis=1) instead. To get a de-fragmented frame, use `newframe = frame.copy()`
  input_df[f'{col}_rolling_std_{window}'] = 0.0
C:\Users\USER\Documents\Air Quality Prediction and Health Impact Analysis project\air-quality-prediction\backend\utils\model_loader.py:515: 
PerformanceWarning: DataFrame is highly fragmented.  This is usually the result of calling `frame.insert` many times, which has poor performance.  
Consider joining all columns at once using pd.concat(axis=1) instead. To get a de-fragmented frame, use `newframe = frame.copy()`
  input_df[f'{col}_rolling_max_{window}'] = 0.0
C:\Users\USER\Documents\Air Quality Prediction and Health Impact Analysis project\air-quality-prediction\backend\utils\model_loader.py:513: 
PerformanceWarning: DataFrame is highly fragmented.  This is usually the result of calling `frame.insert` many times, which has poor performance.  
Consider joining all columns at once using pd.concat(axis=1) instead. To get a de-fragmented frame, use `newframe = frame.copy()`
  input_df[f'{col}_rolling_mean_{window}'] = 0.0
C:\Users\USER\Documents\Air Quality Prediction and Health Impact Analysis project\air-quality-prediction\backend\utils\model_loader.py:514: 
PerformanceWarning: DataFrame is highly fragmented.  This is usually the result of calling `frame.insert` many times, which has poor performance.  
Consider joining all columns at once using pd.concat(axis=1) instead. To get a de-fragmented frame, use `newframe = frame.copy()`
  input_df[f'{col}_rolling_std_{window}'] = 0.0
C:\Users\USER\Documents\Air Quality Prediction and Health Impact Analysis project\air-quality-prediction\backend\utils\model_loader.py:515: 
PerformanceWarning: DataFrame is highly fragmented.  This is usually the result of calling `frame.insert` many times, which has poor performance.  
Consider joining all columns at once using pd.concat(axis=1) instead. To get a de-fragmented frame, use `newframe = frame.copy()`
  input_df[f'{col}_rolling_max_{window}'] = 0.0
No historical data provided. Lag and rolling features will be zero-filled.
C:\Users\USER\Documents\Air Quality Prediction and Health Impact Analysis project\air-quality-prediction\backend\utils\model_loader.py:511: 
PerformanceWarning: DataFrame is highly fragmented.  This is usually the result of calling `frame.insert` many times, which has poor performance.  
Consider joining all columns at once using pd.concat(axis=1) instead. To get a de-fragmented frame, use `newframe = frame.copy()`
  input_df[f'{col}_lag_{lag}'] = 0.0
C:\Users\USER\Documents\Air Quality Prediction and Health Impact Analysis project\air-quality-prediction\backend\utils\model_loader.py:511: 
PerformanceWarning: DataFrame is highly fragmented.  This is usually the result of calling `frame.insert` many times, which has poor performance.  
Consider joining all columns at once using pd.concat(axis=1) instead. To get a de-fragmented frame, use `newframe = frame.copy()`
  input_df[f'{col}_lag_{lag}'] = 0.0
C:\Users\USER\Documents\Air Quality Prediction and Health Impact Analysis project\air-quality-prediction\backend\utils\model_loader.py:511: 
PerformanceWarning: DataFrame is highly fragmented.  This is usually the result of calling `frame.insert` many times, which has poor performance.  
Consider joining all columns at once using pd.concat(axis=1) instead. To get a de-fragmented frame, use `newframe = frame.copy()`
  input_df[f'{col}_lag_{lag}'] = 0.0
C:\Users\USER\Documents\Air Quality Prediction and Health Impact Analysis project\air-quality-prediction\backend\utils\model_loader.py:511: 
PerformanceWarning: DataFrame is highly fragmented.  This is usually the result of calling `frame.insert` many times, which has poor performance.  
Consider joining all columns at once using pd.concat(axis=1) instead. To get a de-fragmented frame, use `newframe = frame.copy()`
  input_df[f'{col}_lag_{lag}'] = 0.0
C:\Users\USER\Documents\Air Quality Prediction and Health Impact Analysis project\air-quality-prediction\backend\utils\model_loader.py:511: 
PerformanceWarning: DataFrame is highly fragmented.  This is usually the result of calling `frame.insert` many times, which has poor performance.  
Consider joining all columns at once using pd.concat(axis=1) instead. To get a de-fragmented frame, use `newframe = frame.copy()`
  input_df[f'{col}_lag_{lag}'] = 0.0
C:\Users\USER\Documents\Air Quality Prediction and Health Impact Analysis project\air-quality-prediction\backend\utils\model_loader.py:513: 
PerformanceWarning: DataFrame is highly fragmented.  This is usually the result of calling `frame.insert` many times, which has poor performance.  
Consider joining all columns at once using pd.concat(axis=1) instead. To get a de-fragmented frame, use `newframe = frame.copy()`
  input_df[f'{col}_rolling_mean_{window}'] = 0.0
C:\Users\USER\Documents\Air Quality Prediction and Health Impact Analysis project\air-quality-prediction\backend\utils\model_loader.py:514: 
PerformanceWarning: DataFrame is highly fragmented.  This is usually the result of calling `frame.insert` many times, which has poor performance.  
Consider joining all columns at once using pd.concat(axis=1) instead. To get a de-fragmented frame, use `newframe = frame.copy()`
  input_df[f'{col}_rolling_std_{window}'] = 0.0
C:\Users\USER\Documents\Air Quality Prediction and Health Impact Analysis project\air-quality-prediction\backend\utils\model_loader.py:515: 
PerformanceWarning: DataFrame is highly fragmented.  This is usually the result of calling `frame.insert` many times, which has poor performance.  
Consider joining all columns at once using pd.concat(axis=1) instead. To get a de-fragmented frame, use `newframe = frame.copy()`
  input_df[f'{col}_rolling_max_{window}'] = 0.0
C:\Users\USER\Documents\Air Quality Prediction and Health Impact Analysis project\air-quality-prediction\backend\utils\model_loader.py:513: 
PerformanceWarning: DataFrame is highly fragmented.  This is usually the result of calling `frame.insert` many times, which has poor performance.  
Consider joining all columns at once using pd.concat(axis=1) instead. To get a de-fragmented frame, use `newframe = frame.copy()`
  input_df[f'{col}_rolling_mean_{window}'] = 0.0
C:\Users\USER\Documents\Air Quality Prediction and Health Impact Analysis project\air-quality-prediction\backend\utils\model_loader.py:514: 
PerformanceWarning: DataFrame is highly fragmented.  This is usually the result of calling `frame.insert` many times, which has poor performance.  
Consider joining all columns at once using pd.concat(axis=1) instead. To get a de-fragmented frame, use `newframe = frame.copy()`
  input_df[f'{col}_rolling_std_{window}'] = 0.0
C:\Users\USER\Documents\Air Quality Prediction and Health Impact Analysis project\air-quality-prediction\backend\utils\model_loader.py:515: 
PerformanceWarning: DataFrame is highly fragmented.  This is usually the result of calling `frame.insert` many times, which has poor performance.  
Consider joining all columns at once using pd.concat(axis=1) instead. To get a de-fragmented frame, use `newframe = frame.copy()`
  input_df[f'{col}_rolling_max_{window}'] = 0.0
C:\Users\USER\Documents\Air Quality Prediction and Health Impact Analysis project\air-quality-prediction\backend\utils\model_loader.py:513: 
PerformanceWarning: DataFrame is highly fragmented.  This is usually the result of calling `frame.insert` many times, which has poor performance.  
Consider joining all columns at once using pd.concat(axis=1) instead. To get a de-fragmented frame, use `newframe = frame.copy()`
  input_df[f'{col}_rolling_mean_{window}'] = 0.0
C:\Users\USER\Documents\Air Quality Prediction and Health Impact Analysis project\air-quality-prediction\backend\utils\model_loader.py:514: 
PerformanceWarning: DataFrame is highly fragmented.  This is usually the result of calling `frame.insert` many times, which has poor performance.  
Consider joining all columns at once using pd.concat(axis=1) instead. To get a de-fragmented frame, use `newframe = frame.copy()`
  input_df[f'{col}_rolling_std_{window}'] = 0.0
C:\Users\USER\Documents\Air Quality Prediction and Health Impact Analysis project\air-quality-prediction\backend\utils\model_loader.py:515: 
PerformanceWarning: DataFrame is highly fragmented.  This is usually the result of calling `frame.insert` many times, which has poor performance.  
Consider joining all columns at once using pd.concat(axis=1) instead. To get a de-fragmented frame, use `newframe = frame.copy()`
  input_df[f'{col}_rolling_max_{window}'] = 0.0
C:\Users\USER\Documents\Air Quality Prediction and Health Impact Analysis project\air-quality-prediction\backend\utils\model_loader.py:511: 
PerformanceWarning: DataFrame is highly fragmented.  This is usually the result of calling `frame.insert` many times, which has poor performance.  
Consider joining all columns at once using pd.concat(axis=1) instead. To get a de-fragmented frame, use `newframe = frame.copy()`
  input_df[f'{col}_lag_{lag}'] = 0.0
C:\Users\USER\Documents\Air Quality Prediction and Health Impact Analysis project\air-quality-prediction\backend\utils\model_loader.py:511: 
PerformanceWarning: DataFrame is highly fragmented.  This is usually the result of calling `frame.insert` many times, which has poor performance.  
Consider joining all columns at once using pd.concat(axis=1) instead. To get a de-fragmented frame, use `newframe = frame.copy()`
  input_df[f'{col}_lag_{lag}'] = 0.0
C:\Users\USER\Documents\Air Quality Prediction and Health Impact Analysis project\air-quality-prediction\backend\utils\model_loader.py:511: 
PerformanceWarning: DataFrame is highly fragmented.  This is usually the result of calling `frame.insert` many times, which has poor performance.  
Consider joining all columns at once using pd.concat(axis=1) instead. To get a de-fragmented frame, use `newframe = frame.copy()`
  input_df[f'{col}_lag_{lag}'] = 0.0
C:\Users\USER\Documents\Air Quality Prediction and Health Impact Analysis project\air-quality-prediction\backend\utils\model_loader.py:511: 
PerformanceWarning: DataFrame is highly fragmented.  This is usually the result of calling `frame.insert` many times, which has poor performance.  
Consider joining all columns at once using pd.concat(axis=1) instead. To get a de-fragmented frame, use `newframe = frame.copy()`
  input_df[f'{col}_lag_{lag}'] = 0.0
C:\Users\USER\Documents\Air Quality Prediction and Health Impact Analysis project\air-quality-prediction\backend\utils\model_loader.py:511: 
PerformanceWarning: DataFrame is highly fragmented.  This is usually the result of calling `frame.insert` many times, which has poor performance.  
Consider joining all columns at once using pd.concat(axis=1) instead. To get a de-fragmented frame, use `newframe = frame.copy()`
  input_df[f'{col}_lag_{lag}'] = 0.0
C:\Users\USER\Documents\Air Quality Prediction and Health Impact Analysis project\air-quality-prediction\backend\utils\model_loader.py:511: 
PerformanceWarning: DataFrame is highly fragmented.  This is usually the result of calling `frame.insert` many times, which has poor performance.  
Consider joining all columns at once using pd.concat(axis=1) instead. To get a de-fragmented frame, use `newframe = frame.copy()`
  input_df[f'{col}_lag_{lag}'] = 0.0
C:\Users\USER\Documents\Air Quality Prediction and Health Impact Analysis project\air-quality-prediction\backend\utils\model_loader.py:513: 
PerformanceWarning: DataFrame is highly fragmented.  This is usually the result of calling `frame.insert` many times, which has poor performance.  
Consider joining all columns at once using pd.concat(axis=1) instead. To get a de-fragmented frame, use `newframe = frame.copy()`
  input_df[f'{col}_rolling_mean_{window}'] = 0.0
C:\Users\USER\Documents\Air Quality Prediction and Health Impact Analysis project\air-quality-prediction\backend\utils\model_loader.py:514: 
PerformanceWarning: DataFrame is highly fragmented.  This is usually the result of calling `frame.insert` many times, which has poor performance.  
Consider joining all columns at once using pd.concat(axis=1) instead. To get a de-fragmented frame, use `newframe = frame.copy()`
  input_df[f'{col}_rolling_std_{window}'] = 0.0
C:\Users\USER\Documents\Air Quality Prediction and Health Impact Analysis project\air-quality-prediction\backend\utils\model_loader.py:515: 
PerformanceWarning: DataFrame is highly fragmented.  This is usually the result of calling `frame.insert` many times, which has poor performance.  
Consider joining all columns at once using pd.concat(axis=1) instead. To get a de-fragmented frame, use `newframe = frame.copy()`
  input_df[f'{col}_rolling_max_{window}'] = 0.0
C:\Users\USER\Documents\Air Quality Prediction and Health Impact Analysis project\air-quality-prediction\backend\utils\model_loader.py:513: 
PerformanceWarning: DataFrame is highly fragmented.  This is usually the result of calling `frame.insert` many times, which has poor performance.  
Consider joining all columns at once using pd.concat(axis=1) instead. To get a de-fragmented frame, use `newframe = frame.copy()`
  input_df[f'{col}_rolling_mean_{window}'] = 0.0
C:\Users\USER\Documents\Air Quality Prediction and Health Impact Analysis project\air-quality-prediction\backend\utils\model_loader.py:514: 
PerformanceWarning: DataFrame is highly fragmented.  This is usually the result of calling `frame.insert` many times, which has poor performance.  
Consider joining all columns at once using pd.concat(axis=1) instead. To get a de-fragmented frame, use `newframe = frame.copy()`
  input_df[f'{col}_rolling_std_{window}'] = 0.0
C:\Users\USER\Documents\Air Quality Prediction and Health Impact Analysis project\air-quality-prediction\backend\utils\model_loader.py:515: 
PerformanceWarning: DataFrame is highly fragmented.  This is usually the result of calling `frame.insert` many times, which has poor performance.  
Consider joining all columns at once using pd.concat(axis=1) instead. To get a de-fragmented frame, use `newframe = frame.copy()`
  input_df[f'{col}_rolling_max_{window}'] = 0.0
C:\Users\USER\Documents\Air Quality Prediction and Health Impact Analysis project\air-quality-prediction\backend\utils\model_loader.py:513: 
PerformanceWarning: DataFrame is highly fragmented.  This is usually the result of calling `frame.insert` many times, which has poor performance.  
Consider joining all columns at once using pd.concat(axis=1) instead. To get a de-fragmented frame, use `newframe = frame.copy()`
  input_df[f'{col}_rolling_mean_{window}'] = 0.0
C:\Users\USER\Documents\Air Quality Prediction and Health Impact Analysis project\air-quality-prediction\backend\utils\model_loader.py:514: 
PerformanceWarning: DataFrame is highly fragmented.  This is usually the result of calling `frame.insert` many times, which has poor performance.  
Consider joining all columns at once using pd.concat(axis=1) instead. To get a de-fragmented frame, use `newframe = frame.copy()`
  input_df[f'{col}_rolling_std_{window}'] = 0.0
C:\Users\USER\Documents\Air Quality Prediction and Health Impact Analysis project\air-quality-prediction\backend\utils\model_loader.py:515: 
PerformanceWarning: DataFrame is highly fragmented.  This is usually the result of calling `frame.insert` many times, which has poor performance.  
Consider joining all columns at once using pd.concat(axis=1) instead. To get a de-fragmented frame, use `newframe = frame.copy()`
  input_df[f'{col}_rolling_max_{window}'] = 0.0
C:\Users\USER\Documents\Air Quality Prediction and Health Impact Analysis project\air-quality-prediction\backend\utils\model_loader.py:511: 
PerformanceWarning: DataFrame is highly fragmented.  This is usually the result of calling `frame.insert` many times, which has poor performance.  
Consider joining all columns at once using pd.concat(axis=1) instead. To get a de-fragmented frame, use `newframe = frame.copy()`
  input_df[f'{col}_lag_{lag}'] = 0.0
C:\Users\USER\Documents\Air Quality Prediction and Health Impact Analysis project\air-quality-prediction\backend\utils\model_loader.py:511: 
PerformanceWarning: DataFrame is highly fragmented.  This is usually the result of calling `frame.insert` many times, which has poor performance.  
Consider joining all columns at once using pd.concat(axis=1) instead. To get a de-fragmented frame, use `newframe = frame.copy()`
  input_df[f'{col}_lag_{lag}'] = 0.0
C:\Users\USER\Documents\Air Quality Prediction and Health Impact Analysis project\air-quality-prediction\backend\utils\model_loader.py:511: 
PerformanceWarning: DataFrame is highly fragmented.  This is usually the result of calling `frame.insert` many times, which has poor performance.  
Consider joining all columns at once using pd.concat(axis=1) instead. To get a de-fragmented frame, use `newframe = frame.copy()`
  input_df[f'{col}_lag_{lag}'] = 0.0
C:\Users\USER\Documents\Air Quality Prediction and Health Impact Analysis project\air-quality-prediction\backend\utils\model_loader.py:511: 
PerformanceWarning: DataFrame is highly fragmented.  This is usually the result of calling `frame.insert` many times, which has poor performance.  
Consider joining all columns at once using pd.concat(axis=1) instead. To get a de-fragmented frame, use `newframe = frame.copy()`
  input_df[f'{col}_lag_{lag}'] = 0.0
C:\Users\USER\Documents\Air Quality Prediction and Health Impact Analysis project\air-quality-prediction\backend\utils\model_loader.py:511: 
PerformanceWarning: DataFrame is highly fragmented.  This is usually the result of calling `frame.insert` many times, which has poor performance.  
Consider joining all columns at once using pd.concat(axis=1) instead. To get a de-fragmented frame, use `newframe = frame.copy()`
  input_df[f'{col}_lag_{lag}'] = 0.0
C:\Users\USER\Documents\Air Quality Prediction and Health Impact Analysis project\air-quality-prediction\backend\utils\model_loader.py:511: 
PerformanceWarning: DataFrame is highly fragmented.  This is usually the result of calling `frame.insert` many times, which has poor performance.  
Consider joining all columns at once using pd.concat(axis=1) instead. To get a de-fragmented frame, use `newframe = frame.copy()`
  input_df[f'{col}_lag_{lag}'] = 0.0
C:\Users\USER\Documents\Air Quality Prediction and Health Impact Analysis project\air-quality-prediction\backend\utils\model_loader.py:513: 
PerformanceWarning: DataFrame is highly fragmented.  This is usually the result of calling `frame.insert` many times, which has poor performance.  
Consider joining all columns at once using pd.concat(axis=1) instead. To get a de-fragmented frame, use `newframe = frame.copy()`
  input_df[f'{col}_rolling_mean_{window}'] = 0.0
C:\Users\USER\Documents\Air Quality Prediction and Health Impact Analysis project\air-quality-prediction\backend\utils\model_loader.py:514: 
PerformanceWarning: DataFrame is highly fragmented.  This is usually the result of calling `frame.insert` many times, which has poor performance.  
Consider joining all columns at once using pd.concat(axis=1) instead. To get a de-fragmented frame, use `newframe = frame.copy()`
  input_df[f'{col}_rolling_std_{window}'] = 0.0
C:\Users\USER\Documents\Air Quality Prediction and Health Impact Analysis project\air-quality-prediction\backend\utils\model_loader.py:515: 
PerformanceWarning: DataFrame is highly fragmented.  This is usually the result of calling `frame.insert` many times, which has poor performance.  
Consider joining all columns at once using pd.concat(axis=1) instead. To get a de-fragmented frame, use `newframe = frame.copy()`
  input_df[f'{col}_rolling_max_{window}'] = 0.0
C:\Users\USER\Documents\Air Quality Prediction and Health Impact Analysis project\air-quality-prediction\backend\utils\model_loader.py:513: 
PerformanceWarning: DataFrame is highly fragmented.  This is usually the result of calling `frame.insert` many times, which has poor performance.  
Consider joining all columns at once using pd.concat(axis=1) instead. To get a de-fragmented frame, use `newframe = frame.copy()`
  input_df[f'{col}_rolling_mean_{window}'] = 0.0
C:\Users\USER\Documents\Air Quality Prediction and Health Impact Analysis project\air-quality-prediction\backend\utils\model_loader.py:514: 
PerformanceWarning: DataFrame is highly fragmented.  This is usually the result of calling `frame.insert` many times, which has poor performance.  
Consider joining all columns at once using pd.concat(axis=1) instead. To get a de-fragmented frame, use `newframe = frame.copy()`
  input_df[f'{col}_rolling_std_{window}'] = 0.0
C:\Users\USER\Documents\Air Quality Prediction and Health Impact Analysis project\air-quality-prediction\backend\utils\model_loader.py:515: 
PerformanceWarning: DataFrame is highly fragmented.  This is usually the result of calling `frame.insert` many times, which has poor performance.  
Consider joining all columns at once using pd.concat(axis=1) instead. To get a de-fragmented frame, use `newframe = frame.copy()`
  input_df[f'{col}_rolling_max_{window}'] = 0.0
C:\Users\USER\Documents\Air Quality Prediction and Health Impact Analysis project\air-quality-prediction\backend\utils\model_loader.py:513: 
PerformanceWarning: DataFrame is highly fragmented.  This is usually the result of calling `frame.insert` many times, which has poor performance.  
Consider joining all columns at once using pd.concat(axis=1) instead. To get a de-fragmented frame, use `newframe = frame.copy()`
  input_df[f'{col}_rolling_mean_{window}'] = 0.0
C:\Users\USER\Documents\Air Quality Prediction and Health Impact Analysis project\air-quality-prediction\backend\utils\model_loader.py:514: 
PerformanceWarning: DataFrame is highly fragmented.  This is usually the result of calling `frame.insert` many times, which has poor performance.  
Consider joining all columns at once using pd.concat(axis=1) instead. To get a de-fragmented frame, use `newframe = frame.copy()`
  input_df[f'{col}_rolling_std_{window}'] = 0.0
C:\Users\USER\Documents\Air Quality Prediction and Health Impact Analysis project\air-quality-prediction\backend\utils\model_loader.py:515: 
PerformanceWarning: DataFrame is highly fragmented.  This is usually the result of calling `frame.insert` many times, which has poor performance.  
Consider joining all columns at once using pd.concat(axis=1) instead. To get a de-fragmented frame, use `newframe = frame.copy()`
  input_df[f'{col}_rolling_max_{window}'] = 0.0
No historical data provided. Lag and rolling features will be zero-filled.
C:\Users\USER\Documents\Air Quality Prediction and Health Impact Analysis project\air-quality-prediction\backend\utils\model_loader.py:511: 
PerformanceWarning: DataFrame is highly fragmented.  This is usually the result of calling `frame.insert` many times, which has poor performance.  
Consider joining all columns at once using pd.concat(axis=1) instead. To get a de-fragmented frame, use `newframe = frame.copy()`
  input_df[f'{col}_lag_{lag}'] = 0.0
C:\Users\USER\Documents\Air Quality Prediction and Health Impact Analysis project\air-quality-prediction\backend\utils\model_loader.py:511: 
PerformanceWarning: DataFrame is highly fragmented.  This is usually the result of calling `frame.insert` many times, which has poor performance.  
Consider joining all columns at once using pd.concat(axis=1) instead. To get a de-fragmented frame, use `newframe = frame.copy()`
  input_df[f'{col}_lag_{lag}'] = 0.0
C:\Users\USER\Documents\Air Quality Prediction and Health Impact Analysis project\air-quality-prediction\backend\utils\model_loader.py:511: 
PerformanceWarning: DataFrame is highly fragmented.  This is usually the result of calling `frame.insert` many times, which has poor performance.  
Consider joining all columns at once using pd.concat(axis=1) instead. To get a de-fragmented frame, use `newframe = frame.copy()`
  input_df[f'{col}_lag_{lag}'] = 0.0
C:\Users\USER\Documents\Air Quality Prediction and Health Impact Analysis project\air-quality-prediction\backend\utils\model_loader.py:511: 
PerformanceWarning: DataFrame is highly fragmented.  This is usually the result of calling `frame.insert` many times, which has poor performance.  
Consider joining all columns at once using pd.concat(axis=1) instead. To get a de-fragmented frame, use `newframe = frame.copy()`
  input_df[f'{col}_lag_{lag}'] = 0.0
C:\Users\USER\Documents\Air Quality Prediction and Health Impact Analysis project\air-quality-prediction\backend\utils\model_loader.py:511: 
PerformanceWarning: DataFrame is highly fragmented.  This is usually the result of calling `frame.insert` many times, which has poor performance.  
Consider joining all columns at once using pd.concat(axis=1) instead. To get a de-fragmented frame, use `newframe = frame.copy()`
  input_df[f'{col}_lag_{lag}'] = 0.0
C:\Users\USER\Documents\Air Quality Prediction and Health Impact Analysis project\air-quality-prediction\backend\utils\model_loader.py:513: 
PerformanceWarning: DataFrame is highly fragmented.  This is usually the result of calling `frame.insert` many times, which has poor performance.  
Consider joining all columns at once using pd.concat(axis=1) instead. To get a de-fragmented frame, use `newframe = frame.copy()`
  input_df[f'{col}_rolling_mean_{window}'] = 0.0
C:\Users\USER\Documents\Air Quality Prediction and Health Impact Analysis project\air-quality-prediction\backend\utils\model_loader.py:514: 
PerformanceWarning: DataFrame is highly fragmented.  This is usually the result of calling `frame.insert` many times, which has poor performance.  
Consider joining all columns at once using pd.concat(axis=1) instead. To get a de-fragmented frame, use `newframe = frame.copy()`
  input_df[f'{col}_rolling_std_{window}'] = 0.0
C:\Users\USER\Documents\Air Quality Prediction and Health Impact Analysis project\air-quality-prediction\backend\utils\model_loader.py:515: 
PerformanceWarning: DataFrame is highly fragmented.  This is usually the result of calling `frame.insert` many times, which has poor performance.  
Consider joining all columns at once using pd.concat(axis=1) instead. To get a de-fragmented frame, use `newframe = frame.copy()`
  input_df[f'{col}_rolling_max_{window}'] = 0.0
C:\Users\USER\Documents\Air Quality Prediction and Health Impact Analysis project\air-quality-prediction\backend\utils\model_loader.py:513: 
PerformanceWarning: DataFrame is highly fragmented.  This is usually the result of calling `frame.insert` many times, which has poor performance.  
Consider joining all columns at once using pd.concat(axis=1) instead. To get a de-fragmented frame, use `newframe = frame.copy()`
  input_df[f'{col}_rolling_mean_{window}'] = 0.0
C:\Users\USER\Documents\Air Quality Prediction and Health Impact Analysis project\air-quality-prediction\backend\utils\model_loader.py:514: 
PerformanceWarning: DataFrame is highly fragmented.  This is usually the result of calling `frame.insert` many times, which has poor performance.  
Consider joining all columns at once using pd.concat(axis=1) instead. To get a de-fragmented frame, use `newframe = frame.copy()`
  input_df[f'{col}_rolling_std_{window}'] = 0.0
C:\Users\USER\Documents\Air Quality Prediction and Health Impact Analysis project\air-quality-prediction\backend\utils\model_loader.py:515: 
PerformanceWarning: DataFrame is highly fragmented.  This is usually the result of calling `frame.insert` many times, which has poor performance.  
Consider joining all columns at once using pd.concat(axis=1) instead. To get a de-fragmented frame, use `newframe = frame.copy()`
  input_df[f'{col}_rolling_max_{window}'] = 0.0
C:\Users\USER\Documents\Air Quality Prediction and Health Impact Analysis project\air-quality-prediction\backend\utils\model_loader.py:513: 
PerformanceWarning: DataFrame is highly fragmented.  This is usually the result of calling `frame.insert` many times, which has poor performance.  
Consider joining all columns at once using pd.concat(axis=1) instead. To get a de-fragmented frame, use `newframe = frame.copy()`
  input_df[f'{col}_rolling_mean_{window}'] = 0.0
C:\Users\USER\Documents\Air Quality Prediction and Health Impact Analysis project\air-quality-prediction\backend\utils\model_loader.py:514: 
PerformanceWarning: DataFrame is highly fragmented.  This is usually the result of calling `frame.insert` many times, which has poor performance.  
Consider joining all columns at once using pd.concat(axis=1) instead. To get a de-fragmented frame, use `newframe = frame.copy()`
  input_df[f'{col}_rolling_std_{window}'] = 0.0
C:\Users\USER\Documents\Air Quality Prediction and Health Impact Analysis project\air-quality-prediction\backend\utils\model_loader.py:515: 
PerformanceWarning: DataFrame is highly fragmented.  This is usually the result of calling `frame.insert` many times, which has poor performance.  
Consider joining all columns at once using pd.concat(axis=1) instead. To get a de-fragmented frame, use `newframe = frame.copy()`
  input_df[f'{col}_rolling_max_{window}'] = 0.0
C:\Users\USER\Documents\Air Quality Prediction and Health Impact Analysis project\air-quality-prediction\backend\utils\model_loader.py:511: 
PerformanceWarning: DataFrame is highly fragmented.  This is usually the result of calling `frame.insert` many times, which has poor performance.  
Consider joining all columns at once using pd.concat(axis=1) instead. To get a de-fragmented frame, use `newframe = frame.copy()`
  input_df[f'{col}_lag_{lag}'] = 0.0
C:\Users\USER\Documents\Air Quality Prediction and Health Impact Analysis project\air-quality-prediction\backend\utils\model_loader.py:511: 
PerformanceWarning: DataFrame is highly fragmented.  This is usually the result of calling `frame.insert` many times, which has poor performance.  
Consider joining all columns at once using pd.concat(axis=1) instead. To get a de-fragmented frame, use `newframe = frame.copy()`
  input_df[f'{col}_lag_{lag}'] = 0.0
C:\Users\USER\Documents\Air Quality Prediction and Health Impact Analysis project\air-quality-prediction\backend\utils\model_loader.py:511: 
PerformanceWarning: DataFrame is highly fragmented.  This is usually the result of calling `frame.insert` many times, which has poor performance.  
Consider joining all columns at once using pd.concat(axis=1) instead. To get a de-fragmented frame, use `newframe = frame.copy()`
  input_df[f'{col}_lag_{lag}'] = 0.0
C:\Users\USER\Documents\Air Quality Prediction and Health Impact Analysis project\air-quality-prediction\backend\utils\model_loader.py:511: 
PerformanceWarning: DataFrame is highly fragmented.  This is usually the result of calling `frame.insert` many times, which has poor performance.  
Consider joining all columns at once using pd.concat(axis=1) instead. To get a de-fragmented frame, use `newframe = frame.copy()`
  input_df[f'{col}_lag_{lag}'] = 0.0
C:\Users\USER\Documents\Air Quality Prediction and Health Impact Analysis project\air-quality-prediction\backend\utils\model_loader.py:511: 
PerformanceWarning: DataFrame is highly fragmented.  This is usually the result of calling `frame.insert` many times, which has poor performance.  
Consider joining all columns at once using pd.concat(axis=1) instead. To get a de-fragmented frame, use `newframe = frame.copy()`
  input_df[f'{col}_lag_{lag}'] = 0.0
C:\Users\USER\Documents\Air Quality Prediction and Health Impact Analysis project\air-quality-prediction\backend\utils\model_loader.py:511: 
PerformanceWarning: DataFrame is highly fragmented.  This is usually the result of calling `frame.insert` many times, which has poor performance.  
Consider joining all columns at once using pd.concat(axis=1) instead. To get a de-fragmented frame, use `newframe = frame.copy()`
  input_df[f'{col}_lag_{lag}'] = 0.0
C:\Users\USER\Documents\Air Quality Prediction and Health Impact Analysis project\air-quality-prediction\backend\utils\model_loader.py:513: 
PerformanceWarning: DataFrame is highly fragmented.  This is usually the result of calling `frame.insert` many times, which has poor performance.  
Consider joining all columns at once using pd.concat(axis=1) instead. To get a de-fragmented frame, use `newframe = frame.copy()`
  input_df[f'{col}_rolling_mean_{window}'] = 0.0
C:\Users\USER\Documents\Air Quality Prediction and Health Impact Analysis project\air-quality-prediction\backend\utils\model_loader.py:514: 
PerformanceWarning: DataFrame is highly fragmented.  This is usually the result of calling `frame.insert` many times, which has poor performance.  
Consider joining all columns at once using pd.concat(axis=1) instead. To get a de-fragmented frame, use `newframe = frame.copy()`
  input_df[f'{col}_rolling_std_{window}'] = 0.0
C:\Users\USER\Documents\Air Quality Prediction and Health Impact Analysis project\air-quality-prediction\backend\utils\model_loader.py:515: 
PerformanceWarning: DataFrame is highly fragmented.  This is usually the result of calling `frame.insert` many times, which has poor performance.  
Consider joining all columns at once using pd.concat(axis=1) instead. To get a de-fragmented frame, use `newframe = frame.copy()`
  input_df[f'{col}_rolling_max_{window}'] = 0.0
C:\Users\USER\Documents\Air Quality Prediction and Health Impact Analysis project\air-quality-prediction\backend\utils\model_loader.py:513: 
PerformanceWarning: DataFrame is highly fragmented.  This is usually the result of calling `frame.insert` many times, which has poor performance.  
Consider joining all columns at once using pd.concat(axis=1) instead. To get a de-fragmented frame, use `newframe = frame.copy()`
  input_df[f'{col}_rolling_mean_{window}'] = 0.0
C:\Users\USER\Documents\Air Quality Prediction and Health Impact Analysis project\air-quality-prediction\backend\utils\model_loader.py:514: 
PerformanceWarning: DataFrame is highly fragmented.  This is usually the result of calling `frame.insert` many times, which has poor performance.  
Consider joining all columns at once using pd.concat(axis=1) instead. To get a de-fragmented frame, use `newframe = frame.copy()`
  input_df[f'{col}_rolling_std_{window}'] = 0.0
C:\Users\USER\Documents\Air Quality Prediction and Health Impact Analysis project\air-quality-prediction\backend\utils\model_loader.py:515: 
PerformanceWarning: DataFrame is highly fragmented.  This is usually the result of calling `frame.insert` many times, which has poor performance.  
Consider joining all columns at once using pd.concat(axis=1) instead. To get a de-fragmented frame, use `newframe = frame.copy()`
  input_df[f'{col}_rolling_max_{window}'] = 0.0
C:\Users\USER\Documents\Air Quality Prediction and Health Impact Analysis project\air-quality-prediction\backend\utils\model_loader.py:513: 
PerformanceWarning: DataFrame is highly fragmented.  This is usually the result of calling `frame.insert` many times, which has poor performance.  
Consider joining all columns at once using pd.concat(axis=1) instead. To get a de-fragmented frame, use `newframe = frame.copy()`
  input_df[f'{col}_rolling_mean_{window}'] = 0.0
C:\Users\USER\Documents\Air Quality Prediction and Health Impact Analysis project\air-quality-prediction\backend\utils\model_loader.py:514: 
PerformanceWarning: DataFrame is highly fragmented.  This is usually the result of calling `frame.insert` many times, which has poor performance.  
Consider joining all columns at once using pd.concat(axis=1) instead. To get a de-fragmented frame, use `newframe = frame.copy()`
  input_df[f'{col}_rolling_std_{window}'] = 0.0
C:\Users\USER\Documents\Air Quality Prediction and Health Impact Analysis project\air-quality-prediction\backend\utils\model_loader.py:515: 
PerformanceWarning: DataFrame is highly fragmented.  This is usually the result of calling `frame.insert` many times, which has poor performance.  
Consider joining all columns at once using pd.concat(axis=1) instead. To get a de-fragmented frame, use `newframe = frame.copy()`
  input_df[f'{col}_rolling_max_{window}'] = 0.0
C:\Users\USER\Documents\Air Quality Prediction and Health Impact Analysis project\air-quality-prediction\backend\utils\model_loader.py:511: 
PerformanceWarning: DataFrame is highly fragmented.  This is usually the result of calling `frame.insert` many times, which has poor performance.  
Consider joining all columns at once using pd.concat(axis=1) instead. To get a de-fragmented frame, use `newframe = frame.copy()`
  input_df[f'{col}_lag_{lag}'] = 0.0
C:\Users\USER\Documents\Air Quality Prediction and Health Impact Analysis project\air-quality-prediction\backend\utils\model_loader.py:511: 
PerformanceWarning: DataFrame is highly fragmented.  This is usually the result of calling `frame.insert` many times, which has poor performance.  
Consider joining all columns at once using pd.concat(axis=1) instead. To get a de-fragmented frame, use `newframe = frame.copy()`
  input_df[f'{col}_lag_{lag}'] = 0.0
C:\Users\USER\Documents\Air Quality Prediction and Health Impact Analysis project\air-quality-prediction\backend\utils\model_loader.py:511: 
PerformanceWarning: DataFrame is highly fragmented.  This is usually the result of calling `frame.insert` many times, which has poor performance.  
Consider joining all columns at once using pd.concat(axis=1) instead. To get a de-fragmented frame, use `newframe = frame.copy()`
  input_df[f'{col}_lag_{lag}'] = 0.0
C:\Users\USER\Documents\Air Quality Prediction and Health Impact Analysis project\air-quality-prediction\backend\utils\model_loader.py:511: 
PerformanceWarning: DataFrame is highly fragmented.  This is usually the result of calling `frame.insert` many times, which has poor performance.  
Consider joining all columns at once using pd.concat(axis=1) instead. To get a de-fragmented frame, use `newframe = frame.copy()`
  input_df[f'{col}_lag_{lag}'] = 0.0
C:\Users\USER\Documents\Air Quality Prediction and Health Impact Analysis project\air-quality-prediction\backend\utils\model_loader.py:511: 
PerformanceWarning: DataFrame is highly fragmented.  This is usually the result of calling `frame.insert` many times, which has poor performance.  
Consider joining all columns at once using pd.concat(axis=1) instead. To get a de-fragmented frame, use `newframe = frame.copy()`
  input_df[f'{col}_lag_{lag}'] = 0.0
C:\Users\USER\Documents\Air Quality Prediction and Health Impact Analysis project\air-quality-prediction\backend\utils\model_loader.py:511: 
PerformanceWarning: DataFrame is highly fragmented.  This is usually the result of calling `frame.insert` many times, which has poor performance.  
Consider joining all columns at once using pd.concat(axis=1) instead. To get a de-fragmented frame, use `newframe = frame.copy()`
  input_df[f'{col}_lag_{lag}'] = 0.0
C:\Users\USER\Documents\Air Quality Prediction and Health Impact Analysis project\air-quality-prediction\backend\utils\model_loader.py:513: 
PerformanceWarning: DataFrame is highly fragmented.  This is usually the result of calling `frame.insert` many times, which has poor performance.  
Consider joining all columns at once using pd.concat(axis=1) instead. To get a de-fragmented frame, use `newframe = frame.copy()`
  input_df[f'{col}_rolling_mean_{window}'] = 0.0
C:\Users\USER\Documents\Air Quality Prediction and Health Impact Analysis project\air-quality-prediction\backend\utils\model_loader.py:514: 
PerformanceWarning: DataFrame is highly fragmented.  This is usually the result of calling `frame.insert` many times, which has poor performance.  
Consider joining all columns at once using pd.concat(axis=1) instead. To get a de-fragmented frame, use `newframe = frame.copy()`
  input_df[f'{col}_rolling_std_{window}'] = 0.0
C:\Users\USER\Documents\Air Quality Prediction and Health Impact Analysis project\air-quality-prediction\backend\utils\model_loader.py:515: 
PerformanceWarning: DataFrame is highly fragmented.  This is usually the result of calling `frame.insert` many times, which has poor performance.  
Consider joining all columns at once using pd.concat(axis=1) instead. To get a de-fragmented frame, use `newframe = frame.copy()`
  input_df[f'{col}_rolling_max_{window}'] = 0.0
C:\Users\USER\Documents\Air Quality Prediction and Health Impact Analysis project\air-quality-prediction\backend\utils\model_loader.py:513: 
PerformanceWarning: DataFrame is highly fragmented.  This is usually the result of calling `frame.insert` many times, which has poor performance.  
Consider joining all columns at once using pd.concat(axis=1) instead. To get a de-fragmented frame, use `newframe = frame.copy()`
  input_df[f'{col}_rolling_mean_{window}'] = 0.0
C:\Users\USER\Documents\Air Quality Prediction and Health Impact Analysis project\air-quality-prediction\backend\utils\model_loader.py:514: 
PerformanceWarning: DataFrame is highly fragmented.  This is usually the result of calling `frame.insert` many times, which has poor performance.  
Consider joining all columns at once using pd.concat(axis=1) instead. To get a de-fragmented frame, use `newframe = frame.copy()`
  input_df[f'{col}_rolling_std_{window}'] = 0.0
C:\Users\USER\Documents\Air Quality Prediction and Health Impact Analysis project\air-quality-prediction\backend\utils\model_loader.py:515: 
PerformanceWarning: DataFrame is highly fragmented.  This is usually the result of calling `frame.insert` many times, which has poor performance.  
Consider joining all columns at once using pd.concat(axis=1) instead. To get a de-fragmented frame, use `newframe = frame.copy()`
  input_df[f'{col}_rolling_max_{window}'] = 0.0
C:\Users\USER\Documents\Air Quality Prediction and Health Impact Analysis project\air-quality-prediction\backend\utils\model_loader.py:513: 
PerformanceWarning: DataFrame is highly fragmented.  This is usually the result of calling `frame.insert` many times, which has poor performance.  
Consider joining all columns at once using pd.concat(axis=1) instead. To get a de-fragmented frame, use `newframe = frame.copy()`
  input_df[f'{col}_rolling_mean_{window}'] = 0.0
C:\Users\USER\Documents\Air Quality Prediction and Health Impact Analysis project\air-quality-prediction\backend\utils\model_loader.py:514: 
PerformanceWarning: DataFrame is highly fragmented.  This is usually the result of calling `frame.insert` many times, which has poor performance.  
Consider joining all columns at once using pd.concat(axis=1) instead. To get a de-fragmented frame, use `newframe = frame.copy()`
  input_df[f'{col}_rolling_std_{window}'] = 0.0
C:\Users\USER\Documents\Air Quality Prediction and Health Impact Analysis project\air-quality-prediction\backend\utils\model_loader.py:515: 
PerformanceWarning: DataFrame is highly fragmented.  This is usually the result of calling `frame.insert` many times, which has poor performance.  
Consider joining all columns at once using pd.concat(axis=1) instead. To get a de-fragmented frame, use `newframe = frame.copy()`
  input_df[f'{col}_rolling_max_{window}'] = 0.0
No historical data provided. Lag and rolling features will be zero-filled.
C:\Users\USER\Documents\Air Quality Prediction and Health Impact Analysis project\air-quality-prediction\backend\utils\model_loader.py:511: 
PerformanceWarning: DataFrame is highly fragmented.  This is usually the result of calling `frame.insert` many times, which has poor performance.  
Consider joining all columns at once using pd.concat(axis=1) instead. To get a de-fragmented frame, use `newframe = frame.copy()`
  input_df[f'{col}_lag_{lag}'] = 0.0
C:\Users\USER\Documents\Air Quality Prediction and Health Impact Analysis project\air-quality-prediction\backend\utils\model_loader.py:511: 
PerformanceWarning: DataFrame is highly fragmented.  This is usually the result of calling `frame.insert` many times, which has poor performance.  
Consider joining all columns at once using pd.concat(axis=1) instead. To get a de-fragmented frame, use `newframe = frame.copy()`
  input_df[f'{col}_lag_{lag}'] = 0.0
C:\Users\USER\Documents\Air Quality Prediction and Health Impact Analysis project\air-quality-prediction\backend\utils\model_loader.py:511: 
PerformanceWarning: DataFrame is highly fragmented.  This is usually the result of calling `frame.insert` many times, which has poor performance.  
Consider joining all columns at once using pd.concat(axis=1) instead. To get a de-fragmented frame, use `newframe = frame.copy()`
  input_df[f'{col}_lag_{lag}'] = 0.0
C:\Users\USER\Documents\Air Quality Prediction and Health Impact Analysis project\air-quality-prediction\backend\utils\model_loader.py:511: 
PerformanceWarning: DataFrame is highly fragmented.  This is usually the result of calling `frame.insert` many times, which has poor performance.  
Consider joining all columns at once using pd.concat(axis=1) instead. To get a de-fragmented frame, use `newframe = frame.copy()`
  input_df[f'{col}_lag_{lag}'] = 0.0
C:\Users\USER\Documents\Air Quality Prediction and Health Impact Analysis project\air-quality-prediction\backend\utils\model_loader.py:511: 
PerformanceWarning: DataFrame is highly fragmented.  This is usually the result of calling `frame.insert` many times, which has poor performance.  
Consider joining all columns at once using pd.concat(axis=1) instead. To get a de-fragmented frame, use `newframe = frame.copy()`
  input_df[f'{col}_lag_{lag}'] = 0.0
C:\Users\USER\Documents\Air Quality Prediction and Health Impact Analysis project\air-quality-prediction\backend\utils\model_loader.py:513: 
PerformanceWarning: DataFrame is highly fragmented.  This is usually the result of calling `frame.insert` many times, which has poor performance.  
Consider joining all columns at once using pd.concat(axis=1) instead. To get a de-fragmented frame, use `newframe = frame.copy()`
  input_df[f'{col}_rolling_mean_{window}'] = 0.0
C:\Users\USER\Documents\Air Quality Prediction and Health Impact Analysis project\air-quality-prediction\backend\utils\model_loader.py:514: 
PerformanceWarning: DataFrame is highly fragmented.  This is usually the result of calling `frame.insert` many times, which has poor performance.  
Consider joining all columns at once using pd.concat(axis=1) instead. To get a de-fragmented frame, use `newframe = frame.copy()`
  input_df[f'{col}_rolling_std_{window}'] = 0.0
C:\Users\USER\Documents\Air Quality Prediction and Health Impact Analysis project\air-quality-prediction\backend\utils\model_loader.py:515: 
PerformanceWarning: DataFrame is highly fragmented.  This is usually the result of calling `frame.insert` many times, which has poor performance.  
Consider joining all columns at once using pd.concat(axis=1) instead. To get a de-fragmented frame, use `newframe = frame.copy()`
  input_df[f'{col}_rolling_max_{window}'] = 0.0
C:\Users\USER\Documents\Air Quality Prediction and Health Impact Analysis project\air-quality-prediction\backend\utils\model_loader.py:513: 
PerformanceWarning: DataFrame is highly fragmented.  This is usually the result of calling `frame.insert` many times, which has poor performance.  
Consider joining all columns at once using pd.concat(axis=1) instead. To get a de-fragmented frame, use `newframe = frame.copy()`
  input_df[f'{col}_rolling_mean_{window}'] = 0.0
C:\Users\USER\Documents\Air Quality Prediction and Health Impact Analysis project\air-quality-prediction\backend\utils\model_loader.py:514: 
PerformanceWarning: DataFrame is highly fragmented.  This is usually the result of calling `frame.insert` many times, which has poor performance.  
Consider joining all columns at once using pd.concat(axis=1) instead. To get a de-fragmented frame, use `newframe = frame.copy()`
  input_df[f'{col}_rolling_std_{window}'] = 0.0
C:\Users\USER\Documents\Air Quality Prediction and Health Impact Analysis project\air-quality-prediction\backend\utils\model_loader.py:515: 
PerformanceWarning: DataFrame is highly fragmented.  This is usually the result of calling `frame.insert` many times, which has poor performance.  
Consider joining all columns at once using pd.concat(axis=1) instead. To get a de-fragmented frame, use `newframe = frame.copy()`
  input_df[f'{col}_rolling_max_{window}'] = 0.0
C:\Users\USER\Documents\Air Quality Prediction and Health Impact Analysis project\air-quality-prediction\backend\utils\model_loader.py:513: 
PerformanceWarning: DataFrame is highly fragmented.  This is usually the result of calling `frame.insert` many times, which has poor performance.  
Consider joining all columns at once using pd.concat(axis=1) instead. To get a de-fragmented frame, use `newframe = frame.copy()`
  input_df[f'{col}_rolling_mean_{window}'] = 0.0
C:\Users\USER\Documents\Air Quality Prediction and Health Impact Analysis project\air-quality-prediction\backend\utils\model_loader.py:514: 
PerformanceWarning: DataFrame is highly fragmented.  This is usually the result of calling `frame.insert` many times, which has poor performance.  
Consider joining all columns at once using pd.concat(axis=1) instead. To get a de-fragmented frame, use `newframe = frame.copy()`
  input_df[f'{col}_rolling_std_{window}'] = 0.0
C:\Users\USER\Documents\Air Quality Prediction and Health Impact Analysis project\air-quality-prediction\backend\utils\model_loader.py:515: 
PerformanceWarning: DataFrame is highly fragmented.  This is usually the result of calling `frame.insert` many times, which has poor performance.  
Consider joining all columns at once using pd.concat(axis=1) instead. To get a de-fragmented frame, use `newframe = frame.copy()`
  input_df[f'{col}_rolling_max_{window}'] = 0.0
C:\Users\USER\Documents\Air Quality Prediction and Health Impact Analysis project\air-quality-prediction\backend\utils\model_loader.py:511: 
PerformanceWarning: DataFrame is highly fragmented.  This is usually the result of calling `frame.insert` many times, which has poor performance.  
Consider joining all columns at once using pd.concat(axis=1) instead. To get a de-fragmented frame, use `newframe = frame.copy()`
  input_df[f'{col}_lag_{lag}'] = 0.0
C:\Users\USER\Documents\Air Quality Prediction and Health Impact Analysis project\air-quality-prediction\backend\utils\model_loader.py:511: 
PerformanceWarning: DataFrame is highly fragmented.  This is usually the result of calling `frame.insert` many times, which has poor performance.  
Consider joining all columns at once using pd.concat(axis=1) instead. To get a de-fragmented frame, use `newframe = frame.copy()`
  input_df[f'{col}_lag_{lag}'] = 0.0
C:\Users\USER\Documents\Air Quality Prediction and Health Impact Analysis project\air-quality-prediction\backend\utils\model_loader.py:511: 
PerformanceWarning: DataFrame is highly fragmented.  This is usually the result of calling `frame.insert` many times, which has poor performance.  
Consider joining all columns at once using pd.concat(axis=1) instead. To get a de-fragmented frame, use `newframe = frame.copy()`
  input_df[f'{col}_lag_{lag}'] = 0.0
C:\Users\USER\Documents\Air Quality Prediction and Health Impact Analysis project\air-quality-prediction\backend\utils\model_loader.py:511: 
PerformanceWarning: DataFrame is highly fragmented.  This is usually the result of calling `frame.insert` many times, which has poor performance.  
Consider joining all columns at once using pd.concat(axis=1) instead. To get a de-fragmented frame, use `newframe = frame.copy()`
  input_df[f'{col}_lag_{lag}'] = 0.0
C:\Users\USER\Documents\Air Quality Prediction and Health Impact Analysis project\air-quality-prediction\backend\utils\model_loader.py:511: 
PerformanceWarning: DataFrame is highly fragmented.  This is usually the result of calling `frame.insert` many times, which has poor performance.  
Consider joining all columns at once using pd.concat(axis=1) instead. To get a de-fragmented frame, use `newframe = frame.copy()`
  input_df[f'{col}_lag_{lag}'] = 0.0
C:\Users\USER\Documents\Air Quality Prediction and Health Impact Analysis project\air-quality-prediction\backend\utils\model_loader.py:511: 
PerformanceWarning: DataFrame is highly fragmented.  This is usually the result of calling `frame.insert` many times, which has poor performance.  
Consider joining all columns at once using pd.concat(axis=1) instead. To get a de-fragmented frame, use `newframe = frame.copy()`
  input_df[f'{col}_lag_{lag}'] = 0.0
C:\Users\USER\Documents\Air Quality Prediction and Health Impact Analysis project\air-quality-prediction\backend\utils\model_loader.py:513: 
PerformanceWarning: DataFrame is highly fragmented.  This is usually the result of calling `frame.insert` many times, which has poor performance.  
Consider joining all columns at once using pd.concat(axis=1) instead. To get a de-fragmented frame, use `newframe = frame.copy()`
  input_df[f'{col}_rolling_mean_{window}'] = 0.0
C:\Users\USER\Documents\Air Quality Prediction and Health Impact Analysis project\air-quality-prediction\backend\utils\model_loader.py:514: 
PerformanceWarning: DataFrame is highly fragmented.  This is usually the result of calling `frame.insert` many times, which has poor performance.  
Consider joining all columns at once using pd.concat(axis=1) instead. To get a de-fragmented frame, use `newframe = frame.copy()`
  input_df[f'{col}_rolling_std_{window}'] = 0.0
C:\Users\USER\Documents\Air Quality Prediction and Health Impact Analysis project\air-quality-prediction\backend\utils\model_loader.py:515: 
PerformanceWarning: DataFrame is highly fragmented.  This is usually the result of calling `frame.insert` many times, which has poor performance.  
Consider joining all columns at once using pd.concat(axis=1) instead. To get a de-fragmented frame, use `newframe = frame.copy()`
  input_df[f'{col}_rolling_max_{window}'] = 0.0
C:\Users\USER\Documents\Air Quality Prediction and Health Impact Analysis project\air-quality-prediction\backend\utils\model_loader.py:513: 
PerformanceWarning: DataFrame is highly fragmented.  This is usually the result of calling `frame.insert` many times, which has poor performance.  
Consider joining all columns at once using pd.concat(axis=1) instead. To get a de-fragmented frame, use `newframe = frame.copy()`
  input_df[f'{col}_rolling_mean_{window}'] = 0.0
C:\Users\USER\Documents\Air Quality Prediction and Health Impact Analysis project\air-quality-prediction\backend\utils\model_loader.py:514: 
PerformanceWarning: DataFrame is highly fragmented.  This is usually the result of calling `frame.insert` many times, which has poor performance.  
Consider joining all columns at once using pd.concat(axis=1) instead. To get a de-fragmented frame, use `newframe = frame.copy()`
  input_df[f'{col}_rolling_std_{window}'] = 0.0
C:\Users\USER\Documents\Air Quality Prediction and Health Impact Analysis project\air-quality-prediction\backend\utils\model_loader.py:515: 
PerformanceWarning: DataFrame is highly fragmented.  This is usually the result of calling `frame.insert` many times, which has poor performance.  
Consider joining all columns at once using pd.concat(axis=1) instead. To get a de-fragmented frame, use `newframe = frame.copy()`
  input_df[f'{col}_rolling_max_{window}'] = 0.0
C:\Users\USER\Documents\Air Quality Prediction and Health Impact Analysis project\air-quality-prediction\backend\utils\model_loader.py:513: 
PerformanceWarning: DataFrame is highly fragmented.  This is usually the result of calling `frame.insert` many times, which has poor performance.  
Consider joining all columns at once using pd.concat(axis=1) instead. To get a de-fragmented frame, use `newframe = frame.copy()`
  input_df[f'{col}_rolling_mean_{window}'] = 0.0
C:\Users\USER\Documents\Air Quality Prediction and Health Impact Analysis project\air-quality-prediction\backend\utils\model_loader.py:514: 
PerformanceWarning: DataFrame is highly fragmented.  This is usually the result of calling `frame.insert` many times, which has poor performance.  
Consider joining all columns at once using pd.concat(axis=1) instead. To get a de-fragmented frame, use `newframe = frame.copy()`
  input_df[f'{col}_rolling_std_{window}'] = 0.0
C:\Users\USER\Documents\Air Quality Prediction and Health Impact Analysis project\air-quality-prediction\backend\utils\model_loader.py:515: 
PerformanceWarning: DataFrame is highly fragmented.  This is usually the result of calling `frame.insert` many times, which has poor performance.  
Consider joining all columns at once using pd.concat(axis=1) instead. To get a de-fragmented frame, use `newframe = frame.copy()`
  input_df[f'{col}_rolling_max_{window}'] = 0.0
C:\Users\USER\Documents\Air Quality Prediction and Health Impact Analysis project\air-quality-prediction\backend\utils\model_loader.py:511: 
PerformanceWarning: DataFrame is highly fragmented.  This is usually the result of calling `frame.insert` many times, which has poor performance.  
Consider joining all columns at once using pd.concat(axis=1) instead. To get a de-fragmented frame, use `newframe = frame.copy()`
  input_df[f'{col}_lag_{lag}'] = 0.0
C:\Users\USER\Documents\Air Quality Prediction and Health Impact Analysis project\air-quality-prediction\backend\utils\model_loader.py:511: 
PerformanceWarning: DataFrame is highly fragmented.  This is usually the result of calling `frame.insert` many times, which has poor performance.  
Consider joining all columns at once using pd.concat(axis=1) instead. To get a de-fragmented frame, use `newframe = frame.copy()`
  input_df[f'{col}_lag_{lag}'] = 0.0
C:\Users\USER\Documents\Air Quality Prediction and Health Impact Analysis project\air-quality-prediction\backend\utils\model_loader.py:511: 
PerformanceWarning: DataFrame is highly fragmented.  This is usually the result of calling `frame.insert` many times, which has poor performance.  
Consider joining all columns at once using pd.concat(axis=1) instead. To get a de-fragmented frame, use `newframe = frame.copy()`
  input_df[f'{col}_lag_{lag}'] = 0.0
C:\Users\USER\Documents\Air Quality Prediction and Health Impact Analysis project\air-quality-prediction\backend\utils\model_loader.py:511: 
PerformanceWarning: DataFrame is highly fragmented.  This is usually the result of calling `frame.insert` many times, which has poor performance.  
Consider joining all columns at once using pd.concat(axis=1) instead. To get a de-fragmented frame, use `newframe = frame.copy()`
  input_df[f'{col}_lag_{lag}'] = 0.0
C:\Users\USER\Documents\Air Quality Prediction and Health Impact Analysis project\air-quality-prediction\backend\utils\model_loader.py:511: 
PerformanceWarning: DataFrame is highly fragmented.  This is usually the result of calling `frame.insert` many times, which has poor performance.  
Consider joining all columns at once using pd.concat(axis=1) instead. To get a de-fragmented frame, use `newframe = frame.copy()`
  input_df[f'{col}_lag_{lag}'] = 0.0
C:\Users\USER\Documents\Air Quality Prediction and Health Impact Analysis project\air-quality-prediction\backend\utils\model_loader.py:511: 
PerformanceWarning: DataFrame is highly fragmented.  This is usually the result of calling `frame.insert` many times, which has poor performance.  
Consider joining all columns at once using pd.concat(axis=1) instead. To get a de-fragmented frame, use `newframe = frame.copy()`
  input_df[f'{col}_lag_{lag}'] = 0.0
C:\Users\USER\Documents\Air Quality Prediction and Health Impact Analysis project\air-quality-prediction\backend\utils\model_loader.py:513: 
PerformanceWarning: DataFrame is highly fragmented.  This is usually the result of calling `frame.insert` many times, which has poor performance.  
Consider joining all columns at once using pd.concat(axis=1) instead. To get a de-fragmented frame, use `newframe = frame.copy()`
  input_df[f'{col}_rolling_mean_{window}'] = 0.0
C:\Users\USER\Documents\Air Quality Prediction and Health Impact Analysis project\air-quality-prediction\backend\utils\model_loader.py:514: 
PerformanceWarning: DataFrame is highly fragmented.  This is usually the result of calling `frame.insert` many times, which has poor performance.  
Consider joining all columns at once using pd.concat(axis=1) instead. To get a de-fragmented frame, use `newframe = frame.copy()`
  input_df[f'{col}_rolling_std_{window}'] = 0.0
C:\Users\USER\Documents\Air Quality Prediction and Health Impact Analysis project\air-quality-prediction\backend\utils\model_loader.py:515: 
PerformanceWarning: DataFrame is highly fragmented.  This is usually the result of calling `frame.insert` many times, which has poor performance.  
Consider joining all columns at once using pd.concat(axis=1) instead. To get a de-fragmented frame, use `newframe = frame.copy()`
  input_df[f'{col}_rolling_max_{window}'] = 0.0
C:\Users\USER\Documents\Air Quality Prediction and Health Impact Analysis project\air-quality-prediction\backend\utils\model_loader.py:513: 
PerformanceWarning: DataFrame is highly fragmented.  This is usually the result of calling `frame.insert` many times, which has poor performance.  
Consider joining all columns at once using pd.concat(axis=1) instead. To get a de-fragmented frame, use `newframe = frame.copy()`
  input_df[f'{col}_rolling_mean_{window}'] = 0.0
C:\Users\USER\Documents\Air Quality Prediction and Health Impact Analysis project\air-quality-prediction\backend\utils\model_loader.py:514: 
PerformanceWarning: DataFrame is highly fragmented.  This is usually the result of calling `frame.insert` many times, which has poor performance.  
Consider joining all columns at once using pd.concat(axis=1) instead. To get a de-fragmented frame, use `newframe = frame.copy()`
  input_df[f'{col}_rolling_std_{window}'] = 0.0
C:\Users\USER\Documents\Air Quality Prediction and Health Impact Analysis project\air-quality-prediction\backend\utils\model_loader.py:515: 
PerformanceWarning: DataFrame is highly fragmented.  This is usually the result of calling `frame.insert` many times, which has poor performance.  
Consider joining all columns at once using pd.concat(axis=1) instead. To get a de-fragmented frame, use `newframe = frame.copy()`
  input_df[f'{col}_rolling_max_{window}'] = 0.0
C:\Users\USER\Documents\Air Quality Prediction and Health Impact Analysis project\air-quality-prediction\backend\utils\model_loader.py:513: 
PerformanceWarning: DataFrame is highly fragmented.  This is usually the result of calling `frame.insert` many times, which has poor performance.  
Consider joining all columns at once using pd.concat(axis=1) instead. To get a de-fragmented frame, use `newframe = frame.copy()`
  input_df[f'{col}_rolling_mean_{window}'] = 0.0
C:\Users\USER\Documents\Air Quality Prediction and Health Impact Analysis project\air-quality-prediction\backend\utils\model_loader.py:514: 
PerformanceWarning: DataFrame is highly fragmented.  This is usually the result of calling `frame.insert` many times, which has poor performance.  
Consider joining all columns at once using pd.concat(axis=1) instead. To get a de-fragmented frame, use `newframe = frame.copy()`
  input_df[f'{col}_rolling_std_{window}'] = 0.0
C:\Users\USER\Documents\Air Quality Prediction and Health Impact Analysis project\air-quality-prediction\backend\utils\model_loader.py:515: 
PerformanceWarning: DataFrame is highly fragmented.  This is usually the result of calling `frame.insert` many times, which has poor performance.  
Consider joining all columns at once using pd.concat(axis=1) instead. To get a de-fragmented frame, use `newframe = frame.copy()`
  input_df[f'{col}_rolling_max_{window}'] = 0.0

                     ≡ƒº¬ MODEL LOADER TEST SUITE ≡ƒº¬                      

======================================================================
  PRODUCTION MODEL LOADER TEST SUITE
======================================================================
Γä╣∩╕Å  Testing real predictions with actual data
Γä╣∩╕Å  NO dummy data or placeholders used

======================================================================
  TEST 1: Model Initialization
======================================================================
Γä╣∩╕Å  Getting model loader instance...
Γ£à Model loader instance created
Γä╣∩╕Å  Loading all models and artifacts...
Γ£à All models loaded successfully

======================================================================
  TEST 2: Model Status Check
======================================================================
Γä╣∩╕Å  Models ready: True
Γä╣∩╕Å  Models loaded: 1
Γä╣∩╕Å  Available models: ['ensemble']
Γä╣∩╕Å  Features loaded: True
Γä╣∩╕Å  Feature count: 173
Γ£à Model status verified

======================================================================
  TEST 3: Single Prediction (London)
======================================================================
Γä╣∩╕Å  Input data: {
  "City": "London",
  "Country": "UK",
  "Date": "2024-01-15",
  "PM10": 65.2,
  "NO2": 28.5,
  "SO2": 12.3,
  "CO": 1.8,
  "O3": 48.5,
  "Temperature": 4.2,
  "Humidity": 78.5,
  "Wind Speed": 7.8
}
Γä╣∩╕Å  Making prediction...
Γ¥î Prediction failed: Failed to get predictions from base models

======================================================================
  TEST 4: Multiple Predictions (4 Cities)
======================================================================
Γä╣∩╕Å  Predicting for London...
Γ¥î   Prediction failed: Failed to get predictions from base models
Γä╣∩╕Å  Predicting for Paris...
Γ¥î   Prediction failed: Failed to get predictions from base models
Γä╣∩╕Å  Predicting for New York...
Γ¥î   Prediction failed: Failed to get predictions from base models
Γä╣∩╕Å  Predicting for Tokyo...
Γ¥î   Prediction failed: Failed to get predictions from base models
Γ¥î Only 0/4 predictions succeeded

======================================================================
  TEST 5: Error Handling (Invalid Data)
======================================================================
Γä╣∩╕Å  Test 5a: Missing required field (City)
Γ£à Correctly caught error: Missing required fields: ['City']
Γä╣∩╕Å  Test 5b: Invalid date format
Γ£à Correctly caught date error: Failed to get predictions from base models
Γä╣∩╕Å  Test 5c: Out of range values (negative humidity)
Γä╣∩╕Å  Rejected out-of-range: Failed to get predictions from base models
Γ£à Error handling tests completed

======================================================================
  TEST 6: High Pollution Scenario (Delhi)
======================================================================
Γä╣∩╕Å  Delhi air quality data (high pollution):
Γä╣∩╕Å    PM10: 185.5 ┬╡g/m┬│
Γä╣∩╕Å    NO2: 58.2 ┬╡g/m┬│
Γä╣∩╕Å    Temperature: 12.0┬░C
Γä╣∩╕Å    Humidity: 72.0%
Γ¥î Prediction failed: Failed to get predictions from base models

======================================================================
  TEST 7: Low Pollution Scenario (Clean Day)
======================================================================
Γä╣∩╕Å  Clean air scenario data:
Γä╣∩╕Å    PM10: 15.0 ┬╡g/m┬│
Γä╣∩╕Å    NO2: 8.0 ┬╡g/m┬│
Γä╣∩╕Å    High wind speed: 15.0 m/s
Γ¥î Prediction failed: Failed to get predictions from base models

======================================================================
  TEST 8: Prediction Consistency
======================================================================
Γä╣∩╕Å  Making first prediction...
Γ¥î First prediction failed: Failed to get predictions from base models

======================================================================
  FINAL RESULTS
======================================================================

Tests Passed: 3/8

Detailed Results:
  Γ£à PASS: Test 1 Initialization
  Γ£à PASS: Test 2 Status Check
  Γ¥î FAIL: Test 3 Single Prediction
  Γ¥î FAIL: Test 4 Multiple Predictions
  Γ£à PASS: Test 5 Error Handling
  Γ¥î FAIL: Test 6 High Pollution
  Γ¥î FAIL: Test 7 Low Pollution
  Γ¥î FAIL: Test 8 Consistency
Γ¥î 
Γ¥î 8 TESTS FAILED - Review errors above
